Archive member included to satisfy reference by file (symbol)

/opt/tools/arm-gnu-toolchain-15.3.rel1-x86_64-arm-none-eabi/bin/../lib/gcc/arm-none-eabi/15.3.1/thumb/v7e-m+fp/softfp/libgcc.a(_arm_muldf3.o)
                              /home/liudayi/gitProj/f407-proj/bootloader/User/app/upgrade/iap.o (__aeabi_dmul)
/opt/tools/arm-gnu-toolchain-15.3.rel1-x86_64-arm-none-eabi/bin/../lib/gcc/arm-none-eabi/15.3.1/thumb/v7e-m+fp/softfp/libgcc.a(_arm_addsubdf3.o)
                              /home/liudayi/gitProj/f407-proj/bootloader/User/app/upgrade/iap.o (__aeabi_dadd)
/opt/tools/arm-gnu-toolchain-15.3.rel1-x86_64-arm-none-eabi/bin/../lib/gcc/arm-none-eabi/15.3.1/thumb/v7e-m+fp/softfp/libgcc.a(_arm_muldivdf3.o)
                              /home/liudayi/gitProj/f407-proj/bootloader/User/app/upgrade/iap.o (__aeabi_ddiv)
/opt/tools/arm-gnu-toolchain-15.3.rel1-x86_64-arm-none-eabi/bin/../lib/gcc/arm-none-eabi/15.3.1/thumb/v7e-m+fp/softfp/libgcc.a(_arm_fixunsdfsi.o)
                              /home/liudayi/gitProj/f407-proj/bootloader/User/app/upgrade/iap.o (__aeabi_d2uiz)
/opt/tools/arm-gnu-toolchain-15.3.rel1-x86_64-arm-none-eabi/bin/../lib/gcc/arm-none-eabi/15.3.1/../../../../arm-none-eabi/lib/thumb/v7e-m+fp/softfp/libc_nano.a(libc_a-atoi.o)
                              /home/liudayi/gitProj/f407-proj/bootloader/User/app/shell/cmd_src.o (atoi)
/opt/tools/arm-gnu-toolchain-15.3.rel1-x86_64-arm-none-eabi/bin/../lib/gcc/arm-none-eabi/15.3.1/../../../../arm-none-eabi/lib/thumb/v7e-m+fp/softfp/libc_nano.a(libc_a-exit.o)
                              /opt/tools/arm-gnu-toolchain-15.3.rel1-x86_64-arm-none-eabi/bin/../lib/gcc/arm-none-eabi/15.3.1/../../../../arm-none-eabi/lib/thumb/v7e-m+fp/softfp/crt0.o (exit)
/opt/tools/arm-gnu-toolchain-15.3.rel1-x86_64-arm-none-eabi/bin/../lib/gcc/arm-none-eabi/15.3.1/../../../../arm-none-eabi/lib/thumb/v7e-m+fp/softfp/libc_nano.a(libc_a-malloc.o)
                              /home/liudayi/gitProj/f407-proj/bootloader/User/app/main.o (malloc)
/opt/tools/arm-gnu-toolchain-15.3.rel1-x86_64-arm-none-eabi/bin/../lib/gcc/arm-none-eabi/15.3.1/../../../../arm-none-eabi/lib/thumb/v7e-m+fp/softfp/libc_nano.a(libc_a-mallocr.o)
                              /opt/tools/arm-gnu-toolchain-15.3.rel1-x86_64-arm-none-eabi/bin/../lib/gcc/arm-none-eabi/15.3.1/../../../../arm-none-eabi/lib/thumb/v7e-m+fp/softfp/libc_nano.a(libc_a-malloc.o) (_malloc_r)
/opt/tools/arm-gnu-toolchain-15.3.rel1-x86_64-arm-none-eabi/bin/../lib/gcc/arm-none-eabi/15.3.1/../../../../arm-none-eabi/lib/thumb/v7e-m+fp/softfp/libc_nano.a(libc_a-mlock.o)
                              /opt/tools/arm-gnu-toolchain-15.3.rel1-x86_64-arm-none-eabi/bin/../lib/gcc/arm-none-eabi/15.3.1/../../../../arm-none-eabi/lib/thumb/v7e-m+fp/softfp/libc_nano.a(libc_a-mallocr.o) (__malloc_lock)
/opt/tools/arm-gnu-toolchain-15.3.rel1-x86_64-arm-none-eabi/bin/../lib/gcc/arm-none-eabi/15.3.1/../../../../arm-none-eabi/lib/thumb/v7e-m+fp/softfp/libc_nano.a(libc_a-strtol.o)
                              /opt/tools/arm-gnu-toolchain-15.3.rel1-x86_64-arm-none-eabi/bin/../lib/gcc/arm-none-eabi/15.3.1/../../../../arm-none-eabi/lib/thumb/v7e-m+fp/softfp/libc_nano.a(libc_a-atoi.o) (_strtol_r)
/opt/tools/arm-gnu-toolchain-15.3.rel1-x86_64-arm-none-eabi/bin/../lib/gcc/arm-none-eabi/15.3.1/../../../../arm-none-eabi/lib/thumb/v7e-m+fp/softfp/libc_nano.a(libc_a-ctype_.o)
                              /opt/tools/arm-gnu-toolchain-15.3.rel1-x86_64-arm-none-eabi/bin/../lib/gcc/arm-none-eabi/15.3.1/../../../../arm-none-eabi/lib/thumb/v7e-m+fp/softfp/libc_nano.a(libc_a-strtol.o) (_ctype_)
/opt/tools/arm-gnu-toolchain-15.3.rel1-x86_64-arm-none-eabi/bin/../lib/gcc/arm-none-eabi/15.3.1/../../../../arm-none-eabi/lib/thumb/v7e-m+fp/softfp/libc_nano.a(libc_a-findfp.o)
                              /opt/tools/arm-gnu-toolchain-15.3.rel1-x86_64-arm-none-eabi/bin/../lib/gcc/arm-none-eabi/15.3.1/../../../../arm-none-eabi/lib/thumb/v7e-m+fp/softfp/libc_nano.a(libc_a-exit.o) (__stdio_exit_handler)
/opt/tools/arm-gnu-toolchain-15.3.rel1-x86_64-arm-none-eabi/bin/../lib/gcc/arm-none-eabi/15.3.1/../../../../arm-none-eabi/lib/thumb/v7e-m+fp/softfp/libc_nano.a(libc_a-fwalk.o)
                              /opt/tools/arm-gnu-toolchain-15.3.rel1-x86_64-arm-none-eabi/bin/../lib/gcc/arm-none-eabi/15.3.1/../../../../arm-none-eabi/lib/thumb/v7e-m+fp/softfp/libc_nano.a(libc_a-findfp.o) (_fwalk_sglue)
/opt/tools/arm-gnu-toolchain-15.3.rel1-x86_64-arm-none-eabi/bin/../lib/gcc/arm-none-eabi/15.3.1/../../../../arm-none-eabi/lib/thumb/v7e-m+fp/softfp/libc_nano.a(libc_a-printf.o)
                              /home/liudayi/gitProj/f407-proj/bootloader/User/bsp/spiFlash/bsp_spi_flash.o (printf)
/opt/tools/arm-gnu-toolchain-15.3.rel1-x86_64-arm-none-eabi/bin/../lib/gcc/arm-none-eabi/15.3.1/../../../../arm-none-eabi/lib/thumb/v7e-m+fp/softfp/libc_nano.a(libc_a-putchar.o)
                              /home/liudayi/gitProj/f407-proj/bootloader/User/app/crc.o (putchar)
[...]
Memory Configuration

Name             Origin             Length             Attributes
FLASH            0x08000000         0x00008000         xr
RAM              0x20000000         0x00020000         xrw
PSRAM            0x6c000000         0x000ff000         xrw
*default*        0x00000000         0xffffffff

Linker script and memory map

LOAD /opt/tools/arm-gnu-toolchain-15.3.rel1-x86_64-arm-none-eabi/bin/../lib/gcc/arm-none-eabi/15.3.1/thumb/v7e-m+fp/softfp/crti.o
LOAD /opt/tools/arm-gnu-toolchain-15.3.rel1-x86_64-arm-none-eabi/bin/../lib/gcc/arm-none-eabi/15.3.1/thumb/v7e-m+fp/softfp/crtbegin.o
LOAD /opt/tools/arm-gnu-toolchain-15.3.rel1-x86_64-arm-none-eabi/bin/../lib/gcc/arm-none-eabi/15.3.1/../../../../arm-none-eabi/lib/thumb/v7e-m+fp/softfp/crt0.o
LOAD /home/liudayi/gitProj/f407-proj/bootloader/Libraries/CMSIS/Device/ST/STM32F4xx/Source/Templates/gcc/startup_stm32f40xx.o
LOAD /home/liudayi/gitProj/f407-proj/bootloader/Libraries/CMSIS/Device/ST/STM32F4xx/Source/Templates/gcc/reset_handler.o
LOAD /home/liudayi/gitProj/f407-proj/bootloader/Libraries/CMSIS/Device/ST/STM32F4xx/Source/Templates/system_stm32f4xx.o
LOAD /home/liudayi/gitProj/f407-proj/bootloader/Libraries/STM32F4xx_StdPeriph_Driver/src/stm32f4xx_dsi.o
LOAD /home/liudayi/gitProj/f407-proj/bootloader/Libraries/STM32F4xx_StdPeriph_Driver/src/stm32f4xx_rcc.o
LOAD /home/liudayi/gitProj/f407-proj/bootloader/Libraries/STM32F4xx_StdPeriph_Driver/src/stm32f4xx_crc.o
LOAD /home/liudayi/gitProj/f407-proj/bootloader/Libraries/STM32F4xx_StdPeriph_Driver/src/stm32f4xx_wwdg.o
LOAD /home/liudayi/gitProj/f407-proj/bootloader/Libraries/STM32F4xx_StdPeriph_Driver/src/stm32f4xx_sdio.o
LOAD /home/liudayi/gitProj/f407-proj/bootloader/Libraries/STM32F4xx_StdPeriph_Driver/src/stm32f4xx_cryp_des.o
LOAD /home/liudayi/gitProj/f407-proj/bootloader/Libraries/STM32F4xx_StdPeriph_Driver/src/stm32f4xx_flash_ramfunc.o
LOAD /home/liudayi/gitProj/f407-proj/bootloader/Libraries/STM32F4xx_StdPeriph_Driver/src/stm32f4xx_iwdg.o
LOAD /home/liudayi/gitProj/f407-proj/bootloader/Libraries/STM32F4xx_StdPeriph_Driver/src/stm32f4xx_dma.o
LOAD /home/liudayi/gitProj/f407-proj/bootloader/Libraries/STM32F4xx_StdPeriph_Driver/src/stm32f4xx_syscfg.o
LOAD /home/liudayi/gitProj/f407-proj/bootloader/Libraries/STM32F4xx_StdPeriph_Driver/src/stm32f4xx_cec.o
LOAD /home/liudayi/gitProj/f407-proj/bootloader/Libraries/STM32F4xx_StdPeriph_Driver/src/stm32f4xx_cryp.o
LOAD /home/liudayi/gitProj/f407-proj/bootloader/Libraries/STM32F4xx_StdPeriph_Driver/src/stm32f4xx_dcmi.o
LOAD /home/liudayi/gitProj/f407-proj/bootloader/Libraries/STM32F4xx_StdPeriph_Driver/src/stm32f4xx_dac.o
LOAD /home/liudayi/gitProj/f407-proj/bootloader/Libraries/STM32F4xx_StdPeriph_Driver/src/stm32f4xx_can.o
LOAD /home/liudayi/gitProj/f407-proj/bootloader/Libraries/STM32F4xx_StdPeriph_Driver/src/misc.o
LOAD /home/liudayi/gitProj/f407-proj/bootloader/Libraries/STM32F4xx_StdPeriph_Driver/src/stm32f4xx_gpio.o
LOAD /home/liudayi/gitProj/f407-proj/bootloader/Libraries/STM32F4xx_StdPeriph_Driver/src/stm32f4xx_rtc.o
LOAD /home/liudayi/gitProj/f407-proj/bootloader/Libraries/STM32F4xx_StdPeriph_Driver/src/stm32f4xx_hash.o
LOAD /home/liudayi/gitProj/f407-proj/bootloader/Libraries/STM32F4xx_StdPeriph_Driver/src/stm32f4xx_pwr.o
LOAD /home/liudayi/gitProj/f407-proj/bootloader/Libraries/STM32F4xx_StdPeriph_Driver/src/stm32f4xx_adc.o
LOAD /home/liudayi/gitProj/f407-proj/bootloader/Libraries/STM32F4xx_StdPeriph_Driver/src/stm32f4xx_rng.o
LOAD /home/liudayi/gitProj/f407-proj/bootloader/Libraries/STM32F4xx_StdPeriph_Driver/src/stm32f4xx_fsmc.o
LOAD /home/liudayi/gitProj/f407-proj/bootloader/Libraries/STM32F4xx_StdPeriph_Driver/src/stm32f4xx_spi.o
LOAD /home/liudayi/gitProj/f407-proj/bootloader/Libraries/STM32F4xx_StdPeriph_Driver/src/stm32f4xx_qspi.o
LOAD /home/liudayi/gitProj/f407-proj/bootloader/Libraries/STM32F4xx_StdPeriph_Driver/src/stm32f4xx_dbgmcu.o
LOAD /home/liudayi/gitProj/f407-proj/bootloader/Libraries/STM32F4xx_StdPeriph_Driver/src/stm32f4xx_spdifrx.o
LOAD /home/liudayi/gitProj/f407-proj/bootloader/Libraries/STM32F4xx_StdPeriph_Driver/src/stm32f4xx_fmpi2c.o
LOAD /home/liudayi/gitProj/f407-proj/bootloader/Libraries/STM32F4xx_StdPeriph_Driver/src/stm32f4xx_cryp_aes.o
LOAD /home/liudayi/gitProj/f407-proj/bootloader/Libraries/STM32F4xx_StdPeriph_Driver/src/stm32f4xx_usart.o
LOAD /home/liudayi/gitProj/f407-proj/bootloader/Libraries/STM32F4xx_StdPeriph_Driver/src/stm32f4xx_exti.o
LOAD /home/liudayi/gitProj/f407-proj/bootloader/Libraries/STM32F4xx_StdPeriph_Driver/src/stm32f4xx_hash_sha1.o
LOAD /home/liudayi/gitProj/f407-proj/bootloader/Libraries/STM32F4xx_StdPeriph_Driver/src/stm32f4xx_hash_md5.o
LOAD /home/liudayi/gitProj/f407-proj/bootloader/Libraries/STM32F4xx_StdPeriph_Driver/src/stm32f4xx_flash.o
LOAD /home/liudayi/gitProj/f407-proj/bootloader/Libraries/STM32F4xx_StdPeriph_Driver/src/stm32f4xx_dfsdm.o
LOAD /home/liudayi/gitProj/f407-proj/bootloader/Libraries/STM32F4xx_StdPeriph_Driver/src/stm32f4xx_sai.o
LOAD /home/liudayi/gitProj/f407-proj/bootloader/Libraries/STM32F4xx_StdPeriph_Driver/src/stm32f4xx_cryp_tdes.o
LOAD /home/liudayi/gitProj/f407-proj/bootloader/Libraries/STM32F4xx_StdPeriph_Driver/src/stm32f4xx_tim.o
LOAD /home/liudayi/gitProj/f407-proj/bootloader/Libraries/STM32F4xx_StdPeriph_Driver/src/stm32f4xx_i2c.o
LOAD /home/liudayi/gitProj/f407-proj/bootloader/Libraries/STM32F4xx_StdPeriph_Driver/src/stm32f4xx_lptim.o
LOAD /home/liudayi/gitProj/f407-proj/bootloader/User/bsp/spiFlash/bsp_spi_flash.o
LOAD /home/liudayi/gitProj/f407-proj/bootloader/User/bsp/internalFlash/bsp_internalFlash.o
LOAD /home/liudayi/gitProj/f407-proj/bootloader/User/bsp/usart/bsp_debug_usart.o
LOAD /home/liudayi/gitProj/f407-proj/bootloader/User/bsp/SRAM/bsp_sram.o
LOAD /home/liudayi/gitProj/f407-proj/bootloader/User/bsp/led/bsp_led.o
LOAD /home/liudayi/gitProj/f407-proj/bootloader/User/bsp/timer/bsp_timer.o
LOAD /home/liudayi/gitProj/f407-proj/bootloader/User/app/stm32f4xx_it.o
LOAD /home/liudayi/gitProj/f407-proj/bootloader/User/app/crc.o
LOAD /home/liudayi/gitProj/f407-proj/bootloader/User/app/main.o
LOAD /home/liudayi/gitProj/f407-proj/bootloader/User/app/upgrade/download.o
LOAD /home/liudayi/gitProj/f407-proj/bootloader/User/app/upgrade/tasklib.o
LOAD /home/liudayi/gitProj/f407-proj/bootloader/User/app/upgrade/common.o
LOAD /home/liudayi/gitProj/f407-proj/bootloader/User/app/upgrade/iap.o
LOAD /home/liudayi/gitProj/f407-proj/bootloader/User/app/ymodem/ymodem.o
LOAD /home/liudayi/gitProj/f407-proj/bootloader/User/app/syscalls.o
LOAD /home/liudayi/gitProj/f407-proj/bootloader/User/app/os_debug.o
LOAD /home/liudayi/gitProj/f407-proj/bootloader/User/app/dev_manage.o
LOAD /home/liudayi/gitProj/f407-proj/bootloader/User/app/flash_manage.o
LOAD /home/liudayi/gitProj/f407-proj/bootloader/User/app/shell/cmd_src.o
START GROUP
LOAD /opt/tools/arm-gnu-toolchain-15.3.rel1-x86_64-arm-none-eabi/bin/../lib/gcc/arm-none-eabi/15.3.1/thumb/v7e-m+fp/softfp/libgcc.a
LOAD /opt/tools/arm-gnu-toolchain-15.3.rel1-x86_64-arm-none-eabi/bin/../lib/gcc/arm-none-eabi/15.3.1/../../../../arm-none-eabi/lib/thumb/v7e-m+fp/softfp/libc_nano.a
END GROUP
START GROUP
LOAD /opt/tools/arm-gnu-toolchain-15.3.rel1-x86_64-arm-none-eabi/bin/../lib/gcc/arm-none-eabi/15.3.1/thumb/v7e-m+fp/softfp/libgcc.a
LOAD /opt/tools/arm-gnu-toolchain-15.3.rel1-x86_64-arm-none-eabi/bin/../lib/gcc/arm-none-eabi/15.3.1/../../../../arm-none-eabi/lib/thumb/v7e-m+fp/softfp/libc_nano.a
END GROUP
LOAD /opt/tools/arm-gnu-toolchain-15.3.rel1-x86_64-arm-none-eabi/bin/../lib/gcc/arm-none-eabi/15.3.1/thumb/v7e-m+fp/softfp/crtend.o
LOAD /opt/tools/arm-gnu-toolchain-15.3.rel1-x86_64-arm-none-eabi/bin/../lib/gcc/arm-none-eabi/15.3.1/thumb/v7e-m+fp/softfp/crtn.o
                0x20020000                        _estack = (ORIGIN (RAM) + LENGTH (RAM))

.text           0x08000000     0x7074
 *(.isr_vector)
 .isr_vector    0x08000000      0x188 /home/liudayi/gitProj/f407-proj/bootloader/Libraries/CMSIS/Device/ST/STM32F4xx/Source/Templates/gcc/startup_stm32f40xx.o
                0x08000000                g_pfnVectors
 *(.text*)
 .text.Default_Handler
                0x08000188        0x2 /home/liudayi/gitProj/f407-proj/bootloader/Libraries/CMSIS/Device/ST/STM32F4xx/Source/Templates/gcc/startup_stm32f40xx.o
                0x08000188                RTC_Alarm_IRQHandler
                0x08000188                HASH_RNG_IRQHandler
                0x08000188                EXTI2_IRQHandler
                0x08000188                TIM8_CC_IRQHandler
                0x08000188                TIM1_CC_IRQHandler
                0x08000188                DMA2_Stream5_IRQHandler
                0x08000188                DMA1_Stream5_IRQHandler
                0x08000188                PVD_IRQHandler
                0x08000188                SDIO_IRQHandler
                0x08000188                TAMP_STAMP_IRQHandler
                0x08000188                CAN2_RX1_IRQHandler
                0x08000188                EXTI3_IRQHandler
                0x08000188                TIM8_TRG_COM_TIM14_IRQHandler
                0x08000188                TIM1_UP_TIM10_IRQHandler
                0x08000188                TIM8_UP_TIM13_IRQHandler
                0x08000188                I2C3_ER_IRQHandler
                0x08000188                EXTI0_IRQHandler
                0x08000188                I2C2_EV_IRQHandler
                0x08000188                DMA1_Stream2_IRQHandler
                0x08000188                CAN1_RX0_IRQHandler
                0x08000188                FPU_IRQHandler
                0x08000188                OTG_HS_WKUP_IRQHandler
                0x08000188                CAN2_SCE_IRQHandler
                0x08000188                DMA2_Stream2_IRQHandler
                0x08000188                SPI1_IRQHandler
                0x08000188                TIM6_DAC_IRQHandler
                0x08000188                TIM1_BRK_TIM9_IRQHandler
                0x08000188                DCMI_IRQHandler
                0x08000188                CAN2_RX0_IRQHandler
                0x08000188                DMA2_Stream3_IRQHandler
                0x08000188                USART6_IRQHandler
                0x08000188                USART3_IRQHandler
                0x08000188                CRYP_IRQHandler
                0x08000188                CAN1_RX1_IRQHandler
                0x08000188                UART5_IRQHandler
                0x08000188                DMA2_Stream0_IRQHandler
                0x08000188                TIM4_IRQHandler
                0x08000188                I2C1_EV_IRQHandler
                0x08000188                DMA1_Stream6_IRQHandler
                0x08000188                DMA1_Stream1_IRQHandler
                0x08000188                UART4_IRQHandler
                0x08000188                RCC_IRQHandler
                0x08000188                TIM8_BRK_TIM12_IRQHandler
                0x08000188                Default_Handler
                0x08000188                EXTI15_10_IRQHandler
                0x08000188                ADC_IRQHandler
                0x08000188                DMA1_Stream7_IRQHandler
                0x08000188                TIM7_IRQHandler
                0x08000188                CAN2_TX_IRQHandler
                0x08000188                TIM5_IRQHandler
                0x08000188                DMA2_Stream7_IRQHandler
                0x08000188                I2C3_EV_IRQHandler
                0x08000188                EXTI9_5_IRQHandler
                0x08000188                RTC_WKUP_IRQHandler
                0x08000188                ETH_WKUP_IRQHandler
                0x08000188                SPI2_IRQHandler
                0x08000188                OTG_HS_EP1_IN_IRQHandler
                0x08000188                DMA1_Stream0_IRQHandler
                0x08000188                CAN1_TX_IRQHandler
                0x08000188                EXTI4_IRQHandler
                0x08000188                FSMC_IRQHandler
                0x08000188                ETH_IRQHandler
                0x08000188                OTG_HS_EP1_OUT_IRQHandler
                0x08000188                WWDG_IRQHandler
                0x08000188                TIM2_IRQHandler
                0x08000188                OTG_FS_WKUP_IRQHandler
                0x08000188                TIM1_TRG_COM_TIM11_IRQHandler
                0x08000188                OTG_HS_IRQHandler
                0x08000188                EXTI1_IRQHandler
                0x08000188                USART2_IRQHandler
                0x08000188                I2C2_ER_IRQHandler
                0x08000188                DMA2_Stream1_IRQHandler
                0x08000188                CAN1_SCE_IRQHandler
                0x08000188                FLASH_IRQHandler
                0x08000188                DMA2_Stream4_IRQHandler
                0x08000188                USART1_IRQHandler
                0x08000188                OTG_FS_IRQHandler
                0x08000188                SPI3_IRQHandler
                0x08000188                DMA1_Stream4_IRQHandler
                0x08000188                I2C1_ER_IRQHandler
                0x08000188                DMA2_Stream6_IRQHandler
                0x08000188                DMA1_Stream3_IRQHandler
 *fill*         0x0800018a        0x2 
 .text          0x0800018c       0x50 /home/liudayi/gitProj/f407-proj/bootloader/Libraries/CMSIS/Device/ST/STM32F4xx/Source/Templates/gcc/reset_handler.o
                0x0800018c                Reset_Handler
 .text.SystemInit
                0x080001dc       0xf4 /home/liudayi/gitProj/f407-proj/bootloader/Libraries/CMSIS/Device/ST/STM32F4xx/Source/Templates/system_stm32f4xx.o
                0x080001dc                SystemInit
 .text.RCC_GetClocksFreq
                0x080002d0       0x84 /home/liudayi/gitProj/f407-proj/bootloader/Libraries/STM32F4xx_StdPeriph_Driver/src/stm32f4xx_rcc.o
                0x080002d0                RCC_GetClocksFreq
 .text.RCC_AHB1PeriphClockCmd
                0x08000354       0x18 /home/liudayi/gitProj/f407-proj/bootloader/Libraries/STM32F4xx_StdPeriph_Driver/src/stm32f4xx_rcc.o
                0x08000354                RCC_AHB1PeriphClockCmd
 .text.RCC_AHB3PeriphClockCmd
                0x0800036c       0x18 /home/liudayi/gitProj/f407-proj/bootloader/Libraries/STM32F4xx_StdPeriph_Driver/src/stm32f4xx_rcc.o
                0x0800036c                RCC_AHB3PeriphClockCmd
 .text.RCC_APB1PeriphClockCmd
                0x08000384       0x18 /home/liudayi/gitProj/f407-proj/bootloader/Libraries/STM32F4xx_StdPeriph_Driver/src/stm32f4xx_rcc.o
                0x08000384                RCC_APB1PeriphClockCmd
 .text.RCC_APB2PeriphClockCmd
                0x0800039c       0x18 /home/liudayi/gitProj/f407-proj/bootloader/Libraries/STM32F4xx_StdPeriph_Driver/src/stm32f4xx_rcc.o
                0x0800039c                RCC_APB2PeriphClockCmd
 .text.RCC_APB1PeriphResetCmd
                0x080003b4       0x18 /home/liudayi/gitProj/f407-proj/bootloader/Libraries/STM32F4xx_StdPeriph_Driver/src/stm32f4xx_rcc.o
                0x080003b4                RCC_APB1PeriphResetCmd
 .text.RCC_APB2PeriphResetCmd
                0x080003cc       0x18 /home/liudayi/gitProj/f407-proj/bootloader/Libraries/STM32F4xx_StdPeriph_Driver/src/stm32f4xx_rcc.o
                0x080003cc                RCC_APB2PeriphResetCmd
 .text.DMA_DeInit
                0x080003e4      0x110 /home/liudayi/gitProj/f407-proj/bootloader/Libraries/STM32F4xx_StdPeriph_Driver/src/stm32f4xx_dma.o
                0x080003e4                DMA_DeInit
 .text.NVIC_PriorityGroupConfig
                0x080004f4       0x14 /home/liudayi/gitProj/f407-proj/bootloader/Libraries/STM32F4xx_StdPeriph_Driver/src/misc.o
                0x080004f4                NVIC_PriorityGroupConfig
 .text.NVIC_Init
                0x08000508       0x54 /home/liudayi/gitProj/f407-proj/bootloader/Libraries/STM32F4xx_StdPeriph_Driver/src/misc.o
                0x08000508                NVIC_Init
 .text.GPIO_Init
                0x0800055c       0x86 /home/liudayi/gitProj/f407-proj/bootloader/Libraries/STM32F4xx_StdPeriph_Driver/src/stm32f4xx_gpio.o
                0x0800055c                GPIO_Init
 .text.GPIO_PinAFConfig
                0x080005e2       0x24 /home/liudayi/gitProj/f407-proj/bootloader/Libraries/STM32F4xx_StdPeriph_Driver/src/stm32f4xx_gpio.o
                0x080005e2                GPIO_PinAFConfig
 *fill*         0x08000606        0x2 
 .text.FSMC_NORSRAMInit
                0x08000608       0xc0 /home/liudayi/gitProj/f407-proj/bootloader/Libraries/STM32F4xx_StdPeriph_Driver/src/stm32f4xx_fsmc.o
                0x08000608                FSMC_NORSRAMInit
 .text.FSMC_NORSRAMCmd
                0x080006c8       0x24 /home/liudayi/gitProj/f407-proj/bootloader/Libraries/STM32F4xx_StdPeriph_Driver/src/stm32f4xx_fsmc.o
                0x080006c8                FSMC_NORSRAMCmd
 .text.SPI_I2S_DeInit
                0x080006ec       0xb8 /home/liudayi/gitProj/f407-proj/bootloader/Libraries/STM32F4xx_StdPeriph_Driver/src/stm32f4xx_spi.o
                0x080006ec                SPI_I2S_DeInit
 .text.SPI_Init
                0x080007a4       0x38 /home/liudayi/gitProj/f407-proj/bootloader/Libraries/STM32F4xx_StdPeriph_Driver/src/stm32f4xx_spi.o
                0x080007a4                SPI_Init
 .text.SPI_Cmd  0x080007dc       0x12 /home/liudayi/gitProj/f407-proj/bootloader/Libraries/STM32F4xx_StdPeriph_Driver/src/stm32f4xx_spi.o
                0x080007dc                SPI_Cmd
 .text.SPI_I2S_ReceiveData
                0x080007ee        0x6 /home/liudayi/gitProj/f407-proj/bootloader/Libraries/STM32F4xx_StdPeriph_Driver/src/stm32f4xx_spi.o
                0x080007ee                SPI_I2S_ReceiveData
 .text.SPI_I2S_SendData
                0x080007f4        0x4 /home/liudayi/gitProj/f407-proj/bootloader/Libraries/STM32F4xx_StdPeriph_Driver/src/stm32f4xx_spi.o
                0x080007f4                SPI_I2S_SendData
 .text.SPI_I2S_GetFlagStatus
                0x080007f8        0xc /home/liudayi/gitProj/f407-proj/bootloader/Libraries/STM32F4xx_StdPeriph_Driver/src/stm32f4xx_spi.o
                0x080007f8                SPI_I2S_GetFlagStatus
 .text.USART_DeInit
                0x08000804       0xe8 /home/liudayi/gitProj/f407-proj/bootloader/Libraries/STM32F4xx_StdPeriph_Driver/src/stm32f4xx_usart.o
                0x08000804                USART_DeInit
 .text.USART_Init
                0x080008ec       0xa0 /home/liudayi/gitProj/f407-proj/bootloader/Libraries/STM32F4xx_StdPeriph_Driver/src/stm32f4xx_usart.o
                0x080008ec                USART_Init
 .text.USART_Cmd
                0x0800098c       0x12 /home/liudayi/gitProj/f407-proj/bootloader/Libraries/STM32F4xx_StdPeriph_Driver/src/stm32f4xx_usart.o
                0x0800098c                USART_Cmd
 .text.USART_SendData
                0x0800099e        0x8 /home/liudayi/gitProj/f407-proj/bootloader/Libraries/STM32F4xx_StdPeriph_Driver/src/stm32f4xx_usart.o
                0x0800099e                USART_SendData
 .text.USART_ReceiveData
                0x080009a6        0x8 /home/liudayi/gitProj/f407-proj/bootloader/Libraries/STM32F4xx_StdPeriph_Driver/src/stm32f4xx_usart.o
                0x080009a6                USART_ReceiveData
 .text.USART_ITConfig
                0x080009ae       0x32 /home/liudayi/gitProj/f407-proj/bootloader/Libraries/STM32F4xx_StdPeriph_Driver/src/stm32f4xx_usart.o
                0x080009ae                USART_ITConfig
 .text.USART_GetFlagStatus
                0x080009e0        0xc /home/liudayi/gitProj/f407-proj/bootloader/Libraries/STM32F4xx_StdPeriph_Driver/src/stm32f4xx_usart.o
                0x080009e0                USART_GetFlagStatus
 .text.FLASH_Unlock
                0x080009ec       0x1c /home/liudayi/gitProj/f407-proj/bootloader/Libraries/STM32F4xx_StdPeriph_Driver/src/stm32f4xx_flash.o
                0x080009ec                FLASH_Unlock
 .text.FLASH_Lock
                0x08000a08       0x10 /home/liudayi/gitProj/f407-proj/bootloader/Libraries/STM32F4xx_StdPeriph_Driver/src/stm32f4xx_flash.o
                0x08000a08                FLASH_Lock
 .text.FLASH_ClearFlag
                0x08000a18        0xc /home/liudayi/gitProj/f407-proj/bootloader/Libraries/STM32F4xx_StdPeriph_Driver/src/stm32f4xx_flash.o
                0x08000a18                FLASH_ClearFlag
 .text.FLASH_GetStatus
                0x08000a24       0x40 /home/liudayi/gitProj/f407-proj/bootloader/Libraries/STM32F4xx_StdPeriph_Driver/src/stm32f4xx_flash.o
                0x08000a24                FLASH_GetStatus
 .text.FLASH_WaitForLastOperation
                0x08000a64       0x20 /home/liudayi/gitProj/f407-proj/bootloader/Libraries/STM32F4xx_StdPeriph_Driver/src/stm32f4xx_flash.o
                0x08000a64                FLASH_WaitForLastOperation
 .text.FLASH_EraseSector
                0x08000a84       0x5c /home/liudayi/gitProj/f407-proj/bootloader/Libraries/STM32F4xx_StdPeriph_Driver/src/stm32f4xx_flash.o
                0x08000a84                FLASH_EraseSector
 .text.FLASH_ProgramWord
                0x08000ae0       0x3c /home/liudayi/gitProj/f407-proj/bootloader/Libraries/STM32F4xx_StdPeriph_Driver/src/stm32f4xx_flash.o
                0x08000ae0                FLASH_ProgramWord
 .text.TIM_TimeBaseInit
                0x08000b1c       0x78 /home/liudayi/gitProj/f407-proj/bootloader/Libraries/STM32F4xx_StdPeriph_Driver/src/stm32f4xx_tim.o
                0x08000b1c                TIM_TimeBaseInit
 .text.TIM_Cmd  0x08000b94       0x12 /home/liudayi/gitProj/f407-proj/bootloader/Libraries/STM32F4xx_StdPeriph_Driver/src/stm32f4xx_tim.o
                0x08000b94                TIM_Cmd
 .text.TIM_ITConfig
                0x08000ba6       0x12 /home/liudayi/gitProj/f407-proj/bootloader/Libraries/STM32F4xx_StdPeriph_Driver/src/stm32f4xx_tim.o
                0x08000ba6                TIM_ITConfig
 .text.TIM_GetITStatus
                0x08000bb8       0x18 /home/liudayi/gitProj/f407-proj/bootloader/Libraries/STM32F4xx_StdPeriph_Driver/src/stm32f4xx_tim.o
                0x08000bb8                TIM_GetITStatus
 .text.TIM_ClearITPendingBit
                0x08000bd0        0x6 /home/liudayi/gitProj/f407-proj/bootloader/Libraries/STM32F4xx_StdPeriph_Driver/src/stm32f4xx_tim.o
                0x08000bd0                TIM_ClearITPendingBit
 *fill*         0x08000bd6        0x2 
 .text.SPI_FLASH_Init
                0x08000bd8       0xb4 /home/liudayi/gitProj/f407-proj/bootloader/User/bsp/spiFlash/bsp_spi_flash.o
                0x08000bd8                SPI_FLASH_Init
 .text.SPI_FLASH_SendByte
                0x08000c8c       0x68 /home/liudayi/gitProj/f407-proj/bootloader/User/bsp/spiFlash/bsp_spi_flash.o
                0x08000c8c                SPI_FLASH_SendByte
 .text.SPI_FLASH_BufferRead
                0x08000cf4       0x44 /home/liudayi/gitProj/f407-proj/bootloader/User/bsp/spiFlash/bsp_spi_flash.o
                0x08000cf4                SPI_FLASH_BufferRead
 .text.SPI_FLASH_WriteEnable
                0x08000d38       0x18 /home/liudayi/gitProj/f407-proj/bootloader/User/bsp/spiFlash/bsp_spi_flash.o
                0x08000d38                SPI_FLASH_WriteEnable
 .text.SPI_FLASH_WaitForWriteEnd
                0x08000d50       0x48 /home/liudayi/gitProj/f407-proj/bootloader/User/bsp/spiFlash/bsp_spi_flash.o
                0x08000d50                SPI_FLASH_WaitForWriteEnd
 .text.SPI_FLASH_SectorErase
                0x08000d98       0x3c /home/liudayi/gitProj/f407-proj/bootloader/User/bsp/spiFlash/bsp_spi_flash.o
                0x08000d98                SPI_FLASH_SectorErase
 .text.SPI_FLASH_PageWrite
                0x08000dd4       0x64 /home/liudayi/gitProj/f407-proj/bootloader/User/bsp/spiFlash/bsp_spi_flash.o
                0x08000dd4                SPI_FLASH_PageWrite
 .text.SPI_FLASH_BufferWrite
                0x08000e38       0xae /home/liudayi/gitProj/f407-proj/bootloader/User/bsp/spiFlash/bsp_spi_flash.o
                0x08000e38                SPI_FLASH_BufferWrite
 .text.GetSector
                0x08000ee6       0xa0 /home/liudayi/gitProj/f407-proj/bootloader/User/bsp/internalFlash/bsp_internalFlash.o
                0x08000ee6                GetSector
 *fill*         0x08000f86        0x2 
 .text.internal_flash_read
                0x08000f88       0xa4 /home/liudayi/gitProj/f407-proj/bootloader/User/bsp/internalFlash/bsp_internalFlash.o
                0x08000f88                internal_flash_read
 .text.internal_flash_write
                0x0800102c       0xa4 /home/liudayi/gitProj/f407-proj/bootloader/User/bsp/internalFlash/bsp_internalFlash.o
                0x0800102c                internal_flash_write
 .text.internal_flash_erase
                0x080010d0       0x3c /home/liudayi/gitProj/f407-proj/bootloader/User/bsp/internalFlash/bsp_internalFlash.o
                0x080010d0                internal_flash_erase
 .text.GetNextSectorAddr
                0x0800110c       0xb0 /home/liudayi/gitProj/f407-proj/bootloader/User/bsp/internalFlash/bsp_internalFlash.o
                0x0800110c                GetNextSectorAddr
 .text.NVIC_Configuration
                0x080011bc       0x1c /home/liudayi/gitProj/f407-proj/bootloader/User/bsp/usart/bsp_debug_usart.o
 .text.Debug_USART_Config
                0x080011d8       0x94 /home/liudayi/gitProj/f407-proj/bootloader/User/bsp/usart/bsp_debug_usart.o
                0x080011d8                Debug_USART_Config
 .text.waitUsartSend
                0x0800126c        0x8 /home/liudayi/gitProj/f407-proj/bootloader/User/bsp/usart/bsp_debug_usart.o
                0x0800126c                waitUsartSend
 .text.FSMC_SRAM_Init
                0x08001274      0x410 /home/liudayi/gitProj/f407-proj/bootloader/User/bsp/SRAM/bsp_sram.o
                0x08001274                FSMC_SRAM_Init
 .text.TIM3_IRQHandler
                0x08001684       0x2c /home/liudayi/gitProj/f407-proj/bootloader/User/bsp/timer/bsp_timer.o
                0x08001684                TIM3_IRQHandler
 .text.TIM3_init
                0x080016b0       0x4c /home/liudayi/gitProj/f407-proj/bootloader/User/bsp/timer/bsp_timer.o
                0x080016b0                TIM3_init
 .text.TIM3_DeInit
                0x080016fc       0x38 /home/liudayi/gitProj/f407-proj/bootloader/User/bsp/timer/bsp_timer.o
                0x080016fc                TIM3_DeInit
 .text.NMI_Handler
                0x08001734        0x2 /home/liudayi/gitProj/f407-proj/bootloader/User/app/stm32f4xx_it.o
                0x08001734                NMI_Handler
 .text.HardFault_Handler
                0x08001736        0x2 /home/liudayi/gitProj/f407-proj/bootloader/User/app/stm32f4xx_it.o
                0x08001736                HardFault_Handler
 .text.MemManage_Handler
                0x08001738        0x2 /home/liudayi/gitProj/f407-proj/bootloader/User/app/stm32f4xx_it.o
                0x08001738                MemManage_Handler
 .text.BusFault_Handler
                0x0800173a        0x2 /home/liudayi/gitProj/f407-proj/bootloader/User/app/stm32f4xx_it.o
                0x0800173a                BusFault_Handler
 .text.UsageFault_Handler
                0x0800173c        0x2 /home/liudayi/gitProj/f407-proj/bootloader/User/app/stm32f4xx_it.o
                0x0800173c                UsageFault_Handler
 .text.DebugMon_Handler
                0x0800173e        0x2 /home/liudayi/gitProj/f407-proj/bootloader/User/app/stm32f4xx_it.o
                0x0800173e                DebugMon_Handler
 .text.SVC_Handler
                0x08001740        0x2 /home/liudayi/gitProj/f407-proj/bootloader/User/app/stm32f4xx_it.o
                0x08001740                SVC_Handler
 .text.PendSV_Handler
                0x08001742        0x2 /home/liudayi/gitProj/f407-proj/bootloader/User/app/stm32f4xx_it.o
                0x08001742                PendSV_Handler
 .text.SysTick_Handler
                0x08001744       0x10 /home/liudayi/gitProj/f407-proj/bootloader/User/app/stm32f4xx_it.o
                0x08001744                SysTick_Handler
 .text.crc32_checksum
                0x08001754       0x28 /home/liudayi/gitProj/f407-proj/bootloader/User/app/crc.o
                0x08001754                crc32_checksum
 .text.fw_upgrade_from.constprop.0
                0x0800177c      0x1e0 /home/liudayi/gitProj/f407-proj/bootloader/User/app/main.o
 .text.spi_flash_region_init
                0x0800195c       0x28 /home/liudayi/gitProj/f407-proj/bootloader/User/app/main.o
                0x0800195c                spi_flash_region_init
 .text.internal_flash_region_init
                0x08001984       0x28 /home/liudayi/gitProj/f407-proj/bootloader/User/app/main.o
                0x08001984                internal_flash_region_init
 .text.DelayMs  0x080019ac       0x14 /home/liudayi/gitProj/f407-proj/bootloader/User/app/main.o
                0x080019ac                DelayMs
 .text.SysTick_Deinit
                0x080019c0       0x2c /home/liudayi/gitProj/f407-proj/bootloader/User/app/main.o
                0x080019c0                SysTick_Deinit
 .text.JumpToApplication
                0x080019ec       0x54 /home/liudayi/gitProj/f407-proj/bootloader/User/app/main.o
                0x080019ec                JumpToApplication
 .text.fw_upgrade_v2
                0x08001a40       0x20 /home/liudayi/gitProj/f407-proj/bootloader/User/app/main.o
                0x08001a40                fw_upgrade_v2
 .text.startup.main
                0x08001a60       0xe8 /home/liudayi/gitProj/f407-proj/bootloader/User/app/main.o
                0x08001a60                main
 .text.SerialDownload
                0x08001b48       0xb8 /home/liudayi/gitProj/f407-proj/bootloader/User/app/upgrade/download.o
                0x08001b48                SerialDownload
 .text.Int2Str  0x08001c00       0x30 /home/liudayi/gitProj/f407-proj/bootloader/User/app/upgrade/common.o
                0x08001c00                Int2Str
 .text.Str2Int  0x08001c30       0x9a /home/liudayi/gitProj/f407-proj/bootloader/User/app/upgrade/common.o
                0x08001c30                Str2Int
 *fill*         0x08001cca        0x2 
 .text.SerialPutChar
                0x08001ccc       0x1c /home/liudayi/gitProj/f407-proj/bootloader/User/app/upgrade/common.o
                0x08001ccc                SerialPutChar
 .text.Serial_PutString
                0x08001ce8       0x12 /home/liudayi/gitProj/f407-proj/bootloader/User/app/upgrade/common.o
                0x08001ce8                Serial_PutString
 *fill*         0x08001cfa        0x2 
 .text.show_boot_info
                0x08001cfc       0xa8 /home/liudayi/gitProj/f407-proj/bootloader/User/app/upgrade/iap.o
                0x08001cfc                show_boot_info
 .text.jump_app
                0x08001da4       0x34 /home/liudayi/gitProj/f407-proj/bootloader/User/app/upgrade/iap.o
                0x08001da4                jump_app
 .text.PrintProgressBar
                0x08001dd8       0xbc /home/liudayi/gitProj/f407-proj/bootloader/User/app/upgrade/iap.o
                0x08001dd8                PrintProgressBar
 .text.Receive_Byte
                0x08001e94       0x84 /home/liudayi/gitProj/f407-proj/bootloader/User/app/ymodem/ymodem.o
 .text.Send_Byte.isra.0
                0x08001f18       0x7c /home/liudayi/gitProj/f407-proj/bootloader/User/app/ymodem/ymodem.o
 .text.Cal_CRC16
                0x08001f94       0x2c /home/liudayi/gitProj/f407-proj/bootloader/User/app/ymodem/ymodem.o
                0x08001f94                Cal_CRC16
 .text.Ymodem_Receive
                0x08001fc0      0x280 /home/liudayi/gitProj/f407-proj/bootloader/User/app/ymodem/ymodem.o
                0x08001fc0                Ymodem_Receive
 .text._read    0x08002240        0x4 /home/liudayi/gitProj/f407-proj/bootloader/User/app/syscalls.o
                0x08002240                _read
 .text._write   0x08002244       0x50 /home/liudayi/gitProj/f407-proj/bootloader/User/app/syscalls.o
                0x08002244                _write
 .text._close   0x08002294        0x6 /home/liudayi/gitProj/f407-proj/bootloader/User/app/syscalls.o
                0x08002294                _close
 .text._fstat   0x0800229a        0xa /home/liudayi/gitProj/f407-proj/bootloader/User/app/syscalls.o
                0x0800229a                _fstat
 .text._lseek   0x080022a4        0x4 /home/liudayi/gitProj/f407-proj/bootloader/User/app/syscalls.o
                0x080022a4                _lseek
 .text._isatty  0x080022a8        0x4 /home/liudayi/gitProj/f407-proj/bootloader/User/app/syscalls.o
                0x080022a8                _isatty
 .text._sbrk    0x080022ac       0x34 /home/liudayi/gitProj/f407-proj/bootloader/User/app/syscalls.o
                0x080022ac                _sbrk
 .text.os_itoa  0x080022e0       0x4c /home/liudayi/gitProj/f407-proj/bootloader/User/app/os_debug.o
                0x080022e0                os_itoa
 .text.set_print_color
                0x0800232c       0x24 /home/liudayi/gitProj/f407-proj/bootloader/User/app/os_debug.o
                0x0800232c                set_print_color
 .text.reset_print_color
                0x08002350        0xc /home/liudayi/gitProj/f407-proj/bootloader/User/app/os_debug.o
                0x08002350                reset_print_color
 .text.os_printf_api
                0x0800235c      0x12c /home/liudayi/gitProj/f407-proj/bootloader/User/app/os_debug.o
                0x0800235c                os_printf_api
 .text.dev_init
                0x08002488        0xc /home/liudayi/gitProj/f407-proj/bootloader/User/app/dev_manage.o
                0x08002488                dev_init
 .text.dev_get  0x08002494       0x18 /home/liudayi/gitProj/f407-proj/bootloader/User/app/dev_manage.o
                0x08002494                dev_get
 .text.dev_register
                0x080024ac       0x54 /home/liudayi/gitProj/f407-proj/bootloader/User/app/dev_manage.o
                0x080024ac                dev_register
 .text.flash_partition_read
                0x08002500       0xbc /home/liudayi/gitProj/f407-proj/bootloader/User/app/flash_manage.o
 .text.flash_partition_erase
                0x080025bc       0xa4 /home/liudayi/gitProj/f407-proj/bootloader/User/app/flash_manage.o
 .text.flash_partition_write
                0x08002660      0x120 /home/liudayi/gitProj/f407-proj/bootloader/User/app/flash_manage.o
 .text.FlashPartition_Init
                0x08002780       0xd4 /home/liudayi/gitProj/f407-proj/bootloader/User/app/flash_manage.o
                0x08002780                FlashPartition_Init
 .text.flash_data_print
                0x08002854       0xb8 /home/liudayi/gitProj/f407-proj/bootloader/User/app/flash_manage.o
                0x08002854                flash_data_print
 .text.flash_partition_write_and_verify
                0x0800290c       0xf0 /home/liudayi/gitProj/f407-proj/bootloader/User/app/flash_manage.o
 .text.hex_dump
                0x080029fc       0xbc /home/liudayi/gitProj/f407-proj/bootloader/User/app/flash_manage.o
                0x080029fc                hex_dump
 .text.cmdline_strtok
                0x08002ab8       0x3e /home/liudayi/gitProj/f407-proj/bootloader/User/app/shell/cmd_src.o
 *fill*         0x08002af6        0x2 
 .text.setResetFlag
                0x08002af8        0xc /home/liudayi/gitProj/f407-proj/bootloader/User/app/shell/cmd_src.o
                0x08002af8                setResetFlag
 .text.cli_write_byte
                0x08002b04       0x2c /home/liudayi/gitProj/f407-proj/bootloader/User/app/shell/cmd_src.o
 .text.cmd_help
                0x08002b30       0x28 /home/liudayi/gitProj/f407-proj/bootloader/User/app/shell/cmd_src.o
                0x08002b30                cmd_help
 .text.hex_dump_print_usage
                0x08002b58       0x58 /home/liudayi/gitProj/f407-proj/bootloader/User/app/shell/cmd_src.o
 .text.sys_hex_dump
                0x08002bb0       0xdc /home/liudayi/gitProj/f407-proj/bootloader/User/app/shell/cmd_src.o
                0x08002bb0                sys_hex_dump
 .text.cmd_update
                0x08002c8c       0x18 /home/liudayi/gitProj/f407-proj/bootloader/User/app/shell/cmd_src.o
                0x08002c8c                cmd_update
 .text.cli_read_byte.isra.0
                0x08002ca4       0x20 /home/liudayi/gitProj/f407-proj/bootloader/User/app/shell/cmd_src.o
 .text.setAppAddr
                0x08002cc4       0x1c /home/liudayi/gitProj/f407-proj/bootloader/User/app/shell/cmd_src.o
                0x08002cc4                setAppAddr
 .text.cmd_goto
                0x08002ce0       0x58 /home/liudayi/gitProj/f407-proj/bootloader/User/app/shell/cmd_src.o
                0x08002ce0                cmd_goto
 .text.cli_write_str
                0x08002d38       0x12 /home/liudayi/gitProj/f407-proj/bootloader/User/app/shell/cmd_src.o
                0x08002d38                cli_write_str
 *fill*         0x08002d4a        0x2 
 .text.parseCmd
                0x08002d4c       0x50 /home/liudayi/gitProj/f407-proj/bootloader/User/app/shell/cmd_src.o
                0x08002d4c                parseCmd
 .text.mini_cli_loop
                0x08002d9c      0x15c /home/liudayi/gitProj/f407-proj/bootloader/User/app/shell/cmd_src.o
                0x08002d9c                mini_cli_loop
 .text          0x08002ef8      0x378 /opt/tools/arm-gnu-toolchain-15.3.rel1-x86_64-arm-none-eabi/bin/../lib/gcc/arm-none-eabi/15.3.1/thumb/v7e-m+fp/softfp/libgcc.a(_arm_addsubdf3.o)
                0x08002ef8                __aeabi_drsub
                0x08002f00                __aeabi_dsub
                0x08002f00                __subdf3
                0x08002f04                __adddf3
                0x08002f04                __aeabi_dadd
                0x0800317c                __aeabi_ui2d
                0x0800317c                __floatunsidf
                0x0800319c                __floatsidf
                0x0800319c                __aeabi_i2d
                0x080031c0                __extendsfdf2
                0x080031c0                __aeabi_f2d
                0x08003204                __aeabi_ul2d
                0x08003204                __floatundidf
                0x08003214                __floatdidf
                0x08003214                __aeabi_l2d
 .text          0x08003270      0x424 /opt/tools/arm-gnu-toolchain-15.3.rel1-x86_64-arm-none-eabi/bin/../lib/gcc/arm-none-eabi/15.3.1/thumb/v7e-m+fp/softfp/libgcc.a(_arm_muldivdf3.o)
                0x08003270                __aeabi_dmul
                0x08003270                __muldf3
                0x080034c4                __aeabi_ddiv
                0x080034c4                __divdf3
 .text          0x08003694       0x40 /opt/tools/arm-gnu-toolchain-15.3.rel1-x86_64-arm-none-eabi/bin/../lib/gcc/arm-none-eabi/15.3.1/thumb/v7e-m+fp/softfp/libgcc.a(_arm_fixunsdfsi.o)
                0x08003694                __fixunsdfsi
                0x08003694                __aeabi_d2uiz
 .text.atoi     0x080036d4        0x8 /opt/tools/arm-gnu-toolchain-15.3.rel1-x86_64-arm-none-eabi/bin/../lib/gcc/arm-none-eabi/15.3.1/../../../../arm-none-eabi/lib/thumb/v7e-m+fp/softfp/libc_nano.a(libc_a-atoi.o)
                0x080036d4                atoi
 .text.malloc   0x080036dc       0x10 /opt/tools/arm-gnu-toolchain-15.3.rel1-x86_64-arm-none-eabi/bin/../lib/gcc/arm-none-eabi/15.3.1/../../../../arm-none-eabi/lib/thumb/v7e-m+fp/softfp/libc_nano.a(libc_a-malloc.o)
                0x080036dc                malloc
 .text.free     0x080036ec       0x10 /opt/tools/arm-gnu-toolchain-15.3.rel1-x86_64-arm-none-eabi/bin/../lib/gcc/arm-none-eabi/15.3.1/../../../../arm-none-eabi/lib/thumb/v7e-m+fp/softfp/libc_nano.a(libc_a-malloc.o)
                0x080036ec                free
 .text.sbrk_aligned
                0x080036fc       0x44 /opt/tools/arm-gnu-toolchain-15.3.rel1-x86_64-arm-none-eabi/bin/../lib/gcc/arm-none-eabi/15.3.1/../../../../arm-none-eabi/lib/thumb/v7e-m+fp/softfp/libc_nano.a(libc_a-mallocr.o)
 .text._malloc_r
                0x08003740       0xf8 /opt/tools/arm-gnu-toolchain-15.3.rel1-x86_64-arm-none-eabi/bin/../lib/gcc/arm-none-eabi/15.3.1/../../../../arm-none-eabi/lib/thumb/v7e-m+fp/softfp/libc_nano.a(libc_a-mallocr.o)
                0x08003740                _malloc_r
 .text.__malloc_lock
                0x08003838        0xc /opt/tools/arm-gnu-toolchain-15.3.rel1-x86_64-arm-none-eabi/bin/../lib/gcc/arm-none-eabi/15.3.1/../../../../arm-none-eabi/lib/thumb/v7e-m+fp/softfp/libc_nano.a(libc_a-mlock.o)
                0x08003838                __malloc_lock
 .text.__malloc_unlock
                0x08003844        0xc /opt/tools/arm-gnu-toolchain-15.3.rel1-x86_64-arm-none-eabi/bin/../lib/gcc/arm-none-eabi/15.3.1/../../../../arm-none-eabi/lib/thumb/v7e-m+fp/softfp/libc_nano.a(libc_a-mlock.o)
                0x08003844                __malloc_unlock
 .text._strtol_l.isra.0
                0x08003850       0xf4 /opt/tools/arm-gnu-toolchain-15.3.rel1-x86_64-arm-none-eabi/bin/../lib/gcc/arm-none-eabi/15.3.1/../../../../arm-none-eabi/lib/thumb/v7e-m+fp/softfp/libc_nano.a(libc_a-strtol.o)
 .text.strtol   0x08003944       0x14 /opt/tools/arm-gnu-toolchain-15.3.rel1-x86_64-arm-none-eabi/bin/../lib/gcc/arm-none-eabi/15.3.1/../../../../arm-none-eabi/lib/thumb/v7e-m+fp/softfp/libc_nano.a(libc_a-strtol.o)
                0x08003944                strtol
 .text.std      0x08003958       0x6c /opt/tools/arm-gnu-toolchain-15.3.rel1-x86_64-arm-none-eabi/bin/../lib/gcc/arm-none-eabi/15.3.1/../../../../arm-none-eabi/lib/thumb/v7e-m+fp/softfp/libc_nano.a(libc_a-findfp.o)
 .text.stdio_exit_handler
                0x080039c4       0x18 /opt/tools/arm-gnu-toolchain-15.3.rel1-x86_64-arm-none-eabi/bin/../lib/gcc/arm-none-eabi/15.3.1/../../../../arm-none-eabi/lib/thumb/v7e-m+fp/softfp/libc_nano.a(libc_a-findfp.o)
 .text.cleanup_stdio
                0x080039dc       0x40 /opt/tools/arm-gnu-toolchain-15.3.rel1-x86_64-arm-none-eabi/bin/../lib/gcc/arm-none-eabi/15.3.1/../../../../arm-none-eabi/lib/thumb/v7e-m+fp/softfp/libc_nano.a(libc_a-findfp.o)
 .text.global_stdio_init.part.0
                0x08003a1c       0x40 /opt/tools/arm-gnu-toolchain-15.3.rel1-x86_64-arm-none-eabi/bin/../lib/gcc/arm-none-eabi/15.3.1/../../../../arm-none-eabi/lib/thumb/v7e-m+fp/softfp/libc_nano.a(libc_a-findfp.o)
 .text.__sfp_lock_acquire
                0x08003a5c        0xc /opt/tools/arm-gnu-toolchain-15.3.rel1-x86_64-arm-none-eabi/bin/../lib/gcc/arm-none-eabi/15.3.1/../../../../arm-none-eabi/lib/thumb/v7e-m+fp/softfp/libc_nano.a(libc_a-findfp.o)
                0x08003a5c                __sfp_lock_acquire
 .text.__sfp_lock_release
                0x08003a68        0xc /opt/tools/arm-gnu-toolchain-15.3.rel1-x86_64-arm-none-eabi/bin/../lib/gcc/arm-none-eabi/15.3.1/../../../../arm-none-eabi/lib/thumb/v7e-m+fp/softfp/libc_nano.a(libc_a-findfp.o)
                0x08003a68                __sfp_lock_release
 .text.__sinit  0x08003a74       0x30 /opt/tools/arm-gnu-toolchain-15.3.rel1-x86_64-arm-none-eabi/bin/../lib/gcc/arm-none-eabi/15.3.1/../../../../arm-none-eabi/lib/thumb/v7e-m+fp/softfp/libc_nano.a(libc_a-findfp.o)
                0x08003a74                __sinit
 .text._fwalk_sglue
                0x08003aa4       0x3a /opt/tools/arm-gnu-toolchain-15.3.rel1-x86_64-arm-none-eabi/bin/../lib/gcc/arm-none-eabi/15.3.1/../../../../arm-none-eabi/lib/thumb/v7e-m+fp/softfp/libc_nano.a(libc_a-fwalk.o)
                0x08003aa4                _fwalk_sglue
 *fill*         0x08003ade        0x2 
 .text.printf   0x08003ae0       0x24 /opt/tools/arm-gnu-toolchain-15.3.rel1-x86_64-arm-none-eabi/bin/../lib/gcc/arm-none-eabi/15.3.1/../../../../arm-none-eabi/lib/thumb/v7e-m+fp/softfp/libc_nano.a(libc_a-printf.o)
                0x08003ae0                printf
                0x08003ae0                iprintf
 .text.putchar  0x08003b04       0x10 /opt/tools/arm-gnu-toolchain-15.3.rel1-x86_64-arm-none-eabi/bin/../lib/gcc/arm-none-eabi/15.3.1/../../../../arm-none-eabi/lib/thumb/v7e-m+fp/softfp/libc_nano.a(libc_a-putchar.o)
                0x08003b04                putchar
 .text._puts_r  0x08003b14       0xaa /opt/tools/arm-gnu-toolchain-15.3.rel1-x86_64-arm-none-eabi/bin/../lib/gcc/arm-none-eabi/15.3.1/../../../../arm-none-eabi/lib/thumb/v7e-m+fp/softfp/libc_nano.a(libc_a-puts.o)
                0x08003b14                _puts_r
 *fill*         0x08003bbe        0x2 
 .text.puts     0x08003bc0       0x10 /opt/tools/arm-gnu-toolchain-15.3.rel1-x86_64-arm-none-eabi/bin/../lib/gcc/arm-none-eabi/15.3.1/../../../../arm-none-eabi/lib/thumb/v7e-m+fp/softfp/libc_nano.a(libc_a-puts.o)
                0x08003bc0                puts
 .text.sprintf  0x08003bd0       0x44 /opt/tools/arm-gnu-toolchain-15.3.rel1-x86_64-arm-none-eabi/bin/../lib/gcc/arm-none-eabi/15.3.1/../../../../arm-none-eabi/lib/thumb/v7e-m+fp/softfp/libc_nano.a(libc_a-sprintf.o)
                0x08003bd0                sprintf
                0x08003bd0                siprintf
 .text.__sread  0x08003c14       0x22 /opt/tools/arm-gnu-toolchain-15.3.rel1-x86_64-arm-none-eabi/bin/../lib/gcc/arm-none-eabi/15.3.1/../../../../arm-none-eabi/lib/thumb/v7e-m+fp/softfp/libc_nano.a(libc_a-stdio.o)
                0x08003c14                __sread
 .text.__swrite
                0x08003c36       0x38 /opt/tools/arm-gnu-toolchain-15.3.rel1-x86_64-arm-none-eabi/bin/../lib/gcc/arm-none-eabi/15.3.1/../../../../arm-none-eabi/lib/thumb/v7e-m+fp/softfp/libc_nano.a(libc_a-stdio.o)
                0x08003c36                __swrite
 .text.__sseek  0x08003c6e       0x26 /opt/tools/arm-gnu-toolchain-15.3.rel1-x86_64-arm-none-eabi/bin/../lib/gcc/arm-none-eabi/15.3.1/../../../../arm-none-eabi/lib/thumb/v7e-m+fp/softfp/libc_nano.a(libc_a-stdio.o)
                0x08003c6e                __sseek
 .text.__sclose
                0x08003c94        0x8 /opt/tools/arm-gnu-toolchain-15.3.rel1-x86_64-arm-none-eabi/bin/../lib/gcc/arm-none-eabi/15.3.1/../../../../arm-none-eabi/lib/thumb/v7e-m+fp/softfp/libc_nano.a(libc_a-stdio.o)
                0x08003c94                __sclose
 .text._vsnprintf_r
                0x08003c9c       0x50 /opt/tools/arm-gnu-toolchain-15.3.rel1-x86_64-arm-none-eabi/bin/../lib/gcc/arm-none-eabi/15.3.1/../../../../arm-none-eabi/lib/thumb/v7e-m+fp/softfp/libc_nano.a(libc_a-vsnprintf.o)
                0x08003c9c                _vsnprintf_r
                0x08003c9c                _vsniprintf_r
 .text.vsnprintf
                0x08003cec       0x1c /opt/tools/arm-gnu-toolchain-15.3.rel1-x86_64-arm-none-eabi/bin/../lib/gcc/arm-none-eabi/15.3.1/../../../../arm-none-eabi/lib/thumb/v7e-m+fp/softfp/libc_nano.a(libc_a-vsnprintf.o)
                0x08003cec                vsnprintf
                0x08003cec                vsniprintf
 .text.__swbuf_r
                0x08003d08       0x7a /opt/tools/arm-gnu-toolchain-15.3.rel1-x86_64-arm-none-eabi/bin/../lib/gcc/arm-none-eabi/15.3.1/../../../../arm-none-eabi/lib/thumb/v7e-m+fp/softfp/libc_nano.a(libc_a-wbuf.o)
                0x08003d08                __swbuf_r
 *fill*         0x08003d82        0x2 
 .text.__swsetup_r
                0x08003d84       0xa8 /opt/tools/arm-gnu-toolchain-15.3.rel1-x86_64-arm-none-eabi/bin/../lib/gcc/arm-none-eabi/15.3.1/../../../../arm-none-eabi/lib/thumb/v7e-m+fp/softfp/libc_nano.a(libc_a-wsetup.o)
                0x08003d84                __swsetup_r
 .text.memcmp   0x08003e2c       0x20 /opt/tools/arm-gnu-toolchain-15.3.rel1-x86_64-arm-none-eabi/bin/../lib/gcc/arm-none-eabi/15.3.1/../../../../arm-none-eabi/lib/thumb/v7e-m+fp/softfp/libc_nano.a(libc_a-memcmp.o)
                0x08003e2c                memcmp
 .text.memset   0x08003e4c       0x10 /opt/tools/arm-gnu-toolchain-15.3.rel1-x86_64-arm-none-eabi/bin/../lib/gcc/arm-none-eabi/15.3.1/../../../../arm-none-eabi/lib/thumb/v7e-m+fp/softfp/libc_nano.a(libc_a-memset.o)
                0x08003e4c                memset
 .text.strncmp  0x08003e5c       0x24 /opt/tools/arm-gnu-toolchain-15.3.rel1-x86_64-arm-none-eabi/bin/../lib/gcc/arm-none-eabi/15.3.1/../../../../arm-none-eabi/lib/thumb/v7e-m+fp/softfp/libc_nano.a(libc_a-strncmp.o)
                0x08003e5c                strncmp
 .text._close_r
                0x08003e80       0x20 /opt/tools/arm-gnu-toolchain-15.3.rel1-x86_64-arm-none-eabi/bin/../lib/gcc/arm-none-eabi/15.3.1/../../../../arm-none-eabi/lib/thumb/v7e-m+fp/softfp/libc_nano.a(libc_a-closer.o)
                0x08003e80                _close_r
 .text._lseek_r
                0x08003ea0       0x24 /opt/tools/arm-gnu-toolchain-15.3.rel1-x86_64-arm-none-eabi/bin/../lib/gcc/arm-none-eabi/15.3.1/../../../../arm-none-eabi/lib/thumb/v7e-m+fp/softfp/libc_nano.a(libc_a-lseekr.o)
                0x08003ea0                _lseek_r
 .text._read_r  0x08003ec4       0x24 /opt/tools/arm-gnu-toolchain-15.3.rel1-x86_64-arm-none-eabi/bin/../lib/gcc/arm-none-eabi/15.3.1/../../../../arm-none-eabi/lib/thumb/v7e-m+fp/softfp/libc_nano.a(libc_a-readr.o)
                0x08003ec4                _read_r
 .text._sbrk_r  0x08003ee8       0x20 /opt/tools/arm-gnu-toolchain-15.3.rel1-x86_64-arm-none-eabi/bin/../lib/gcc/arm-none-eabi/15.3.1/../../../../arm-none-eabi/lib/thumb/v7e-m+fp/softfp/libc_nano.a(libc_a-sbrkr.o)
                0x08003ee8                _sbrk_r
 .text._write_r
                0x08003f08       0x24 /opt/tools/arm-gnu-toolchain-15.3.rel1-x86_64-arm-none-eabi/bin/../lib/gcc/arm-none-eabi/15.3.1/../../../../arm-none-eabi/lib/thumb/v7e-m+fp/softfp/libc_nano.a(libc_a-writer.o)
                0x08003f08                _write_r
 .text.__errno  0x08003f2c        0xc /opt/tools/arm-gnu-toolchain-15.3.rel1-x86_64-arm-none-eabi/bin/../lib/gcc/arm-none-eabi/15.3.1/../../../../arm-none-eabi/lib/thumb/v7e-m+fp/softfp/libc_nano.a(libc_a-errno.o)
                0x08003f2c                __errno
 .text.__retarget_lock_init_recursive
                0x08003f38        0x2 /opt/tools/arm-gnu-toolchain-15.3.rel1-x86_64-arm-none-eabi/bin/../lib/gcc/arm-none-eabi/15.3.1/../../../../arm-none-eabi/lib/thumb/v7e-m+fp/softfp/libc_nano.a(libc_a-lock.o)
                0x08003f38                __retarget_lock_init_recursive
 .text.__retarget_lock_acquire_recursive
                0x08003f3a        0x2 /opt/tools/arm-gnu-toolchain-15.3.rel1-x86_64-arm-none-eabi/bin/../lib/gcc/arm-none-eabi/15.3.1/../../../../arm-none-eabi/lib/thumb/v7e-m+fp/softfp/libc_nano.a(libc_a-lock.o)
                0x08003f3a                __retarget_lock_acquire_recursive
 .text.__retarget_lock_release_recursive
                0x08003f3c        0x2 /opt/tools/arm-gnu-toolchain-15.3.rel1-x86_64-arm-none-eabi/bin/../lib/gcc/arm-none-eabi/15.3.1/../../../../arm-none-eabi/lib/thumb/v7e-m+fp/softfp/libc_nano.a(libc_a-lock.o)
                0x08003f3c                __retarget_lock_release_recursive
 .text          0x08003f3e       0x14 /opt/tools/arm-gnu-toolchain-15.3.rel1-x86_64-arm-none-eabi/bin/../lib/gcc/arm-none-eabi/15.3.1/../../../../arm-none-eabi/lib/thumb/v7e-m+fp/softfp/libc_nano.a(libc_a-strcmp.o)
                0x08003f3e                strcmp
 .text.strcpy   0x08003f52       0x10 /opt/tools/arm-gnu-toolchain-15.3.rel1-x86_64-arm-none-eabi/bin/../lib/gcc/arm-none-eabi/15.3.1/../../../../arm-none-eabi/lib/thumb/v7e-m+fp/softfp/libc_nano.a(libc_a-strcpy.o)
                0x08003f52                strcpy
 .text.memcpy   0x08003f62       0x1c /opt/tools/arm-gnu-toolchain-15.3.rel1-x86_64-arm-none-eabi/bin/../lib/gcc/arm-none-eabi/15.3.1/../../../../arm-none-eabi/lib/thumb/v7e-m+fp/softfp/libc_nano.a(libc_a-memcpy-stub.o)
                0x08003f62                memcpy
 .text          0x08003f7e       0x10 /opt/tools/arm-gnu-toolchain-15.3.rel1-x86_64-arm-none-eabi/bin/../lib/gcc/arm-none-eabi/15.3.1/../../../../arm-none-eabi/lib/thumb/v7e-m+fp/softfp/libc_nano.a(libc_a-strlen.o)
                0x08003f7e                strlen
 *fill*         0x08003f8e        0x2 
 .text._free_r  0x08003f90       0x98 /opt/tools/arm-gnu-toolchain-15.3.rel1-x86_64-arm-none-eabi/bin/../lib/gcc/arm-none-eabi/15.3.1/../../../../arm-none-eabi/lib/thumb/v7e-m+fp/softfp/libc_nano.a(libc_a-freer.o)
                0x08003f90                _free_r
 .text.__ssputs_r
                0x08004028       0xc0 /opt/tools/arm-gnu-toolchain-15.3.rel1-x86_64-arm-none-eabi/bin/../lib/gcc/arm-none-eabi/15.3.1/../../../../arm-none-eabi/lib/thumb/v7e-m+fp/softfp/libc_nano.a(libc_a-nano-svfprintf.o)
                0x08004028                __ssputs_r
 .text._svfprintf_r
                0x080040e8      0x1f0 /opt/tools/arm-gnu-toolchain-15.3.rel1-x86_64-arm-none-eabi/bin/../lib/gcc/arm-none-eabi/15.3.1/../../../../arm-none-eabi/lib/thumb/v7e-m+fp/softfp/libc_nano.a(libc_a-nano-svfprintf.o)
                0x080040e8                _svfprintf_r
                0x080040e8                _svfiprintf_r
 .text.__sfputc_r
                0x080042d8       0x2a /opt/tools/arm-gnu-toolchain-15.3.rel1-x86_64-arm-none-eabi/bin/../lib/gcc/arm-none-eabi/15.3.1/../../../../arm-none-eabi/lib/thumb/v7e-m+fp/softfp/libc_nano.a(libc_a-nano-vfprintf.o)
 .text.__sfputs_r
                0x08004302       0x24 /opt/tools/arm-gnu-toolchain-15.3.rel1-x86_64-arm-none-eabi/bin/../lib/gcc/arm-none-eabi/15.3.1/../../../../arm-none-eabi/lib/thumb/v7e-m+fp/softfp/libc_nano.a(libc_a-nano-vfprintf.o)
                0x08004302                __sfputs_r
 *fill*         0x08004326        0x2 
 .text._vfprintf_r
                0x08004328      0x228 /opt/tools/arm-gnu-toolchain-15.3.rel1-x86_64-arm-none-eabi/bin/../lib/gcc/arm-none-eabi/15.3.1/../../../../arm-none-eabi/lib/thumb/v7e-m+fp/softfp/libc_nano.a(libc_a-nano-vfprintf.o)
                0x08004328                _vfiprintf_r
                0x08004328                _vfprintf_r
 .text._printf_common
                0x08004550       0xea /opt/tools/arm-gnu-toolchain-15.3.rel1-x86_64-arm-none-eabi/bin/../lib/gcc/arm-none-eabi/15.3.1/../../../../arm-none-eabi/lib/thumb/v7e-m+fp/softfp/libc_nano.a(libc_a-nano-vfprintf_i.o)
                0x08004550                _printf_common
 *fill*         0x0800463a        0x2 
 .text._printf_i
                0x0800463c      0x254 /opt/tools/arm-gnu-toolchain-15.3.rel1-x86_64-arm-none-eabi/bin/../lib/gcc/arm-none-eabi/15.3.1/../../../../arm-none-eabi/lib/thumb/v7e-m+fp/softfp/libc_nano.a(libc_a-nano-vfprintf_i.o)
                0x0800463c                _printf_i
 .text.__sflush_r
                0x08004890      0x100 /opt/tools/arm-gnu-toolchain-15.3.rel1-x86_64-arm-none-eabi/bin/../lib/gcc/arm-none-eabi/15.3.1/../../../../arm-none-eabi/lib/thumb/v7e-m+fp/softfp/libc_nano.a(libc_a-fflush.o)
                0x08004890                __sflush_r
 .text._fflush_r
                0x08004990       0x50 /opt/tools/arm-gnu-toolchain-15.3.rel1-x86_64-arm-none-eabi/bin/../lib/gcc/arm-none-eabi/15.3.1/../../../../arm-none-eabi/lib/thumb/v7e-m+fp/softfp/libc_nano.a(libc_a-fflush.o)
                0x08004990                _fflush_r
 .text.__swhatbuf_r
                0x080049e0       0x48 /opt/tools/arm-gnu-toolchain-15.3.rel1-x86_64-arm-none-eabi/bin/../lib/gcc/arm-none-eabi/15.3.1/../../../../arm-none-eabi/lib/thumb/v7e-m+fp/softfp/libc_nano.a(libc_a-makebuf.o)
                0x080049e0                __swhatbuf_r
 .text.__smakebuf_r
                0x08004a28       0x72 /opt/tools/arm-gnu-toolchain-15.3.rel1-x86_64-arm-none-eabi/bin/../lib/gcc/arm-none-eabi/15.3.1/../../../../arm-none-eabi/lib/thumb/v7e-m+fp/softfp/libc_nano.a(libc_a-makebuf.o)
                0x08004a28                __smakebuf_r
 .text._putc_r  0x08004a9a       0x68 /opt/tools/arm-gnu-toolchain-15.3.rel1-x86_64-arm-none-eabi/bin/../lib/gcc/arm-none-eabi/15.3.1/../../../../arm-none-eabi/lib/thumb/v7e-m+fp/softfp/libc_nano.a(libc_a-putc.o)
                0x08004a9a                _putc_r
 .text.memmove  0x08004b02       0x32 /opt/tools/arm-gnu-toolchain-15.3.rel1-x86_64-arm-none-eabi/bin/../lib/gcc/arm-none-eabi/15.3.1/../../../../arm-none-eabi/lib/thumb/v7e-m+fp/softfp/libc_nano.a(libc_a-memmove.o)
                0x08004b02                memmove
 .text._fstat_r
                0x08004b34       0x24 /opt/tools/arm-gnu-toolchain-15.3.rel1-x86_64-arm-none-eabi/bin/../lib/gcc/arm-none-eabi/15.3.1/../../../../arm-none-eabi/lib/thumb/v7e-m+fp/softfp/libc_nano.a(libc_a-fstatr.o)
                0x08004b34                _fstat_r
 .text._isatty_r
                0x08004b58       0x20 /opt/tools/arm-gnu-toolchain-15.3.rel1-x86_64-arm-none-eabi/bin/../lib/gcc/arm-none-eabi/15.3.1/../../../../arm-none-eabi/lib/thumb/v7e-m+fp/softfp/libc_nano.a(libc_a-isattyr.o)
                0x08004b58                _isatty_r
 *fill*         0x08004b78        0x8 
 .text          0x08004b80       0xa0 /opt/tools/arm-gnu-toolchain-15.3.rel1-x86_64-arm-none-eabi/bin/../lib/gcc/arm-none-eabi/15.3.1/../../../../arm-none-eabi/lib/thumb/v7e-m+fp/softfp/libc_nano.a(libc_a-memchr.o)
                0x08004b80                memchr
 .text._realloc_r
                0x08004c20       0x5c /opt/tools/arm-gnu-toolchain-15.3.rel1-x86_64-arm-none-eabi/bin/../lib/gcc/arm-none-eabi/15.3.1/../../../../arm-none-eabi/lib/thumb/v7e-m+fp/softfp/libc_nano.a(libc_a-reallocr.o)
                0x08004c20                _realloc_r
 .text._malloc_usable_size_r
                0x08004c7c       0x10 /opt/tools/arm-gnu-toolchain-15.3.rel1-x86_64-arm-none-eabi/bin/../lib/gcc/arm-none-eabi/15.3.1/../../../../arm-none-eabi/lib/thumb/v7e-m+fp/softfp/libc_nano.a(libc_a-msizer.o)
                0x08004c7c                _malloc_usable_size_r
 *(.rodata*)
 .rodata.APBAHBPrescTable
                0x08004c8c       0x10 /home/liudayi/gitProj/f407-proj/bootloader/Libraries/STM32F4xx_StdPeriph_Driver/src/stm32f4xx_rcc.o
 .rodata.SPI_FLASH_SendByte.str1.1
                0x08004c9c     0x1bd9 /home/liudayi/gitProj/f407-proj/bootloader/User/bsp/spiFlash/bsp_spi_flash.o
                                 0x2f (size before relaxing)
 .rodata.SPI_FLASH_PageWrite.str1.1
                0x08006875        0x0 /home/liudayi/gitProj/f407-proj/bootloader/User/bsp/spiFlash/bsp_spi_flash.o
                                 0x31 (size before relaxing)
 .rodata.internal_flash_read.str1.1
                0x08006875        0x0 /home/liudayi/gitProj/f407-proj/bootloader/User/bsp/internalFlash/bsp_internalFlash.o
                                 0x62 (size before relaxing)
 .rodata.internal_flash_write.str1.1
                0x08006875        0x0 /home/liudayi/gitProj/f407-proj/bootloader/User/bsp/internalFlash/bsp_internalFlash.o
                                 0x46 (size before relaxing)
 .rodata.internal_flash_erase.str1.1
                0x08006875        0x0 /home/liudayi/gitProj/f407-proj/bootloader/User/bsp/internalFlash/bsp_internalFlash.o
                                 0x22 (size before relaxing)
 .rodata.__FUNCTION__.1
                0x08006875       0x15 /home/liudayi/gitProj/f407-proj/bootloader/User/bsp/internalFlash/bsp_internalFlash.o
 .rodata.__FUNCTION__.2
                0x0800688a       0x15 /home/liudayi/gitProj/f407-proj/bootloader/User/bsp/internalFlash/bsp_internalFlash.o
 .rodata.__FUNCTION__.3
                0x0800689f       0x14 /home/liudayi/gitProj/f407-proj/bootloader/User/bsp/internalFlash/bsp_internalFlash.o
 *fill*         0x080068b3        0x1 
 .rodata.CRC32_TABLE
                0x080068b4      0x400 /home/liudayi/gitProj/f407-proj/bootloader/User/app/crc.o
                0x080068b4                CRC32_TABLE
 .rodata.fw_upgrade_from.constprop.0.str1.1
                0x08006cb4        0x0 /home/liudayi/gitProj/f407-proj/bootloader/User/app/main.o
                                0x190 (size before relaxing)
 .rodata.JumpToApplication.str1.1
                0x08006cb4        0x0 /home/liudayi/gitProj/f407-proj/bootloader/User/app/main.o
                                 0x49 (size before relaxing)
 .rodata.main.str1.1
                0x08006cb4        0x0 /home/liudayi/gitProj/f407-proj/bootloader/User/app/main.o
                                 0x53 (size before relaxing)
 .rodata.__FUNCTION__.0
                0x08006cb4       0x10 /home/liudayi/gitProj/f407-proj/bootloader/User/app/main.o
 .rodata.str1.1
                0x08006cc4        0x0 /home/liudayi/gitProj/f407-proj/bootloader/User/app/main.o
                                 0x42 (size before relaxing)
 .rodata.SerialDownload.str1.1
                0x08006cc4        0x0 /home/liudayi/gitProj/f407-proj/bootloader/User/app/upgrade/download.o
                                0x18c (size before relaxing)
 .rodata.show_boot_info.str1.1
                0x08006cc4        0x0 /home/liudayi/gitProj/f407-proj/bootloader/User/app/upgrade/iap.o
                                0x19e (size before relaxing)
 .rodata.PrintProgressBar.str1.1
                0x08006cc4        0x0 /home/liudayi/gitProj/f407-proj/bootloader/User/app/upgrade/iap.o
                                  0xd (size before relaxing)
 .rodata.str1.1
                0x08006cc4        0x0 /home/liudayi/gitProj/f407-proj/bootloader/User/app/upgrade/iap.o
                                0xf6b (size before relaxing)
 .rodata        0x08006cc4      0x200 /home/liudayi/gitProj/f407-proj/bootloader/User/app/ymodem/ymodem.o
 .rodata.os_itoa.str1.1
                0x08006ec4        0x0 /home/liudayi/gitProj/f407-proj/bootloader/User/app/os_debug.o
                                 0x11 (size before relaxing)
 .rodata.set_print_color.str1.1
                0x08006ec4        0x0 /home/liudayi/gitProj/f407-proj/bootloader/User/app/os_debug.o
                                 0x18 (size before relaxing)
 .rodata.reset_print_color.str1.1
                0x08006ec4        0x0 /home/liudayi/gitProj/f407-proj/bootloader/User/app/os_debug.o
                                  0x5 (size before relaxing)
 .rodata.os_printf_api.str1.1
                0x08006ec4        0x0 /home/liudayi/gitProj/f407-proj/bootloader/User/app/os_debug.o
                                  0x5 (size before relaxing)
 .rodata.str1.1
                0x08006ec4        0x0 /home/liudayi/gitProj/f407-proj/bootloader/User/app/os_debug.o
                                 0x5a (size before relaxing)
 .rodata.dev_register.str1.1
                0x08006ec4        0x0 /home/liudayi/gitProj/f407-proj/bootloader/User/app/dev_manage.o
                                 0x53 (size before relaxing)
 .rodata.__FUNCTION__.0
                0x08006ec4        0xd /home/liudayi/gitProj/f407-proj/bootloader/User/app/dev_manage.o
 .rodata.flash_partition_read.str1.1
                0x08006ed1        0x0 /home/liudayi/gitProj/f407-proj/bootloader/User/app/flash_manage.o
                                 0xa7 (size before relaxing)
 .rodata.flash_partition_erase.str1.1
                0x08006ed1        0x0 /home/liudayi/gitProj/f407-proj/bootloader/User/app/flash_manage.o
                                 0x9d (size before relaxing)
 .rodata.flash_partition_write.str1.1
                0x08006ed1        0x0 /home/liudayi/gitProj/f407-proj/bootloader/User/app/flash_manage.o
                                 0x6c (size before relaxing)
 .rodata.FlashPartition_Init.str1.1
                0x08006ed1        0x0 /home/liudayi/gitProj/f407-proj/bootloader/User/app/flash_manage.o
                                 0x27 (size before relaxing)
 .rodata.flash_data_print.str1.1
                0x08006ed1        0x0 /home/liudayi/gitProj/f407-proj/bootloader/User/app/flash_manage.o
                                 0xfc (size before relaxing)
 .rodata.flash_partition_write_and_verify.str1.1
                0x08006ed1        0x0 /home/liudayi/gitProj/f407-proj/bootloader/User/app/flash_manage.o
                                 0xab (size before relaxing)
 .rodata.hex_dump.str1.1
                0x08006ed1        0x0 /home/liudayi/gitProj/f407-proj/bootloader/User/app/flash_manage.o
                                 0x15 (size before relaxing)
 .rodata.__FUNCTION__.0
                0x08006ed1        0x9 /home/liudayi/gitProj/f407-proj/bootloader/User/app/flash_manage.o
 .rodata.__FUNCTION__.1
                0x08006eda       0x15 /home/liudayi/gitProj/f407-proj/bootloader/User/app/flash_manage.o
 .rodata.__FUNCTION__.2
                0x08006eef       0x16 /home/liudayi/gitProj/f407-proj/bootloader/User/app/flash_manage.o
 .rodata.__FUNCTION__.3
                0x08006f05       0x21 /home/liudayi/gitProj/f407-proj/bootloader/User/app/flash_manage.o
 .rodata.__FUNCTION__.4
                0x08006f26       0x16 /home/liudayi/gitProj/f407-proj/bootloader/User/app/flash_manage.o
 .rodata.__FUNCTION__.5
                0x08006f3c       0x14 /home/liudayi/gitProj/f407-proj/bootloader/User/app/flash_manage.o
 .rodata.cmd_help.str1.1
                0x08006f50        0x0 /home/liudayi/gitProj/f407-proj/bootloader/User/app/shell/cmd_src.o
                                  0xc (size before relaxing)
 .rodata.hex_dump_print_usage.str1.1
                0x08006f50        0x0 /home/liudayi/gitProj/f407-proj/bootloader/User/app/shell/cmd_src.o
                                 0x98 (size before relaxing)
 .rodata.sys_hex_dump.str1.1
                0x08006f50        0x0 /home/liudayi/gitProj/f407-proj/bootloader/User/app/shell/cmd_src.o
                                 0x6d (size before relaxing)
 .rodata.cmd_goto.str1.1
                0x08006f50        0x0 /home/liudayi/gitProj/f407-proj/bootloader/User/app/shell/cmd_src.o
                                 0x1b (size before relaxing)
 .rodata.mini_cli_loop.str1.1
                0x08006f50        0x0 /home/liudayi/gitProj/f407-proj/bootloader/User/app/shell/cmd_src.o
                                 0x43 (size before relaxing)
 .rodata._ctype_
                0x08006f50      0x101 /opt/tools/arm-gnu-toolchain-15.3.rel1-x86_64-arm-none-eabi/bin/../lib/gcc/arm-none-eabi/15.3.1/../../../../arm-none-eabi/lib/thumb/v7e-m+fp/softfp/libc_nano.a(libc_a-ctype_.o)
                0x08006f50                _ctype_
 .rodata._svfprintf_r.str1.1
                0x08007051        0x0 /opt/tools/arm-gnu-toolchain-15.3.rel1-x86_64-arm-none-eabi/bin/../lib/gcc/arm-none-eabi/15.3.1/../../../../arm-none-eabi/lib/thumb/v7e-m+fp/softfp/libc_nano.a(libc_a-nano-svfprintf.o)
                                 0x11 (size before relaxing)
 .rodata._vfprintf_r.str1.1
                0x08007051        0x0 /opt/tools/arm-gnu-toolchain-15.3.rel1-x86_64-arm-none-eabi/bin/../lib/gcc/arm-none-eabi/15.3.1/../../../../arm-none-eabi/lib/thumb/v7e-m+fp/softfp/libc_nano.a(libc_a-nano-vfprintf.o)
                                 0x11 (size before relaxing)
 .rodata._printf_i.str1.1
                0x08007051        0x0 /opt/tools/arm-gnu-toolchain-15.3.rel1-x86_64-arm-none-eabi/bin/../lib/gcc/arm-none-eabi/15.3.1/../../../../arm-none-eabi/lib/thumb/v7e-m+fp/softfp/libc_nano.a(libc_a-nano-vfprintf_i.o)
                                 0x22 (size before relaxing)
                0x08007054                        . = ALIGN (0x4)
 *fill*         0x08007051        0x3 
                0x08007054                        __exidx_start = .
 *(.ARM.exidx*)
 .ARM.exidx     0x08007054        0x8 /opt/tools/arm-gnu-toolchain-15.3.rel1-x86_64-arm-none-eabi/bin/../lib/gcc/arm-none-eabi/15.3.1/../../../../arm-none-eabi/lib/thumb/v7e-m+fp/softfp/libc_nano.a(libc_a-strcmp.o)
 .ARM.exidx     0x0800705c        0x0 /opt/tools/arm-gnu-toolchain-15.3.rel1-x86_64-arm-none-eabi/bin/../lib/gcc/arm-none-eabi/15.3.1/../../../../arm-none-eabi/lib/thumb/v7e-m+fp/softfp/libc_nano.a(libc_a-strlen.o)
                                  0x8 (size before relaxing)
 .ARM.exidx     0x0800705c        0x0 /opt/tools/arm-gnu-toolchain-15.3.rel1-x86_64-arm-none-eabi/bin/../lib/gcc/arm-none-eabi/15.3.1/../../../../arm-none-eabi/lib/thumb/v7e-m+fp/softfp/libc_nano.a(libc_a-memchr.o)
                                  0x8 (size before relaxing)
                0x0800705c                        __exidx_end = .
 *(.init)
 .init          0x0800705c        0x4 /opt/tools/arm-gnu-toolchain-15.3.rel1-x86_64-arm-none-eabi/bin/../lib/gcc/arm-none-eabi/15.3.1/thumb/v7e-m+fp/softfp/crti.o
                0x0800705c                _init
 .init          0x08007060        0x8 /opt/tools/arm-gnu-toolchain-15.3.rel1-x86_64-arm-none-eabi/bin/../lib/gcc/arm-none-eabi/15.3.1/thumb/v7e-m+fp/softfp/crtn.o
 *(.fini)
 .fini          0x08007068        0x4 /opt/tools/arm-gnu-toolchain-15.3.rel1-x86_64-arm-none-eabi/bin/../lib/gcc/arm-none-eabi/15.3.1/thumb/v7e-m+fp/softfp/crti.o
                0x08007068                _fini
 .fini          0x0800706c        0x8 /opt/tools/arm-gnu-toolchain-15.3.rel1-x86_64-arm-none-eabi/bin/../lib/gcc/arm-none-eabi/15.3.1/thumb/v7e-m+fp/softfp/crtn.o
                0x08007074                        . = ALIGN (0x4)
                0x08007074                        _etext = .

.glue_7         0x08007074        0x0
 .glue_7        0x08007074        0x0 linker stubs

.glue_7t        0x08007074        0x0
 .glue_7t       0x08007074        0x0 linker stubs

.vfp11_veneer   0x08007074        0x0
 .vfp11_veneer  0x08007074        0x0 linker stubs

.v4_bx          0x08007074        0x0
 .v4_bx         0x08007074        0x0 linker stubs

.iplt           0x08007074        0x0
 .iplt          0x08007074        0x0 /home/liudayi/gitProj/f407-proj/bootloader/Libraries/CMSIS/Device/ST/STM32F4xx/Source/Templates/gcc/startup_stm32f40xx.o

.rel.dyn        0x08007074        0x0
 .rel.iplt      0x08007074        0x0 /home/liudayi/gitProj/f407-proj/bootloader/Libraries/CMSIS/Device/ST/STM32F4xx/Source/Templates/gcc/startup_stm32f40xx.o

.data           0x20000000      0x278 load address 0x08007074
                0x20000000                        _sdata = .
 *(.data*)
 .data.SystemCoreClock
                0x20000000        0x4 /home/liudayi/gitProj/f407-proj/bootloader/Libraries/CMSIS/Device/ST/STM32F4xx/Source/Templates/system_stm32f4xx.o
                0x20000000                SystemCoreClock
 .data.SPITimeout
                0x20000004        0x4 /home/liudayi/gitProj/f407-proj/bootloader/User/bsp/spiFlash/bsp_spi_flash.o
 .data.internal_flash_ops
                0x20000008        0xc /home/liudayi/gitProj/f407-proj/bootloader/User/app/main.o
                0x20000008                internal_flash_ops
 .data.internal_flash_table
                0x20000014       0x3c /home/liudayi/gitProj/f407-proj/bootloader/User/app/main.o
                0x20000014                internal_flash_table
 .data.spi_flash_ops
                0x20000050        0xc /home/liudayi/gitProj/f407-proj/bootloader/User/app/main.o
                0x20000050                spi_flash_ops
 .data.spi_flash_table
                0x2000005c       0x8c /home/liudayi/gitProj/f407-proj/bootloader/User/app/main.o
                0x2000005c                spi_flash_table
 .data.dy_boot_logo2
                0x200000e8        0x4 /home/liudayi/gitProj/f407-proj/bootloader/User/app/upgrade/iap.o
                0x200000e8                dy_boot_logo2
 .data.FlashDestination
                0x200000ec        0x4 /home/liudayi/gitProj/f407-proj/bootloader/User/app/ymodem/ymodem.o
                0x200000ec                FlashDestination
 .data.__color_output__
                0x200000f0       0x1c /home/liudayi/gitProj/f407-proj/bootloader/User/app/os_debug.o
                0x200000f0                __color_output__
 .data.__printf_level__
                0x2000010c        0x1 /home/liudayi/gitProj/f407-proj/bootloader/User/app/os_debug.o
                0x2000010c                __printf_level__
 *fill*         0x2000010d        0x3 
 .data.gs_cmd_t
                0x20000110      0x104 /home/liudayi/gitProj/f407-proj/bootloader/User/app/shell/cmd_src.o
 .data.byBootStandbyFlag
                0x20000214        0x1 /home/liudayi/gitProj/f407-proj/bootloader/User/app/shell/cmd_src.o
 *fill*         0x20000215        0x3 
 .data.dwCurrentAppAddr
                0x20000218        0x4 /home/liudayi/gitProj/f407-proj/bootloader/User/app/shell/cmd_src.o
                0x20000218                dwCurrentAppAddr
 .data.__sglue  0x2000021c        0xc /opt/tools/arm-gnu-toolchain-15.3.rel1-x86_64-arm-none-eabi/bin/../lib/gcc/arm-none-eabi/15.3.1/../../../../arm-none-eabi/lib/thumb/v7e-m+fp/softfp/libc_nano.a(libc_a-findfp.o)
                0x2000021c                __sglue
 .data._impure_ptr
                0x20000228        0x4 /opt/tools/arm-gnu-toolchain-15.3.rel1-x86_64-arm-none-eabi/bin/../lib/gcc/arm-none-eabi/15.3.1/../../../../arm-none-eabi/lib/thumb/v7e-m+fp/softfp/libc_nano.a(libc_a-impure.o)
                0x20000228                _impure_ptr
 .data._impure_data
                0x2000022c       0x4c /opt/tools/arm-gnu-toolchain-15.3.rel1-x86_64-arm-none-eabi/bin/../lib/gcc/arm-none-eabi/15.3.1/../../../../arm-none-eabi/lib/thumb/v7e-m+fp/softfp/libc_nano.a(libc_a-impure.o)
                0x2000022c                _impure_data
                0x20000278                        . = ALIGN (0x4)
                0x20000278                        _edata = .

.igot.plt       0x20000278        0x0 load address 0x080072ec
 .igot.plt      0x20000278        0x0 /home/liudayi/gitProj/f407-proj/bootloader/Libraries/CMSIS/Device/ST/STM32F4xx/Source/Templates/gcc/startup_stm32f40xx.o

.bss            0x20000278      0xd9c load address 0x080072ec
                0x20000278                        _sbss = .
 *(.bss*)
 .bss.TIM3Delay
                0x20000278        0x4 /home/liudayi/gitProj/f407-proj/bootloader/User/bsp/timer/bsp_timer.o
                0x20000278                TIM3Delay
 .bss.g_stInternalFlashPart
                0x2000027c       0x2c /home/liudayi/gitProj/f407-proj/bootloader/User/app/main.o
                0x2000027c                g_stInternalFlashPart
 .bss.g_stSpiFlashPart
                0x200002a8       0x2c /home/liudayi/gitProj/f407-proj/bootloader/User/app/main.o
                0x200002a8                g_stSpiFlashPart
 .bss.current_time
                0x200002d4        0x4 /home/liudayi/gitProj/f407-proj/bootloader/User/app/main.o
                0x200002d4                current_time
 .bss.tab_1024  0x200002d8      0x400 /home/liudayi/gitProj/f407-proj/bootloader/User/app/upgrade/download.o
                0x200002d8                tab_1024
 .bss.preProgress.3
                0x200006d8        0x1 /home/liudayi/gitProj/f407-proj/bootloader/User/app/upgrade/iap.o
 *fill*         0x200006d9        0x3 
 .bss.g_stYmodemFileCtrl
                0x200006dc        0x8 /home/liudayi/gitProj/f407-proj/bootloader/User/app/ymodem/ymodem.o
                0x200006dc                g_stYmodemFileCtrl
 .bss.file_name
                0x200006e4      0x100 /home/liudayi/gitProj/f407-proj/bootloader/User/app/ymodem/ymodem.o
                0x200006e4                file_name
 .bss.heap_ptr.0
                0x200007e4        0x4 /home/liudayi/gitProj/f407-proj/bootloader/User/app/syscalls.o
 .bss.__print_hook
                0x200007e8        0x4 /home/liudayi/gitProj/f407-proj/bootloader/User/app/os_debug.o
                0x200007e8                __print_hook
 .bss.__print_buf_len__
                0x200007ec        0x1 /home/liudayi/gitProj/f407-proj/bootloader/User/app/os_debug.o
                0x200007ec                __print_buf_len__
 .bss.__print_buf__
                0x200007ed      0x400 /home/liudayi/gitProj/f407-proj/bootloader/User/app/os_debug.o
                0x200007ed                __print_buf__
 *fill*         0x20000bed        0x3 
 .bss.s_dev_mgr
                0x20000bf0        0x8 /home/liudayi/gitProj/f407-proj/bootloader/User/app/dev_manage.o
 .bss.cursor    0x20000bf8        0x4 /home/liudayi/gitProj/f407-proj/bootloader/User/app/shell/cmd_src.o
 .bss.cmd_len   0x20000bfc        0x4 /home/liudayi/gitProj/f407-proj/bootloader/User/app/shell/cmd_src.o
 .bss.cmd_buf   0x20000c00       0x40 /home/liudayi/gitProj/f407-proj/bootloader/User/app/shell/cmd_src.o
 .bss.hist_count
                0x20000c40        0x4 /home/liudayi/gitProj/f407-proj/bootloader/User/app/shell/cmd_src.o
 .bss.history   0x20000c44      0x280 /home/liudayi/gitProj/f407-proj/bootloader/User/app/shell/cmd_src.o
 .bss.g_usart_mode
                0x20000ec4        0x1 /home/liudayi/gitProj/f407-proj/bootloader/User/app/shell/cmd_src.o
 *fill*         0x20000ec5        0x3 
 .bss.__malloc_sbrk_start
                0x20000ec8        0x4 /opt/tools/arm-gnu-toolchain-15.3.rel1-x86_64-arm-none-eabi/bin/../lib/gcc/arm-none-eabi/15.3.1/../../../../arm-none-eabi/lib/thumb/v7e-m+fp/softfp/libc_nano.a(libc_a-mallocr.o)
                0x20000ec8                __malloc_sbrk_start
 .bss.__malloc_free_list
                0x20000ecc        0x4 /opt/tools/arm-gnu-toolchain-15.3.rel1-x86_64-arm-none-eabi/bin/../lib/gcc/arm-none-eabi/15.3.1/../../../../arm-none-eabi/lib/thumb/v7e-m+fp/softfp/libc_nano.a(libc_a-mallocr.o)
                0x20000ecc                __malloc_free_list
 .bss.__sf      0x20000ed0      0x138 /opt/tools/arm-gnu-toolchain-15.3.rel1-x86_64-arm-none-eabi/bin/../lib/gcc/arm-none-eabi/15.3.1/../../../../arm-none-eabi/lib/thumb/v7e-m+fp/softfp/libc_nano.a(libc_a-findfp.o)
                0x20000ed0                __sf
 .bss.__stdio_exit_handler
                0x20001008        0x4 /opt/tools/arm-gnu-toolchain-15.3.rel1-x86_64-arm-none-eabi/bin/../lib/gcc/arm-none-eabi/15.3.1/../../../../arm-none-eabi/lib/thumb/v7e-m+fp/softfp/libc_nano.a(libc_a-findfp.o)
                0x20001008                __stdio_exit_handler
 .bss.errno     0x2000100c        0x4 /opt/tools/arm-gnu-toolchain-15.3.rel1-x86_64-arm-none-eabi/bin/../lib/gcc/arm-none-eabi/15.3.1/../../../../arm-none-eabi/lib/thumb/v7e-m+fp/softfp/libc_nano.a(libc_a-reent.o)
                0x2000100c                errno
 .bss.__lock___malloc_recursive_mutex
                0x20001010        0x1 /opt/tools/arm-gnu-toolchain-15.3.rel1-x86_64-arm-none-eabi/bin/../lib/gcc/arm-none-eabi/15.3.1/../../../../arm-none-eabi/lib/thumb/v7e-m+fp/softfp/libc_nano.a(libc_a-lock.o)
                0x20001010                __lock___malloc_recursive_mutex
 .bss.__lock___sfp_recursive_mutex
                0x20001011        0x1 /opt/tools/arm-gnu-toolchain-15.3.rel1-x86_64-arm-none-eabi/bin/../lib/gcc/arm-none-eabi/15.3.1/../../../../arm-none-eabi/lib/thumb/v7e-m+fp/softfp/libc_nano.a(libc_a-lock.o)
                0x20001011                __lock___sfp_recursive_mutex
 *(COMMON)
                0x20001014                        . = ALIGN (0x4)
 *fill*         0x20001012        0x2 
                0x20001014                        _ebss = .
                0x20001014                        _end = .

.heap           0x6c000000        0x0
 *(.heap)
                0x6c000000                        . = ALIGN (0x4)

.exram          0x6c000000        0x0
 *(.EXRAM)
                0x6c000000                        . = ALIGN (0x4)
                0x6c000000                        _heap_start = ORIGIN (PSRAM)
                0x6c0ff000                        _heap_end = (ORIGIN (PSRAM) + LENGTH (PSRAM))
                0x20020000                        _stack_top = _estack
                [!provide]                        PROVIDE (__etext = _etext)
                [!provide]                        PROVIDE (__data_start__ = _sdata)
                [!provide]                        PROVIDE (__data_end__ = _edata)
                0x20000278                        PROVIDE (__bss_start__ = _sbss)
                0x20001014                        PROVIDE (__bss_end__ = _ebss)
OUTPUT(build/loader.elf elf32-littlearm)
LOAD linker stubs

.ARM.attributes
                0x00000000       0x2e
 .ARM.attributes
                0x00000000       0x22 /opt/tools/arm-gnu-toolchain-15.3.rel1-x86_64-arm-none-eabi/bin/../lib/gcc/arm-none-eabi/15.3.1/thumb/v7e-m+fp/softfp/crti.o
 .ARM.attributes
                0x00000022       0x25 /home/liudayi/gitProj/f407-proj/bootloader/Libraries/CMSIS/Device/ST/STM32F4xx/Source/Templates/gcc/startup_stm32f40xx.o
 .ARM.attributes
                0x00000047       0x25 /home/liudayi/gitProj/f407-proj/bootloader/Libraries/CMSIS/Device/ST/STM32F4xx/Source/Templates/gcc/reset_handler.o
 .ARM.attributes
                0x0000006c       0x32 /home/liudayi/gitProj/f407-proj/bootloader/Libraries/CMSIS/Device/ST/STM32F4xx/Source/Templates/system_stm32f4xx.o
 .ARM.attributes
                0x0000009e       0x32 /home/liudayi/gitProj/f407-proj/bootloader/Libraries/STM32F4xx_StdPeriph_Driver/src/stm32f4xx_rcc.o
 .ARM.attributes
                0x000000d0       0x32 /home/liudayi/gitProj/f407-proj/bootloader/Libraries/STM32F4xx_StdPeriph_Driver/src/stm32f4xx_dma.o
 .ARM.attributes
                0x00000102       0x32 /home/liudayi/gitProj/f407-proj/bootloader/Libraries/STM32F4xx_StdPeriph_Driver/src/misc.o
 .ARM.attributes
                0x00000134       0x32 /home/liudayi/gitProj/f407-proj/bootloader/Libraries/STM32F4xx_StdPeriph_Driver/src/stm32f4xx_gpio.o
 .ARM.attributes
                0x00000166       0x32 /home/liudayi/gitProj/f407-proj/bootloader/Libraries/STM32F4xx_StdPeriph_Driver/src/stm32f4xx_fsmc.o
 .ARM.attributes
                0x00000198       0x32 /home/liudayi/gitProj/f407-proj/bootloader/Libraries/STM32F4xx_StdPeriph_Driver/src/stm32f4xx_spi.o
 .ARM.attributes
                0x000001ca       0x32 /home/liudayi/gitProj/f407-proj/bootloader/Libraries/STM32F4xx_StdPeriph_Driver/src/stm32f4xx_usart.o
 .ARM.attributes
                0x000001fc       0x32 /home/liudayi/gitProj/f407-proj/bootloader/Libraries/STM32F4xx_StdPeriph_Driver/src/stm32f4xx_flash.o
 .ARM.attributes
                0x0000022e       0x32 /home/liudayi/gitProj/f407-proj/bootloader/Libraries/STM32F4xx_StdPeriph_Driver/src/stm32f4xx_tim.o
 .ARM.attributes
                0x00000260       0x32 /home/liudayi/gitProj/f407-proj/bootloader/User/bsp/spiFlash/bsp_spi_flash.o
 .ARM.attributes
                0x00000292       0x32 /home/liudayi/gitProj/f407-proj/bootloader/User/bsp/internalFlash/bsp_internalFlash.o
 .ARM.attributes
                0x000002c4       0x32 /home/liudayi/gitProj/f407-proj/bootloader/User/bsp/usart/bsp_debug_usart.o
 .ARM.attributes
                0x000002f6       0x32 /home/liudayi/gitProj/f407-proj/bootloader/User/bsp/SRAM/bsp_sram.o
 .ARM.attributes
                0x00000328       0x32 /home/liudayi/gitProj/f407-proj/bootloader/User/bsp/timer/bsp_timer.o
 .ARM.attributes
                0x0000035a       0x32 /home/liudayi/gitProj/f407-proj/bootloader/User/app/stm32f4xx_it.o
 .ARM.attributes
                0x0000038c       0x32 /home/liudayi/gitProj/f407-proj/bootloader/User/app/crc.o
 .ARM.attributes
                0x000003be       0x32 /home/liudayi/gitProj/f407-proj/bootloader/User/app/main.o
 .ARM.attributes
                0x000003f0       0x32 /home/liudayi/gitProj/f407-proj/bootloader/User/app/upgrade/download.o
 .ARM.attributes
                0x00000422       0x32 /home/liudayi/gitProj/f407-proj/bootloader/User/app/upgrade/common.o
 .ARM.attributes
                0x00000454       0x32 /home/liudayi/gitProj/f407-proj/bootloader/User/app/upgrade/iap.o
 .ARM.attributes
                0x00000486       0x32 /home/liudayi/gitProj/f407-proj/bootloader/User/app/ymodem/ymodem.o
 .ARM.attributes
                0x000004b8       0x32 /home/liudayi/gitProj/f407-proj/bootloader/User/app/syscalls.o
 .ARM.attributes
                0x000004ea       0x32 /home/liudayi/gitProj/f407-proj/bootloader/User/app/os_debug.o
 .ARM.attributes
                0x0000051c       0x32 /home/liudayi/gitProj/f407-proj/bootloader/User/app/dev_manage.o
 .ARM.attributes
                0x0000054e       0x32 /home/liudayi/gitProj/f407-proj/bootloader/User/app/flash_manage.o
 .ARM.attributes
                0x00000580       0x32 /home/liudayi/gitProj/f407-proj/bootloader/User/app/shell/cmd_src.o
 .ARM.attributes
                0x000005b2       0x22 /opt/tools/arm-gnu-toolchain-15.3.rel1-x86_64-arm-none-eabi/bin/../lib/gcc/arm-none-eabi/15.3.1/thumb/v7e-m+fp/softfp/libgcc.a(_arm_addsubdf3.o)
 .ARM.attributes
                0x000005d4       0x22 /opt/tools/arm-gnu-toolchain-15.3.rel1-x86_64-arm-none-eabi/bin/../lib/gcc/arm-none-eabi/15.3.1/thumb/v7e-m+fp/softfp/libgcc.a(_arm_muldivdf3.o)
 .ARM.attributes
                0x000005f6       0x22 /opt/tools/arm-gnu-toolchain-15.3.rel1-x86_64-arm-none-eabi/bin/../lib/gcc/arm-none-eabi/15.3.1/thumb/v7e-m+fp/softfp/libgcc.a(_arm_fixunsdfsi.o)
 .ARM.attributes
                0x00000618       0x32 /opt/tools/arm-gnu-toolchain-15.3.rel1-x86_64-arm-none-eabi/bin/../lib/gcc/arm-none-eabi/15.3.1/../../../../arm-none-eabi/lib/thumb/v7e-m+fp/softfp/libc_nano.a(libc_a-atoi.o)
 .ARM.attributes
                0x0000064a       0x32 /opt/tools/arm-gnu-toolchain-15.3.rel1-x86_64-arm-none-eabi/bin/../lib/gcc/arm-none-eabi/15.3.1/../../../../arm-none-eabi/lib/thumb/v7e-m+fp/softfp/libc_nano.a(libc_a-malloc.o)
 .ARM.attributes
                0x0000067c       0x32 /opt/tools/arm-gnu-toolchain-15.3.rel1-x86_64-arm-none-eabi/bin/../lib/gcc/arm-none-eabi/15.3.1/../../../../arm-none-eabi/lib/thumb/v7e-m+fp/softfp/libc_nano.a(libc_a-mallocr.o)
 .ARM.attributes
                0x000006ae       0x32 /opt/tools/arm-gnu-toolchain-15.3.rel1-x86_64-arm-none-eabi/bin/../lib/gcc/arm-none-eabi/15.3.1/../../../../arm-none-eabi/lib/thumb/v7e-m+fp/softfp/libc_nano.a(libc_a-mlock.o)
 .ARM.attributes
                0x000006e0       0x32 /opt/tools/arm-gnu-toolchain-15.3.rel1-x86_64-arm-none-eabi/bin/../lib/gcc/arm-none-eabi/15.3.1/../../../../arm-none-eabi/lib/thumb/v7e-m+fp/softfp/libc_nano.a(libc_a-strtol.o)
 .ARM.attributes
                0x00000712       0x32 /opt/tools/arm-gnu-toolchain-15.3.rel1-x86_64-arm-none-eabi/bin/../lib/gcc/arm-none-eabi/15.3.1/../../../../arm-none-eabi/lib/thumb/v7e-m+fp/softfp/libc_nano.a(libc_a-ctype_.o)
 .ARM.attributes
                0x00000744       0x32 /opt/tools/arm-gnu-toolchain-15.3.rel1-x86_64-arm-none-eabi/bin/../lib/gcc/arm-none-eabi/15.3.1/../../../../arm-none-eabi/lib/thumb/v7e-m+fp/softfp/libc_nano.a(libc_a-findfp.o)
 .ARM.attributes
                0x00000776       0x32 /opt/tools/arm-gnu-toolchain-15.3.rel1-x86_64-arm-none-eabi/bin/../lib/gcc/arm-none-eabi/15.3.1/../../../../arm-none-eabi/lib/thumb/v7e-m+fp/softfp/libc_nano.a(libc_a-fwalk.o)
 .ARM.attributes
                0x000007a8       0x32 /opt/tools/arm-gnu-toolchain-15.3.rel1-x86_64-arm-none-eabi/bin/../lib/gcc/arm-none-eabi/15.3.1/../../../../arm-none-eabi/lib/thumb/v7e-m+fp/softfp/libc_nano.a(libc_a-printf.o)
 .ARM.attributes
                0x000007da       0x32 /opt/tools/arm-gnu-toolchain-15.3.rel1-x86_64-arm-none-eabi/bin/../lib/gcc/arm-none-eabi/15.3.1/../../../../arm-none-eabi/lib/thumb/v7e-m+fp/softfp/libc_nano.a(libc_a-putchar.o)
 .ARM.attributes
                0x0000080c       0x32 /opt/tools/arm-gnu-toolchain-15.3.rel1-x86_64-arm-none-eabi/bin/../lib/gcc/arm-none-eabi/15.3.1/../../../../arm-none-eabi/lib/thumb/v7e-m+fp/softfp/libc_nano.a(libc_a-puts.o)
 .ARM.attributes
                0x0000083e       0x32 /opt/tools/arm-gnu-toolchain-15.3.rel1-x86_64-arm-none-eabi/bin/../lib/gcc/arm-none-eabi/15.3.1/../../../../arm-none-eabi/lib/thumb/v7e-m+fp/softfp/libc_nano.a(libc_a-sprintf.o)
 .ARM.attributes
                0x00000870       0x32 /opt/tools/arm-gnu-toolchain-15.3.rel1-x86_64-arm-none-eabi/bin/../lib/gcc/arm-none-eabi/15.3.1/../../../../arm-none-eabi/lib/thumb/v7e-m+fp/softfp/libc_nano.a(libc_a-stdio.o)
 .ARM.attributes
                0x000008a2       0x32 /opt/tools/arm-gnu-toolchain-15.3.rel1-x86_64-arm-none-eabi/bin/../lib/gcc/arm-none-eabi/15.3.1/../../../../arm-none-eabi/lib/thumb/v7e-m+fp/softfp/libc_nano.a(libc_a-vsnprintf.o)
 .ARM.attributes
                0x000008d4       0x32 /opt/tools/arm-gnu-toolchain-15.3.rel1-x86_64-arm-none-eabi/bin/../lib/gcc/arm-none-eabi/15.3.1/../../../../arm-none-eabi/lib/thumb/v7e-m+fp/softfp/libc_nano.a(libc_a-wbuf.o)
 .ARM.attributes
                0x00000906       0x32 /opt/tools/arm-gnu-toolchain-15.3.rel1-x86_64-arm-none-eabi/bin/../lib/gcc/arm-none-eabi/15.3.1/../../../../arm-none-eabi/lib/thumb/v7e-m+fp/softfp/libc_nano.a(libc_a-wsetup.o)
 .ARM.attributes
                0x00000938       0x32 /opt/tools/arm-gnu-toolchain-15.3.rel1-x86_64-arm-none-eabi/bin/../lib/gcc/arm-none-eabi/15.3.1/../../../../arm-none-eabi/lib/thumb/v7e-m+fp/softfp/libc_nano.a(libc_a-memcmp.o)
 .ARM.attributes
                0x0000096a       0x32 /opt/tools/arm-gnu-toolchain-15.3.rel1-x86_64-arm-none-eabi/bin/../lib/gcc/arm-none-eabi/15.3.1/../../../../arm-none-eabi/lib/thumb/v7e-m+fp/softfp/libc_nano.a(libc_a-memset.o)
 .ARM.attributes
                0x0000099c       0x32 /opt/tools/arm-gnu-toolchain-15.3.rel1-x86_64-arm-none-eabi/bin/../lib/gcc/arm-none-eabi/15.3.1/../../../../arm-none-eabi/lib/thumb/v7e-m+fp/softfp/libc_nano.a(libc_a-strncmp.o)
 .ARM.attributes
                0x000009ce       0x32 /opt/tools/arm-gnu-toolchain-15.3.rel1-x86_64-arm-none-eabi/bin/../lib/gcc/arm-none-eabi/15.3.1/../../../../arm-none-eabi/lib/thumb/v7e-m+fp/softfp/libc_nano.a(libc_a-closer.o)
 .ARM.attributes
                0x00000a00       0x32 /opt/tools/arm-gnu-toolchain-15.3.rel1-x86_64-arm-none-eabi/bin/../lib/gcc/arm-none-eabi/15.3.1/../../../../arm-none-eabi/lib/thumb/v7e-m+fp/softfp/libc_nano.a(libc_a-reent.o)
 .ARM.attributes
                0x00000a32       0x32 /opt/tools/arm-gnu-toolchain-15.3.rel1-x86_64-arm-none-eabi/bin/../lib/gcc/arm-none-eabi/15.3.1/../../../../arm-none-eabi/lib/thumb/v7e-m+fp/softfp/libc_nano.a(libc_a-impure.o)
 .ARM.attributes
                0x00000a64       0x32 /opt/tools/arm-gnu-toolchain-15.3.rel1-x86_64-arm-none-eabi/bin/../lib/gcc/arm-none-eabi/15.3.1/../../../../arm-none-eabi/lib/thumb/v7e-m+fp/softfp/libc_nano.a(libc_a-lseekr.o)
 .ARM.attributes
                0x00000a96       0x32 /opt/tools/arm-gnu-toolchain-15.3.rel1-x86_64-arm-none-eabi/bin/../lib/gcc/arm-none-eabi/15.3.1/../../../../arm-none-eabi/lib/thumb/v7e-m+fp/softfp/libc_nano.a(libc_a-readr.o)
 .ARM.attributes
                0x00000ac8       0x32 /opt/tools/arm-gnu-toolchain-15.3.rel1-x86_64-arm-none-eabi/bin/../lib/gcc/arm-none-eabi/15.3.1/../../../../arm-none-eabi/lib/thumb/v7e-m+fp/softfp/libc_nano.a(libc_a-sbrkr.o)
 .ARM.attributes
                0x00000afa       0x32 /opt/tools/arm-gnu-toolchain-15.3.rel1-x86_64-arm-none-eabi/bin/../lib/gcc/arm-none-eabi/15.3.1/../../../../arm-none-eabi/lib/thumb/v7e-m+fp/softfp/libc_nano.a(libc_a-writer.o)
 .ARM.attributes
                0x00000b2c       0x32 /opt/tools/arm-gnu-toolchain-15.3.rel1-x86_64-arm-none-eabi/bin/../lib/gcc/arm-none-eabi/15.3.1/../../../../arm-none-eabi/lib/thumb/v7e-m+fp/softfp/libc_nano.a(libc_a-errno.o)
 .ARM.attributes
                0x00000b5e       0x32 /opt/tools/arm-gnu-toolchain-15.3.rel1-x86_64-arm-none-eabi/bin/../lib/gcc/arm-none-eabi/15.3.1/../../../../arm-none-eabi/lib/thumb/v7e-m+fp/softfp/libc_nano.a(libc_a-lock.o)
 .ARM.attributes
                0x00000b90       0x20 /opt/tools/arm-gnu-toolchain-15.3.rel1-x86_64-arm-none-eabi/bin/../lib/gcc/arm-none-eabi/15.3.1/../../../../arm-none-eabi/lib/thumb/v7e-m+fp/softfp/libc_nano.a(libc_a-strcmp.o)
 .ARM.attributes
                0x00000bb0       0x32 /opt/tools/arm-gnu-toolchain-15.3.rel1-x86_64-arm-none-eabi/bin/../lib/gcc/arm-none-eabi/15.3.1/../../../../arm-none-eabi/lib/thumb/v7e-m+fp/softfp/libc_nano.a(libc_a-strcpy.o)
 .ARM.attributes
                0x00000be2       0x32 /opt/tools/arm-gnu-toolchain-15.3.rel1-x86_64-arm-none-eabi/bin/../lib/gcc/arm-none-eabi/15.3.1/../../../../arm-none-eabi/lib/thumb/v7e-m+fp/softfp/libc_nano.a(libc_a-memcpy-stub.o)
 .ARM.attributes
                0x00000c14       0x17 /opt/tools/arm-gnu-toolchain-15.3.rel1-x86_64-arm-none-eabi/bin/../lib/gcc/arm-none-eabi/15.3.1/../../../../arm-none-eabi/lib/thumb/v7e-m+fp/softfp/libc_nano.a(libc_a-strlen.o)
 .ARM.attributes
                0x00000c2b       0x32 /opt/tools/arm-gnu-toolchain-15.3.rel1-x86_64-arm-none-eabi/bin/../lib/gcc/arm-none-eabi/15.3.1/../../../../arm-none-eabi/lib/thumb/v7e-m+fp/softfp/libc_nano.a(libc_a-freer.o)
 .ARM.attributes
                0x00000c5d       0x32 /opt/tools/arm-gnu-toolchain-15.3.rel1-x86_64-arm-none-eabi/bin/../lib/gcc/arm-none-eabi/15.3.1/../../../../arm-none-eabi/lib/thumb/v7e-m+fp/softfp/libc_nano.a(libc_a-nano-svfprintf.o)
 .ARM.attributes
                0x00000c8f       0x32 /opt/tools/arm-gnu-toolchain-15.3.rel1-x86_64-arm-none-eabi/bin/../lib/gcc/arm-none-eabi/15.3.1/../../../../arm-none-eabi/lib/thumb/v7e-m+fp/softfp/libc_nano.a(libc_a-nano-vfprintf.o)
 .ARM.attributes
                0x00000cc1       0x32 /opt/tools/arm-gnu-toolchain-15.3.rel1-x86_64-arm-none-eabi/bin/../lib/gcc/arm-none-eabi/15.3.1/../../../../arm-none-eabi/lib/thumb/v7e-m+fp/softfp/libc_nano.a(libc_a-nano-vfprintf_i.o)
 .ARM.attributes
                0x00000cf3       0x32 /opt/tools/arm-gnu-toolchain-15.3.rel1-x86_64-arm-none-eabi/bin/../lib/gcc/arm-none-eabi/15.3.1/../../../../arm-none-eabi/lib/thumb/v7e-m+fp/softfp/libc_nano.a(libc_a-fflush.o)
 .ARM.attributes
                0x00000d25       0x32 /opt/tools/arm-gnu-toolchain-15.3.rel1-x86_64-arm-none-eabi/bin/../lib/gcc/arm-none-eabi/15.3.1/../../../../arm-none-eabi/lib/thumb/v7e-m+fp/softfp/libc_nano.a(libc_a-makebuf.o)
 .ARM.attributes
                0x00000d57       0x32 /opt/tools/arm-gnu-toolchain-15.3.rel1-x86_64-arm-none-eabi/bin/../lib/gcc/arm-none-eabi/15.3.1/../../../../arm-none-eabi/lib/thumb/v7e-m+fp/softfp/libc_nano.a(libc_a-putc.o)
 .ARM.attributes
                0x00000d89       0x32 /opt/tools/arm-gnu-toolchain-15.3.rel1-x86_64-arm-none-eabi/bin/../lib/gcc/arm-none-eabi/15.3.1/../../../../arm-none-eabi/lib/thumb/v7e-m+fp/softfp/libc_nano.a(libc_a-memmove.o)
 .ARM.attributes
                0x00000dbb       0x32 /opt/tools/arm-gnu-toolchain-15.3.rel1-x86_64-arm-none-eabi/bin/../lib/gcc/arm-none-eabi/15.3.1/../../../../arm-none-eabi/lib/thumb/v7e-m+fp/softfp/libc_nano.a(libc_a-fstatr.o)
 .ARM.attributes
                0x00000ded       0x32 /opt/tools/arm-gnu-toolchain-15.3.rel1-x86_64-arm-none-eabi/bin/../lib/gcc/arm-none-eabi/15.3.1/../../../../arm-none-eabi/lib/thumb/v7e-m+fp/softfp/libc_nano.a(libc_a-isattyr.o)
 .ARM.attributes
                0x00000e1f       0x1c /opt/tools/arm-gnu-toolchain-15.3.rel1-x86_64-arm-none-eabi/bin/../lib/gcc/arm-none-eabi/15.3.1/../../../../arm-none-eabi/lib/thumb/v7e-m+fp/softfp/libc_nano.a(libc_a-memchr.o)
 .ARM.attributes
                0x00000e3b       0x32 /opt/tools/arm-gnu-toolchain-15.3.rel1-x86_64-arm-none-eabi/bin/../lib/gcc/arm-none-eabi/15.3.1/../../../../arm-none-eabi/lib/thumb/v7e-m+fp/softfp/libc_nano.a(libc_a-reallocr.o)
 .ARM.attributes
                0x00000e6d       0x32 /opt/tools/arm-gnu-toolchain-15.3.rel1-x86_64-arm-none-eabi/bin/../lib/gcc/arm-none-eabi/15.3.1/../../../../arm-none-eabi/lib/thumb/v7e-m+fp/softfp/libc_nano.a(libc_a-msizer.o)
 .ARM.attributes
                0x00000e9f       0x22 /opt/tools/arm-gnu-toolchain-15.3.rel1-x86_64-arm-none-eabi/bin/../lib/gcc/arm-none-eabi/15.3.1/thumb/v7e-m+fp/softfp/crtn.o
