Archive member included to satisfy reference by file (symbol)

E:/ARM_GCC/arm-gnu-toolchain-15.2.rel1-mingw-w64-i686-arm-none-eabi/bin/../lib/gcc/arm-none-eabi/15.2.1/../../../../arm-none-eabi/lib/thumb/v7e-m+fp/softfp\libm.a(libm_a-w_pow.o)
                              E:/4project/stm32f407/f407-boot/app/User/app/cJSON/cJSON.o (pow)
E:/ARM_GCC/arm-gnu-toolchain-15.2.rel1-mingw-w64-i686-arm-none-eabi/bin/../lib/gcc/arm-none-eabi/15.2.1/../../../../arm-none-eabi/lib/thumb/v7e-m+fp/softfp\libm.a(libm_a-s_finite.o)
                              E:/ARM_GCC/arm-gnu-toolchain-15.2.rel1-mingw-w64-i686-arm-none-eabi/bin/../lib/gcc/arm-none-eabi/15.2.1/../../../../arm-none-eabi/lib/thumb/v7e-m+fp/softfp\libm.a(libm_a-w_pow.o) (finite)
E:/ARM_GCC/arm-gnu-toolchain-15.2.rel1-mingw-w64-i686-arm-none-eabi/bin/../lib/gcc/arm-none-eabi/15.2.1/../../../../arm-none-eabi/lib/thumb/v7e-m+fp/softfp\libm.a(libm_a-s_floor.o)
                              E:/4project/stm32f407/f407-boot/app/User/app/cJSON/cJSON.o (floor)
E:/ARM_GCC/arm-gnu-toolchain-15.2.rel1-mingw-w64-i686-arm-none-eabi/bin/../lib/gcc/arm-none-eabi/15.2.1/../../../../arm-none-eabi/lib/thumb/v7e-m+fp/softfp\libm.a(libm_a-e_pow.o)
                              E:/ARM_GCC/arm-gnu-toolchain-15.2.rel1-mingw-w64-i686-arm-none-eabi/bin/../lib/gcc/arm-none-eabi/15.2.1/../../../../arm-none-eabi/lib/thumb/v7e-m+fp/softfp\libm.a(libm_a-w_pow.o) (__ieee754_pow)
E:/ARM_GCC/arm-gnu-toolchain-15.2.rel1-mingw-w64-i686-arm-none-eabi/bin/../lib/gcc/arm-none-eabi/15.2.1/../../../../arm-none-eabi/lib/thumb/v7e-m+fp/softfp\libm.a(libm_a-s_fabs.o)
                              E:/ARM_GCC/arm-gnu-toolchain-15.2.rel1-mingw-w64-i686-arm-none-eabi/bin/../lib/gcc/arm-none-eabi/15.2.1/../../../../arm-none-eabi/lib/thumb/v7e-m+fp/softfp\libm.a(libm_a-e_pow.o) (fabs)
E:/ARM_GCC/arm-gnu-toolchain-15.2.rel1-mingw-w64-i686-arm-none-eabi/bin/../lib/gcc/arm-none-eabi/15.2.1/../../../../arm-none-eabi/lib/thumb/v7e-m+fp/softfp\libm.a(libm_a-s_scalbn.o)
                              E:/ARM_GCC/arm-gnu-toolchain-15.2.rel1-mingw-w64-i686-arm-none-eabi/bin/../lib/gcc/arm-none-eabi/15.2.1/../../../../arm-none-eabi/lib/thumb/v7e-m+fp/softfp\libm.a(libm_a-e_pow.o) (scalbn)
E:/ARM_GCC/arm-gnu-toolchain-15.2.rel1-mingw-w64-i686-arm-none-eabi/bin/../lib/gcc/arm-none-eabi/15.2.1/../../../../arm-none-eabi/lib/thumb/v7e-m+fp/softfp\libm.a(libm_a-math_err.o)
                              E:/ARM_GCC/arm-gnu-toolchain-15.2.rel1-mingw-w64-i686-arm-none-eabi/bin/../lib/gcc/arm-none-eabi/15.2.1/../../../../arm-none-eabi/lib/thumb/v7e-m+fp/softfp\libm.a(libm_a-e_pow.o) (__math_uflow)
E:/ARM_GCC/arm-gnu-toolchain-15.2.rel1-mingw-w64-i686-arm-none-eabi/bin/../lib/gcc/arm-none-eabi/15.2.1/../../../../arm-none-eabi/lib/thumb/v7e-m+fp/softfp\libm.a(libm_a-e_sqrt.o)
                              E:/ARM_GCC/arm-gnu-toolchain-15.2.rel1-mingw-w64-i686-arm-none-eabi/bin/../lib/gcc/arm-none-eabi/15.2.1/../../../../arm-none-eabi/lib/thumb/v7e-m+fp/softfp\libm.a(libm_a-e_pow.o) (__ieee754_sqrt)
E:/ARM_GCC/arm-gnu-toolchain-15.2.rel1-mingw-w64-i686-arm-none-eabi/bin/../lib/gcc/arm-none-eabi/15.2.1/thumb/v7e-m+fp/softfp\libgcc.a(_arm_muldf3.o)
                              E:/4project/stm32f407/f407-boot/app/User/app/cJSON/cJSON.o (__aeabi_dmul)
E:/ARM_GCC/arm-gnu-toolchain-15.2.rel1-mingw-w64-i686-arm-none-eabi/bin/../lib/gcc/arm-none-eabi/15.2.1/thumb/v7e-m+fp/softfp\libgcc.a(_arm_addsubdf3.o)
                              E:/4project/stm32f407/f407-boot/app/User/app/cJSON/cJSON.o (__aeabi_dsub)
E:/ARM_GCC/arm-gnu-toolchain-15.2.rel1-mingw-w64-i686-arm-none-eabi/bin/../lib/gcc/arm-none-eabi/15.2.1/thumb/v7e-m+fp/softfp\libgcc.a(_arm_muldivdf3.o)
                              E:/4project/stm32f407/f407-boot/app/User/app/upgrade/upgrade.o (__aeabi_ddiv)
E:/ARM_GCC/arm-gnu-toolchain-15.2.rel1-mingw-w64-i686-arm-none-eabi/bin/../lib/gcc/arm-none-eabi/15.2.1/thumb/v7e-m+fp/softfp\libgcc.a(_arm_cmpdf2.o)
                              E:/4project/stm32f407/f407-boot/app/User/app/cJSON/cJSON.o (__aeabi_dcmpeq)
E:/ARM_GCC/arm-gnu-toolchain-15.2.rel1-mingw-w64-i686-arm-none-eabi/bin/../lib/gcc/arm-none-eabi/15.2.1/thumb/v7e-m+fp/softfp\libgcc.a(_arm_unorddf2.o)
                              E:/ARM_GCC/arm-gnu-toolchain-15.2.rel1-mingw-w64-i686-arm-none-eabi/bin/../lib/gcc/arm-none-eabi/15.2.1/../../../../arm-none-eabi/lib/thumb/v7e-m+fp/softfp\libm.a(libm_a-w_pow.o) (__aeabi_dcmpun)
E:/ARM_GCC/arm-gnu-toolchain-15.2.rel1-mingw-w64-i686-arm-none-eabi/bin/../lib/gcc/arm-none-eabi/15.2.1/thumb/v7e-m+fp/softfp\libgcc.a(_arm_fixdfsi.o)
                              E:/4project/stm32f407/f407-boot/app/User/app/cJSON/cJSON.o (__aeabi_d2iz)
E:/ARM_GCC/arm-gnu-toolchain-15.2.rel1-mingw-w64-i686-arm-none-eabi/bin/../lib/gcc/arm-none-eabi/15.2.1/thumb/v7e-m+fp/softfp\libgcc.a(_arm_fixunsdfsi.o)
                              E:/4project/stm32f407/f407-boot/app/User/app/upgrade/upgrade.o (__aeabi_d2uiz)
[...]
Memory Configuration

Name             Origin             Length             Attributes
FLASH            0x08008000         0x00040000         xr
RAM              0x20000000         0x00020000         xrw
PSRAM            0x6c000000         0x000ff000         xrw
*default*        0x00000000         0xffffffff

Linker script and memory map

LOAD E:/ARM_GCC/arm-gnu-toolchain-15.2.rel1-mingw-w64-i686-arm-none-eabi/bin/../lib/gcc/arm-none-eabi/15.2.1/thumb/v7e-m+fp/softfp/crti.o
LOAD E:/ARM_GCC/arm-gnu-toolchain-15.2.rel1-mingw-w64-i686-arm-none-eabi/bin/../lib/gcc/arm-none-eabi/15.2.1/thumb/v7e-m+fp/softfp/crtbegin.o
LOAD E:/ARM_GCC/arm-gnu-toolchain-15.2.rel1-mingw-w64-i686-arm-none-eabi/bin/../lib/gcc/arm-none-eabi/15.2.1/../../../../arm-none-eabi/lib/thumb/v7e-m+fp/softfp/crt0.o
LOAD E:/4project/stm32f407/f407-boot/app/Libraries/CMSIS/Device/ST/STM32F4xx/Source/Templates/gcc/startup_stm32f40xx.o
LOAD E:/4project/stm32f407/f407-boot/app/Libraries/CMSIS/Device/ST/STM32F4xx/Source/Templates/gcc/reset_handler.o
LOAD E:/4project/stm32f407/f407-boot/app/Libraries/CMSIS/Device/ST/STM32F4xx/Source/Templates/system_stm32f4xx.o
LOAD E:/4project/stm32f407/f407-boot/app/Libraries/STM32F4xx_StdPeriph_Driver/src/misc.o
LOAD E:/4project/stm32f407/f407-boot/app/Libraries/STM32F4xx_StdPeriph_Driver/src/stm32f4xx_adc.o
LOAD E:/4project/stm32f407/f407-boot/app/Libraries/STM32F4xx_StdPeriph_Driver/src/stm32f4xx_can.o
LOAD E:/4project/stm32f407/f407-boot/app/Libraries/STM32F4xx_StdPeriph_Driver/src/stm32f4xx_cec.o
LOAD E:/4project/stm32f407/f407-boot/app/Libraries/STM32F4xx_StdPeriph_Driver/src/stm32f4xx_crc.o
LOAD E:/4project/stm32f407/f407-boot/app/Libraries/STM32F4xx_StdPeriph_Driver/src/stm32f4xx_cryp.o
LOAD E:/4project/stm32f407/f407-boot/app/Libraries/STM32F4xx_StdPeriph_Driver/src/stm32f4xx_cryp_aes.o
LOAD E:/4project/stm32f407/f407-boot/app/Libraries/STM32F4xx_StdPeriph_Driver/src/stm32f4xx_cryp_des.o
LOAD E:/4project/stm32f407/f407-boot/app/Libraries/STM32F4xx_StdPeriph_Driver/src/stm32f4xx_cryp_tdes.o
LOAD E:/4project/stm32f407/f407-boot/app/Libraries/STM32F4xx_StdPeriph_Driver/src/stm32f4xx_dac.o
LOAD E:/4project/stm32f407/f407-boot/app/Libraries/STM32F4xx_StdPeriph_Driver/src/stm32f4xx_dbgmcu.o
LOAD E:/4project/stm32f407/f407-boot/app/Libraries/STM32F4xx_StdPeriph_Driver/src/stm32f4xx_dcmi.o
LOAD E:/4project/stm32f407/f407-boot/app/Libraries/STM32F4xx_StdPeriph_Driver/src/stm32f4xx_dfsdm.o
LOAD E:/4project/stm32f407/f407-boot/app/Libraries/STM32F4xx_StdPeriph_Driver/src/stm32f4xx_dma.o
LOAD E:/4project/stm32f407/f407-boot/app/Libraries/STM32F4xx_StdPeriph_Driver/src/stm32f4xx_dsi.o
LOAD E:/4project/stm32f407/f407-boot/app/Libraries/STM32F4xx_StdPeriph_Driver/src/stm32f4xx_exti.o
LOAD E:/4project/stm32f407/f407-boot/app/Libraries/STM32F4xx_StdPeriph_Driver/src/stm32f4xx_flash.o
LOAD E:/4project/stm32f407/f407-boot/app/Libraries/STM32F4xx_StdPeriph_Driver/src/stm32f4xx_flash_ramfunc.o
LOAD E:/4project/stm32f407/f407-boot/app/Libraries/STM32F4xx_StdPeriph_Driver/src/stm32f4xx_fmpi2c.o
LOAD E:/4project/stm32f407/f407-boot/app/Libraries/STM32F4xx_StdPeriph_Driver/src/stm32f4xx_fsmc.o
LOAD E:/4project/stm32f407/f407-boot/app/Libraries/STM32F4xx_StdPeriph_Driver/src/stm32f4xx_gpio.o
LOAD E:/4project/stm32f407/f407-boot/app/Libraries/STM32F4xx_StdPeriph_Driver/src/stm32f4xx_hash.o
LOAD E:/4project/stm32f407/f407-boot/app/Libraries/STM32F4xx_StdPeriph_Driver/src/stm32f4xx_hash_md5.o
LOAD E:/4project/stm32f407/f407-boot/app/Libraries/STM32F4xx_StdPeriph_Driver/src/stm32f4xx_hash_sha1.o
LOAD E:/4project/stm32f407/f407-boot/app/Libraries/STM32F4xx_StdPeriph_Driver/src/stm32f4xx_i2c.o
LOAD E:/4project/stm32f407/f407-boot/app/Libraries/STM32F4xx_StdPeriph_Driver/src/stm32f4xx_iwdg.o
LOAD E:/4project/stm32f407/f407-boot/app/Libraries/STM32F4xx_StdPeriph_Driver/src/stm32f4xx_lptim.o
LOAD E:/4project/stm32f407/f407-boot/app/Libraries/STM32F4xx_StdPeriph_Driver/src/stm32f4xx_pwr.o
LOAD E:/4project/stm32f407/f407-boot/app/Libraries/STM32F4xx_StdPeriph_Driver/src/stm32f4xx_qspi.o
LOAD E:/4project/stm32f407/f407-boot/app/Libraries/STM32F4xx_StdPeriph_Driver/src/stm32f4xx_rcc.o
LOAD E:/4project/stm32f407/f407-boot/app/Libraries/STM32F4xx_StdPeriph_Driver/src/stm32f4xx_rng.o
LOAD E:/4project/stm32f407/f407-boot/app/Libraries/STM32F4xx_StdPeriph_Driver/src/stm32f4xx_rtc.o
LOAD E:/4project/stm32f407/f407-boot/app/Libraries/STM32F4xx_StdPeriph_Driver/src/stm32f4xx_sai.o
LOAD E:/4project/stm32f407/f407-boot/app/Libraries/STM32F4xx_StdPeriph_Driver/src/stm32f4xx_sdio.o
LOAD E:/4project/stm32f407/f407-boot/app/Libraries/STM32F4xx_StdPeriph_Driver/src/stm32f4xx_spdifrx.o
LOAD E:/4project/stm32f407/f407-boot/app/Libraries/STM32F4xx_StdPeriph_Driver/src/stm32f4xx_spi.o
LOAD E:/4project/stm32f407/f407-boot/app/Libraries/STM32F4xx_StdPeriph_Driver/src/stm32f4xx_syscfg.o
LOAD E:/4project/stm32f407/f407-boot/app/Libraries/STM32F4xx_StdPeriph_Driver/src/stm32f4xx_tim.o
LOAD E:/4project/stm32f407/f407-boot/app/Libraries/STM32F4xx_StdPeriph_Driver/src/stm32f4xx_usart.o
LOAD E:/4project/stm32f407/f407-boot/app/Libraries/STM32F4xx_StdPeriph_Driver/src/stm32f4xx_wwdg.o
LOAD E:/4project/stm32f407/f407-boot/app/freeRTOS/port/gcc/heap_4.o
LOAD E:/4project/stm32f407/f407-boot/app/freeRTOS/port/gcc/port.o
LOAD E:/4project/stm32f407/f407-boot/app/freeRTOS/src/croutine.o
LOAD E:/4project/stm32f407/f407-boot/app/freeRTOS/src/event_groups.o
LOAD E:/4project/stm32f407/f407-boot/app/freeRTOS/src/list.o
LOAD E:/4project/stm32f407/f407-boot/app/freeRTOS/src/queue.o
LOAD E:/4project/stm32f407/f407-boot/app/freeRTOS/src/stream_buffer.o
LOAD E:/4project/stm32f407/f407-boot/app/freeRTOS/src/tasks.o
LOAD E:/4project/stm32f407/f407-boot/app/freeRTOS/src/timers.o
LOAD E:/4project/stm32f407/f407-boot/app/lwip-2.1.2/port/Standalone/ethernetif.o
LOAD E:/4project/stm32f407/f407-boot/app/lwip-2.1.2/port/Standalone/sys_arch.o
LOAD E:/4project/stm32f407/f407-boot/app/lwip-2.1.2/src/api/api_lib.o
LOAD E:/4project/stm32f407/f407-boot/app/lwip-2.1.2/src/api/api_msg.o
LOAD E:/4project/stm32f407/f407-boot/app/lwip-2.1.2/src/api/err.o
LOAD E:/4project/stm32f407/f407-boot/app/lwip-2.1.2/src/api/if_api.o
LOAD E:/4project/stm32f407/f407-boot/app/lwip-2.1.2/src/api/netbuf.o
LOAD E:/4project/stm32f407/f407-boot/app/lwip-2.1.2/src/api/netdb.o
LOAD E:/4project/stm32f407/f407-boot/app/lwip-2.1.2/src/api/netifapi.o
LOAD E:/4project/stm32f407/f407-boot/app/lwip-2.1.2/src/api/sockets.o
LOAD E:/4project/stm32f407/f407-boot/app/lwip-2.1.2/src/api/tcpip.o
LOAD E:/4project/stm32f407/f407-boot/app/lwip-2.1.2/src/core/altcp.o
LOAD E:/4project/stm32f407/f407-boot/app/lwip-2.1.2/src/core/altcp_alloc.o
LOAD E:/4project/stm32f407/f407-boot/app/lwip-2.1.2/src/core/altcp_tcp.o
LOAD E:/4project/stm32f407/f407-boot/app/lwip-2.1.2/src/core/def.o
LOAD E:/4project/stm32f407/f407-boot/app/lwip-2.1.2/src/core/dns.o
LOAD E:/4project/stm32f407/f407-boot/app/lwip-2.1.2/src/core/inet_chksum.o
LOAD E:/4project/stm32f407/f407-boot/app/lwip-2.1.2/src/core/init.o
LOAD E:/4project/stm32f407/f407-boot/app/lwip-2.1.2/src/core/ip.o
LOAD E:/4project/stm32f407/f407-boot/app/lwip-2.1.2/src/core/ipv4/autoip.o
LOAD E:/4project/stm32f407/f407-boot/app/lwip-2.1.2/src/core/ipv4/dhcp.o
LOAD E:/4project/stm32f407/f407-boot/app/lwip-2.1.2/src/core/ipv4/etharp.o
LOAD E:/4project/stm32f407/f407-boot/app/lwip-2.1.2/src/core/ipv4/icmp.o
LOAD E:/4project/stm32f407/f407-boot/app/lwip-2.1.2/src/core/ipv4/igmp.o
LOAD E:/4project/stm32f407/f407-boot/app/lwip-2.1.2/src/core/ipv4/ip4.o
LOAD E:/4project/stm32f407/f407-boot/app/lwip-2.1.2/src/core/ipv4/ip4_addr.o
LOAD E:/4project/stm32f407/f407-boot/app/lwip-2.1.2/src/core/ipv4/ip4_frag.o
LOAD E:/4project/stm32f407/f407-boot/app/lwip-2.1.2/src/core/ipv6/dhcp6.o
LOAD E:/4project/stm32f407/f407-boot/app/lwip-2.1.2/src/core/ipv6/ethip6.o
LOAD E:/4project/stm32f407/f407-boot/app/lwip-2.1.2/src/core/ipv6/icmp6.o
LOAD E:/4project/stm32f407/f407-boot/app/lwip-2.1.2/src/core/ipv6/inet6.o
LOAD E:/4project/stm32f407/f407-boot/app/lwip-2.1.2/src/core/ipv6/ip6.o
LOAD E:/4project/stm32f407/f407-boot/app/lwip-2.1.2/src/core/ipv6/ip6_addr.o
LOAD E:/4project/stm32f407/f407-boot/app/lwip-2.1.2/src/core/ipv6/ip6_frag.o
LOAD E:/4project/stm32f407/f407-boot/app/lwip-2.1.2/src/core/ipv6/mld6.o
LOAD E:/4project/stm32f407/f407-boot/app/lwip-2.1.2/src/core/ipv6/nd6.o
LOAD E:/4project/stm32f407/f407-boot/app/lwip-2.1.2/src/core/mem.o
LOAD E:/4project/stm32f407/f407-boot/app/lwip-2.1.2/src/core/memp.o
LOAD E:/4project/stm32f407/f407-boot/app/lwip-2.1.2/src/core/netif.o
LOAD E:/4project/stm32f407/f407-boot/app/lwip-2.1.2/src/core/pbuf.o
LOAD E:/4project/stm32f407/f407-boot/app/lwip-2.1.2/src/core/raw.o
LOAD E:/4project/stm32f407/f407-boot/app/lwip-2.1.2/src/core/stats.o
LOAD E:/4project/stm32f407/f407-boot/app/lwip-2.1.2/src/core/sys.o
LOAD E:/4project/stm32f407/f407-boot/app/lwip-2.1.2/src/core/tcp.o
LOAD E:/4project/stm32f407/f407-boot/app/lwip-2.1.2/src/core/tcp_in.o
LOAD E:/4project/stm32f407/f407-boot/app/lwip-2.1.2/src/core/tcp_out.o
LOAD E:/4project/stm32f407/f407-boot/app/lwip-2.1.2/src/core/timeouts.o
LOAD E:/4project/stm32f407/f407-boot/app/lwip-2.1.2/src/core/udp.o
LOAD E:/4project/stm32f407/f407-boot/app/lwip-2.1.2/src/netif/bridgeif.o
LOAD E:/4project/stm32f407/f407-boot/app/lwip-2.1.2/src/netif/bridgeif_fdb.o
LOAD E:/4project/stm32f407/f407-boot/app/lwip-2.1.2/src/netif/ethernet.o
LOAD E:/4project/stm32f407/f407-boot/app/lwip-2.1.2/src/netif/lowpan6.o
LOAD E:/4project/stm32f407/f407-boot/app/lwip-2.1.2/src/netif/lowpan6_ble.o
LOAD E:/4project/stm32f407/f407-boot/app/lwip-2.1.2/src/netif/lowpan6_common.o
LOAD E:/4project/stm32f407/f407-boot/app/lwip-2.1.2/src/netif/ppp/auth.o
LOAD E:/4project/stm32f407/f407-boot/app/lwip-2.1.2/src/netif/ppp/ccp.o
LOAD E:/4project/stm32f407/f407-boot/app/lwip-2.1.2/src/netif/ppp/chap-md5.o
LOAD E:/4project/stm32f407/f407-boot/app/lwip-2.1.2/src/netif/ppp/chap-new.o
LOAD E:/4project/stm32f407/f407-boot/app/lwip-2.1.2/src/netif/ppp/chap_ms.o
LOAD E:/4project/stm32f407/f407-boot/app/lwip-2.1.2/src/netif/ppp/demand.o
LOAD E:/4project/stm32f407/f407-boot/app/lwip-2.1.2/src/netif/ppp/eap.o
LOAD E:/4project/stm32f407/f407-boot/app/lwip-2.1.2/src/netif/ppp/ecp.o
LOAD E:/4project/stm32f407/f407-boot/app/lwip-2.1.2/src/netif/ppp/eui64.o
LOAD E:/4project/stm32f407/f407-boot/app/lwip-2.1.2/src/netif/ppp/fsm.o
LOAD E:/4project/stm32f407/f407-boot/app/lwip-2.1.2/src/netif/ppp/ipcp.o
LOAD E:/4project/stm32f407/f407-boot/app/lwip-2.1.2/src/netif/ppp/ipv6cp.o
LOAD E:/4project/stm32f407/f407-boot/app/lwip-2.1.2/src/netif/ppp/lcp.o
LOAD E:/4project/stm32f407/f407-boot/app/lwip-2.1.2/src/netif/ppp/magic.o
LOAD E:/4project/stm32f407/f407-boot/app/lwip-2.1.2/src/netif/ppp/mppe.o
LOAD E:/4project/stm32f407/f407-boot/app/lwip-2.1.2/src/netif/ppp/multilink.o
LOAD E:/4project/stm32f407/f407-boot/app/lwip-2.1.2/src/netif/ppp/polarssl/arc4.o
LOAD E:/4project/stm32f407/f407-boot/app/lwip-2.1.2/src/netif/ppp/polarssl/des.o
LOAD E:/4project/stm32f407/f407-boot/app/lwip-2.1.2/src/netif/ppp/polarssl/md4.o
LOAD E:/4project/stm32f407/f407-boot/app/lwip-2.1.2/src/netif/ppp/polarssl/md5.o
LOAD E:/4project/stm32f407/f407-boot/app/lwip-2.1.2/src/netif/ppp/polarssl/sha1.o
LOAD E:/4project/stm32f407/f407-boot/app/lwip-2.1.2/src/netif/ppp/ppp.o
LOAD E:/4project/stm32f407/f407-boot/app/lwip-2.1.2/src/netif/ppp/pppapi.o
LOAD E:/4project/stm32f407/f407-boot/app/lwip-2.1.2/src/netif/ppp/pppcrypt.o
LOAD E:/4project/stm32f407/f407-boot/app/lwip-2.1.2/src/netif/ppp/pppoe.o
LOAD E:/4project/stm32f407/f407-boot/app/lwip-2.1.2/src/netif/ppp/pppol2tp.o
LOAD E:/4project/stm32f407/f407-boot/app/lwip-2.1.2/src/netif/ppp/pppos.o
LOAD E:/4project/stm32f407/f407-boot/app/lwip-2.1.2/src/netif/ppp/upap.o
LOAD E:/4project/stm32f407/f407-boot/app/lwip-2.1.2/src/netif/ppp/utils.o
LOAD E:/4project/stm32f407/f407-boot/app/lwip-2.1.2/src/netif/ppp/vj.o
LOAD E:/4project/stm32f407/f407-boot/app/lwip-2.1.2/src/netif/slipif.o
LOAD E:/4project/stm32f407/f407-boot/app/lwip-2.1.2/src/netif/zepif.o
LOAD E:/4project/stm32f407/f407-boot/app/User/bsp/can/bsp_can.o
LOAD E:/4project/stm32f407/f407-boot/app/User/bsp/dht11/bsp_dht11.o
LOAD E:/4project/stm32f407/f407-boot/app/User/bsp/dwt_delay/core_delay.o
LOAD E:/4project/stm32f407/f407-boot/app/User/bsp/ESP8266/bsp_esp8266.o
LOAD E:/4project/stm32f407/f407-boot/app/User/bsp/ESP8266/bsp_esp8266_test.o
LOAD E:/4project/stm32f407/f407-boot/app/User/bsp/eth/stm32f4x7_eth.o
LOAD E:/4project/stm32f407/f407-boot/app/User/bsp/eth/stm32f4x7_phy.o
LOAD E:/4project/stm32f407/f407-boot/app/User/bsp/internalFlash/bsp_internalFlash.o
LOAD E:/4project/stm32f407/f407-boot/app/User/bsp/key/bsp_key.o
LOAD E:/4project/stm32f407/f407-boot/app/User/bsp/led/bsp_led.o
LOAD E:/4project/stm32f407/f407-boot/app/User/bsp/rcc/bsp_clkconfig.o
LOAD E:/4project/stm32f407/f407-boot/app/User/bsp/rtc/bsp_rtc.o
LOAD E:/4project/stm32f407/f407-boot/app/User/bsp/spiFlash/bsp_spi_flash.o
LOAD E:/4project/stm32f407/f407-boot/app/User/bsp/SRAM/bsp_sram.o
LOAD E:/4project/stm32f407/f407-boot/app/User/bsp/sysTick/bsp_systick.o
LOAD E:/4project/stm32f407/f407-boot/app/User/bsp/timer/bsp_timer.o
LOAD E:/4project/stm32f407/f407-boot/app/User/bsp/usart/bsp_usart.o
LOAD E:/4project/stm32f407/f407-boot/app/User/bsp/usart/rx_data_queue.o
LOAD E:/4project/stm32f407/f407-boot/app/User/app/algorithmLib/avltree.o
LOAD E:/4project/stm32f407/f407-boot/app/User/app/button/multi_button.o
LOAD E:/4project/stm32f407/f407-boot/app/User/app/cJSON/cJSON.o
LOAD E:/4project/stm32f407/f407-boot/app/User/app/cJSON/cJSON_Process.o
LOAD E:/4project/stm32f407/f407-boot/app/User/app/crc/crc.o
LOAD E:/4project/stm32f407/f407-boot/app/User/app/devConfig/devConfig.o
LOAD E:/4project/stm32f407/f407-boot/app/User/app/devMng/dev_manage.o
LOAD E:/4project/stm32f407/f407-boot/app/User/app/flashMng/flash_manage.o
LOAD E:/4project/stm32f407/f407-boot/app/User/app/http/fs.o
LOAD E:/4project/stm32f407/f407-boot/app/User/app/http/httpd.o
LOAD E:/4project/stm32f407/f407-boot/app/User/app/http/http_callback_stub.o
LOAD E:/4project/stm32f407/f407-boot/app/User/app/main.o
LOAD E:/4project/stm32f407/f407-boot/app/User/app/net/netconf.o
LOAD E:/4project/stm32f407/f407-boot/app/User/app/net/ping.o
LOAD E:/4project/stm32f407/f407-boot/app/User/app/net/sntp.o
LOAD E:/4project/stm32f407/f407-boot/app/User/app/net/sntp_api.o
LOAD E:/4project/stm32f407/f407-boot/app/User/app/net/telnet.o
LOAD E:/4project/stm32f407/f407-boot/app/User/app/osHal/export.o
LOAD E:/4project/stm32f407/f407-boot/app/User/app/osHal/log.o
LOAD E:/4project/stm32f407/f407-boot/app/User/app/osHal/os_debug.o
LOAD E:/4project/stm32f407/f407-boot/app/User/app/osHal/safe_utils.o
LOAD E:/4project/stm32f407/f407-boot/app/User/app/shell/shell_control.o
LOAD E:/4project/stm32f407/f407-boot/app/User/app/shell/shell_src.o
LOAD E:/4project/stm32f407/f407-boot/app/User/app/shell/USART.o
LOAD E:/4project/stm32f407/f407-boot/app/User/app/shell/ustdio.o
LOAD E:/4project/stm32f407/f407-boot/app/User/app/stm32f4xx_it.o
LOAD E:/4project/stm32f407/f407-boot/app/User/app/syscalls.o
LOAD E:/4project/stm32f407/f407-boot/app/User/app/upgrade/post.o
LOAD E:/4project/stm32f407/f407-boot/app/User/app/upgrade/upgrade.o
LOAD E:/4project/stm32f407/f407-boot/app/User/malloc/malloc.o
LOAD E:/4project/stm32f407/f407-boot/app/FATFS/ff.o
LOAD E:/4project/stm32f407/f407-boot/app/FATFS/diskio.o
LOAD E:/ARM_GCC/arm-gnu-toolchain-15.2.rel1-mingw-w64-i686-arm-none-eabi/bin/../lib/gcc/arm-none-eabi/15.2.1/../../../../arm-none-eabi/lib/thumb/v7e-m+fp/softfp\libm.a
START GROUP
LOAD E:/ARM_GCC/arm-gnu-toolchain-15.2.rel1-mingw-w64-i686-arm-none-eabi/bin/../lib/gcc/arm-none-eabi/15.2.1/thumb/v7e-m+fp/softfp\libgcc.a
LOAD E:/ARM_GCC/arm-gnu-toolchain-15.2.rel1-mingw-w64-i686-arm-none-eabi/bin/../lib/gcc/arm-none-eabi/15.2.1/../../../../arm-none-eabi/lib/thumb/v7e-m+fp/softfp\libc_nano.a
END GROUP
START GROUP
LOAD E:/ARM_GCC/arm-gnu-toolchain-15.2.rel1-mingw-w64-i686-arm-none-eabi/bin/../lib/gcc/arm-none-eabi/15.2.1/thumb/v7e-m+fp/softfp\libgcc.a
LOAD E:/ARM_GCC/arm-gnu-toolchain-15.2.rel1-mingw-w64-i686-arm-none-eabi/bin/../lib/gcc/arm-none-eabi/15.2.1/../../../../arm-none-eabi/lib/thumb/v7e-m+fp/softfp\libc_nano.a
END GROUP
LOAD E:/ARM_GCC/arm-gnu-toolchain-15.2.rel1-mingw-w64-i686-arm-none-eabi/bin/../lib/gcc/arm-none-eabi/15.2.1/thumb/v7e-m+fp/softfp/crtend.o
LOAD E:/ARM_GCC/arm-gnu-toolchain-15.2.rel1-mingw-w64-i686-arm-none-eabi/bin/../lib/gcc/arm-none-eabi/15.2.1/thumb/v7e-m+fp/softfp/crtn.o
                0x2001fffc                        _estack = ((ORIGIN (RAM) + LENGTH (RAM)) - 0x4)

.isr_vector     0x08008000      0x188
 *(.isr_vector)
 .isr_vector    0x08008000      0x188 E:/4project/stm32f407/f407-boot/app/Libraries/CMSIS/Device/ST/STM32F4xx/Source/Templates/gcc/startup_stm32f40xx.o
                0x08008000                g_pfnVectors

.text           0x08008190    0x192a0
 *(.text*)
 .text.Default_Handler
                0x08008190        0x2 E:/4project/stm32f407/f407-boot/app/Libraries/CMSIS/Device/ST/STM32F4xx/Source/Templates/gcc/startup_stm32f40xx.o
                0x08008190                RTC_Alarm_IRQHandler
                0x08008190                HASH_RNG_IRQHandler
                0x08008190                EXTI2_IRQHandler
                0x08008190                TIM8_CC_IRQHandler
                0x08008190                TIM1_CC_IRQHandler
                0x08008190                DMA2_Stream5_IRQHandler
                0x08008190                DMA1_Stream5_IRQHandler
                0x08008190                PVD_IRQHandler
                0x08008190                SDIO_IRQHandler
                0x08008190                TAMP_STAMP_IRQHandler
                0x08008190                CAN2_RX1_IRQHandler
                0x08008190                EXTI3_IRQHandler
                0x08008190                TIM8_TRG_COM_TIM14_IRQHandler
                0x08008190                TIM1_UP_TIM10_IRQHandler
                0x08008190                TIM8_UP_TIM13_IRQHandler
                0x08008190                I2C3_ER_IRQHandler
                0x08008190                I2C2_EV_IRQHandler
                0x08008190                DMA1_Stream2_IRQHandler
                0x08008190                CAN1_RX0_IRQHandler
                0x08008190                FPU_IRQHandler
                0x08008190                OTG_HS_WKUP_IRQHandler
                0x08008190                CAN2_SCE_IRQHandler
                0x08008190                DMA2_Stream2_IRQHandler
                0x08008190                SPI1_IRQHandler
                0x08008190                TIM6_DAC_IRQHandler
                0x08008190                TIM1_BRK_TIM9_IRQHandler
                0x08008190                DCMI_IRQHandler
                0x08008190                CAN2_RX0_IRQHandler
                0x08008190                DMA2_Stream3_IRQHandler
                0x08008190                USART6_IRQHandler
                0x08008190                USART3_IRQHandler
                0x08008190                CRYP_IRQHandler
                0x08008190                CAN1_RX1_IRQHandler
                0x08008190                UART5_IRQHandler
                0x08008190                DMA2_Stream0_IRQHandler
                0x08008190                TIM4_IRQHandler
                0x08008190                I2C1_EV_IRQHandler
                0x08008190                DMA1_Stream6_IRQHandler
                0x08008190                DMA1_Stream1_IRQHandler
                0x08008190                UART4_IRQHandler
                0x08008190                RCC_IRQHandler
                0x08008190                TIM8_BRK_TIM12_IRQHandler
                0x08008190                Default_Handler
                0x08008190                ADC_IRQHandler
                0x08008190                DMA1_Stream7_IRQHandler
                0x08008190                TIM7_IRQHandler
                0x08008190                CAN2_TX_IRQHandler
                0x08008190                TIM5_IRQHandler
                0x08008190                DMA2_Stream7_IRQHandler
                0x08008190                I2C3_EV_IRQHandler
                0x08008190                EXTI9_5_IRQHandler
                0x08008190                RTC_WKUP_IRQHandler
                0x08008190                ETH_WKUP_IRQHandler
                0x08008190                SPI2_IRQHandler
                0x08008190                OTG_HS_EP1_IN_IRQHandler
                0x08008190                DMA1_Stream0_IRQHandler
                0x08008190                CAN1_TX_IRQHandler
                0x08008190                EXTI4_IRQHandler
                0x08008190                FSMC_IRQHandler
                0x08008190                OTG_HS_EP1_OUT_IRQHandler
                0x08008190                WWDG_IRQHandler
                0x08008190                TIM2_IRQHandler
                0x08008190                OTG_FS_WKUP_IRQHandler
                0x08008190                TIM1_TRG_COM_TIM11_IRQHandler
                0x08008190                OTG_HS_IRQHandler
                0x08008190                EXTI1_IRQHandler
                0x08008190                USART2_IRQHandler
                0x08008190                I2C2_ER_IRQHandler
                0x08008190                DMA2_Stream1_IRQHandler
                0x08008190                CAN1_SCE_IRQHandler
                0x08008190                FLASH_IRQHandler
                0x08008190                DMA2_Stream4_IRQHandler
                0x08008190                OTG_FS_IRQHandler
                0x08008190                SPI3_IRQHandler
                0x08008190                DMA1_Stream4_IRQHandler
                0x08008190                I2C1_ER_IRQHandler
                0x08008190                DMA2_Stream6_IRQHandler
                0x08008190                DMA1_Stream3_IRQHandler
 *fill*         0x08008192        0x2 
 .text          0x08008194       0x50 E:/4project/stm32f407/f407-boot/app/Libraries/CMSIS/Device/ST/STM32F4xx/Source/Templates/gcc/reset_handler.o
                0x08008194                Reset_Handler
 .text.SystemInit
                0x080081e4       0xfc E:/4project/stm32f407/f407-boot/app/Libraries/CMSIS/Device/ST/STM32F4xx/Source/Templates/system_stm32f4xx.o
                0x080081e4                SystemInit
 .text.NVIC_PriorityGroupConfig
                0x080082e0       0x14 E:/4project/stm32f407/f407-boot/app/Libraries/STM32F4xx_StdPeriph_Driver/src/misc.o
                0x080082e0                NVIC_PriorityGroupConfig
 .text.NVIC_Init
                0x080082f4       0x54 E:/4project/stm32f407/f407-boot/app/Libraries/STM32F4xx_StdPeriph_Driver/src/misc.o
                0x080082f4                NVIC_Init
 .text.DMA_DeInit
                0x08008348      0x110 E:/4project/stm32f407/f407-boot/app/Libraries/STM32F4xx_StdPeriph_Driver/src/stm32f4xx_dma.o
                0x08008348                DMA_DeInit
 .text.DMA_Init
                0x08008458       0x54 E:/4project/stm32f407/f407-boot/app/Libraries/STM32F4xx_StdPeriph_Driver/src/stm32f4xx_dma.o
                0x08008458                DMA_Init
 .text.DMA_Cmd  0x080084ac       0x12 E:/4project/stm32f407/f407-boot/app/Libraries/STM32F4xx_StdPeriph_Driver/src/stm32f4xx_dma.o
                0x080084ac                DMA_Cmd
 .text.DMA_GetCmdStatus
                0x080084be        0x8 E:/4project/stm32f407/f407-boot/app/Libraries/STM32F4xx_StdPeriph_Driver/src/stm32f4xx_dma.o
                0x080084be                DMA_GetCmdStatus
 *fill*         0x080084c6        0x2 
 .text.DMA_GetFlagStatus
                0x080084c8       0x34 E:/4project/stm32f407/f407-boot/app/Libraries/STM32F4xx_StdPeriph_Driver/src/stm32f4xx_dma.o
                0x080084c8                DMA_GetFlagStatus
 .text.DMA_ClearFlag
                0x080084fc       0x2c E:/4project/stm32f407/f407-boot/app/Libraries/STM32F4xx_StdPeriph_Driver/src/stm32f4xx_dma.o
                0x080084fc                DMA_ClearFlag
 .text.EXTI_GetFlagStatus
                0x08008528       0x14 E:/4project/stm32f407/f407-boot/app/Libraries/STM32F4xx_StdPeriph_Driver/src/stm32f4xx_exti.o
                0x08008528                EXTI_GetFlagStatus
 .text.EXTI_GetITStatus
                0x0800853c        0x4 E:/4project/stm32f407/f407-boot/app/Libraries/STM32F4xx_StdPeriph_Driver/src/stm32f4xx_exti.o
                0x0800853c                EXTI_GetITStatus
 .text.EXTI_ClearITPendingBit
                0x08008540        0xc E:/4project/stm32f407/f407-boot/app/Libraries/STM32F4xx_StdPeriph_Driver/src/stm32f4xx_exti.o
                0x08008540                EXTI_ClearITPendingBit
 .text.FLASH_Unlock
                0x0800854c       0x1c E:/4project/stm32f407/f407-boot/app/Libraries/STM32F4xx_StdPeriph_Driver/src/stm32f4xx_flash.o
                0x0800854c                FLASH_Unlock
 .text.FLASH_Lock
                0x08008568       0x10 E:/4project/stm32f407/f407-boot/app/Libraries/STM32F4xx_StdPeriph_Driver/src/stm32f4xx_flash.o
                0x08008568                FLASH_Lock
 .text.FLASH_ClearFlag
                0x08008578        0xc E:/4project/stm32f407/f407-boot/app/Libraries/STM32F4xx_StdPeriph_Driver/src/stm32f4xx_flash.o
                0x08008578                FLASH_ClearFlag
 .text.FLASH_GetStatus
                0x08008584       0x40 E:/4project/stm32f407/f407-boot/app/Libraries/STM32F4xx_StdPeriph_Driver/src/stm32f4xx_flash.o
                0x08008584                FLASH_GetStatus
 .text.FLASH_WaitForLastOperation
                0x080085c4       0x20 E:/4project/stm32f407/f407-boot/app/Libraries/STM32F4xx_StdPeriph_Driver/src/stm32f4xx_flash.o
                0x080085c4                FLASH_WaitForLastOperation
 .text.FLASH_EraseSector
                0x080085e4       0x5c E:/4project/stm32f407/f407-boot/app/Libraries/STM32F4xx_StdPeriph_Driver/src/stm32f4xx_flash.o
                0x080085e4                FLASH_EraseSector
 .text.FLASH_ProgramWord
                0x08008640       0x3c E:/4project/stm32f407/f407-boot/app/Libraries/STM32F4xx_StdPeriph_Driver/src/stm32f4xx_flash.o
                0x08008640                FLASH_ProgramWord
 .text.FSMC_NORSRAMInit
                0x0800867c       0xc0 E:/4project/stm32f407/f407-boot/app/Libraries/STM32F4xx_StdPeriph_Driver/src/stm32f4xx_fsmc.o
                0x0800867c                FSMC_NORSRAMInit
 .text.FSMC_NORSRAMCmd
                0x0800873c       0x24 E:/4project/stm32f407/f407-boot/app/Libraries/STM32F4xx_StdPeriph_Driver/src/stm32f4xx_fsmc.o
                0x0800873c                FSMC_NORSRAMCmd
 .text.GPIO_Init
                0x08008760       0x86 E:/4project/stm32f407/f407-boot/app/Libraries/STM32F4xx_StdPeriph_Driver/src/stm32f4xx_gpio.o
                0x08008760                GPIO_Init
 .text.GPIO_ReadInputDataBit
                0x080087e6        0xc E:/4project/stm32f407/f407-boot/app/Libraries/STM32F4xx_StdPeriph_Driver/src/stm32f4xx_gpio.o
                0x080087e6                GPIO_ReadInputDataBit
 .text.GPIO_ReadOutputData
                0x080087f2        0x6 E:/4project/stm32f407/f407-boot/app/Libraries/STM32F4xx_StdPeriph_Driver/src/stm32f4xx_gpio.o
                0x080087f2                GPIO_ReadOutputData
 .text.GPIO_SetBits
                0x080087f8        0x4 E:/4project/stm32f407/f407-boot/app/Libraries/STM32F4xx_StdPeriph_Driver/src/stm32f4xx_gpio.o
                0x080087f8                GPIO_SetBits
 .text.GPIO_ResetBits
                0x080087fc        0x4 E:/4project/stm32f407/f407-boot/app/Libraries/STM32F4xx_StdPeriph_Driver/src/stm32f4xx_gpio.o
                0x080087fc                GPIO_ResetBits
 .text.GPIO_PinAFConfig
                0x08008800       0x24 E:/4project/stm32f407/f407-boot/app/Libraries/STM32F4xx_StdPeriph_Driver/src/stm32f4xx_gpio.o
                0x08008800                GPIO_PinAFConfig
 .text.PWR_BackupAccessCmd
                0x08008824        0xc E:/4project/stm32f407/f407-boot/app/Libraries/STM32F4xx_StdPeriph_Driver/src/stm32f4xx_pwr.o
                0x08008824                PWR_BackupAccessCmd
 .text.RCC_LSICmd
                0x08008830        0xc E:/4project/stm32f407/f407-boot/app/Libraries/STM32F4xx_StdPeriph_Driver/src/stm32f4xx_rcc.o
                0x08008830                RCC_LSICmd
 .text.RCC_GetClocksFreq
                0x0800883c       0x84 E:/4project/stm32f407/f407-boot/app/Libraries/STM32F4xx_StdPeriph_Driver/src/stm32f4xx_rcc.o
                0x0800883c                RCC_GetClocksFreq
 .text.RCC_RTCCLKConfig
                0x080088c0       0x30 E:/4project/stm32f407/f407-boot/app/Libraries/STM32F4xx_StdPeriph_Driver/src/stm32f4xx_rcc.o
                0x080088c0                RCC_RTCCLKConfig
 .text.RCC_RTCCLKCmd
                0x080088f0        0xc E:/4project/stm32f407/f407-boot/app/Libraries/STM32F4xx_StdPeriph_Driver/src/stm32f4xx_rcc.o
                0x080088f0                RCC_RTCCLKCmd
 .text.RCC_AHB1PeriphClockCmd
                0x080088fc       0x18 E:/4project/stm32f407/f407-boot/app/Libraries/STM32F4xx_StdPeriph_Driver/src/stm32f4xx_rcc.o
                0x080088fc                RCC_AHB1PeriphClockCmd
 .text.RCC_AHB3PeriphClockCmd
                0x08008914       0x18 E:/4project/stm32f407/f407-boot/app/Libraries/STM32F4xx_StdPeriph_Driver/src/stm32f4xx_rcc.o
                0x08008914                RCC_AHB3PeriphClockCmd
 .text.RCC_APB1PeriphClockCmd
                0x0800892c       0x18 E:/4project/stm32f407/f407-boot/app/Libraries/STM32F4xx_StdPeriph_Driver/src/stm32f4xx_rcc.o
                0x0800892c                RCC_APB1PeriphClockCmd
 .text.RCC_APB2PeriphClockCmd
                0x08008944       0x18 E:/4project/stm32f407/f407-boot/app/Libraries/STM32F4xx_StdPeriph_Driver/src/stm32f4xx_rcc.o
                0x08008944                RCC_APB2PeriphClockCmd
 .text.RCC_AHB1PeriphResetCmd
                0x0800895c       0x18 E:/4project/stm32f407/f407-boot/app/Libraries/STM32F4xx_StdPeriph_Driver/src/stm32f4xx_rcc.o
                0x0800895c                RCC_AHB1PeriphResetCmd
 .text.RCC_GetFlagStatus
                0x08008974       0x28 E:/4project/stm32f407/f407-boot/app/Libraries/STM32F4xx_StdPeriph_Driver/src/stm32f4xx_rcc.o
                0x08008974                RCC_GetFlagStatus
 .text.RTC_ByteToBcd2
                0x0800899c       0x16 E:/4project/stm32f407/f407-boot/app/Libraries/STM32F4xx_StdPeriph_Driver/src/stm32f4xx_rtc.o
 .text.RTC_Bcd2ToByte
                0x080089b2       0x12 E:/4project/stm32f407/f407-boot/app/Libraries/STM32F4xx_StdPeriph_Driver/src/stm32f4xx_rtc.o
 .text.RTC_EnterInitMode
                0x080089c4       0x3c E:/4project/stm32f407/f407-boot/app/Libraries/STM32F4xx_StdPeriph_Driver/src/stm32f4xx_rtc.o
                0x080089c4                RTC_EnterInitMode
 .text.RTC_ExitInitMode
                0x08008a00       0x10 E:/4project/stm32f407/f407-boot/app/Libraries/STM32F4xx_StdPeriph_Driver/src/stm32f4xx_rtc.o
                0x08008a00                RTC_ExitInitMode
 .text.RTC_Init
                0x08008a10       0x44 E:/4project/stm32f407/f407-boot/app/Libraries/STM32F4xx_StdPeriph_Driver/src/stm32f4xx_rtc.o
                0x08008a10                RTC_Init
 .text.RTC_WaitForSynchro
                0x08008a54       0x40 E:/4project/stm32f407/f407-boot/app/Libraries/STM32F4xx_StdPeriph_Driver/src/stm32f4xx_rtc.o
                0x08008a54                RTC_WaitForSynchro
 .text.RTC_SetTime
                0x08008a94       0x8c E:/4project/stm32f407/f407-boot/app/Libraries/STM32F4xx_StdPeriph_Driver/src/stm32f4xx_rtc.o
                0x08008a94                RTC_SetTime
 .text.RTC_GetTime
                0x08008b20       0x44 E:/4project/stm32f407/f407-boot/app/Libraries/STM32F4xx_StdPeriph_Driver/src/stm32f4xx_rtc.o
                0x08008b20                RTC_GetTime
 .text.RTC_SetDate
                0x08008b64       0x80 E:/4project/stm32f407/f407-boot/app/Libraries/STM32F4xx_StdPeriph_Driver/src/stm32f4xx_rtc.o
                0x08008b64                RTC_SetDate
 .text.RTC_GetDate
                0x08008be4       0x40 E:/4project/stm32f407/f407-boot/app/Libraries/STM32F4xx_StdPeriph_Driver/src/stm32f4xx_rtc.o
                0x08008be4                RTC_GetDate
 .text.RTC_WriteBackupRegister
                0x08008c24       0x20 E:/4project/stm32f407/f407-boot/app/Libraries/STM32F4xx_StdPeriph_Driver/src/stm32f4xx_rtc.o
                0x08008c24                RTC_WriteBackupRegister
 .text.RTC_ReadBackupRegister
                0x08008c44       0x20 E:/4project/stm32f407/f407-boot/app/Libraries/STM32F4xx_StdPeriph_Driver/src/stm32f4xx_rtc.o
                0x08008c44                RTC_ReadBackupRegister
 .text.SPI_Init
                0x08008c64       0x38 E:/4project/stm32f407/f407-boot/app/Libraries/STM32F4xx_StdPeriph_Driver/src/stm32f4xx_spi.o
                0x08008c64                SPI_Init
 .text.SPI_Cmd  0x08008c9c       0x12 E:/4project/stm32f407/f407-boot/app/Libraries/STM32F4xx_StdPeriph_Driver/src/stm32f4xx_spi.o
                0x08008c9c                SPI_Cmd
 .text.SPI_I2S_ReceiveData
                0x08008cae        0x6 E:/4project/stm32f407/f407-boot/app/Libraries/STM32F4xx_StdPeriph_Driver/src/stm32f4xx_spi.o
                0x08008cae                SPI_I2S_ReceiveData
 .text.SPI_I2S_SendData
                0x08008cb4        0x4 E:/4project/stm32f407/f407-boot/app/Libraries/STM32F4xx_StdPeriph_Driver/src/stm32f4xx_spi.o
                0x08008cb4                SPI_I2S_SendData
 .text.SPI_I2S_DMACmd
                0x08008cb8       0x12 E:/4project/stm32f407/f407-boot/app/Libraries/STM32F4xx_StdPeriph_Driver/src/stm32f4xx_spi.o
                0x08008cb8                SPI_I2S_DMACmd
 .text.SPI_I2S_GetFlagStatus
                0x08008cca        0xc E:/4project/stm32f407/f407-boot/app/Libraries/STM32F4xx_StdPeriph_Driver/src/stm32f4xx_spi.o
                0x08008cca                SPI_I2S_GetFlagStatus
 *fill*         0x08008cd6        0x2 
 .text.SYSCFG_ETH_MediaInterfaceConfig
                0x08008cd8        0xc E:/4project/stm32f407/f407-boot/app/Libraries/STM32F4xx_StdPeriph_Driver/src/stm32f4xx_syscfg.o
                0x08008cd8                SYSCFG_ETH_MediaInterfaceConfig
 .text.TIM_TimeBaseInit
                0x08008ce4       0x78 E:/4project/stm32f407/f407-boot/app/Libraries/STM32F4xx_StdPeriph_Driver/src/stm32f4xx_tim.o
                0x08008ce4                TIM_TimeBaseInit
 .text.TIM_GetCounter
                0x08008d5c        0x4 E:/4project/stm32f407/f407-boot/app/Libraries/STM32F4xx_StdPeriph_Driver/src/stm32f4xx_tim.o
                0x08008d5c                TIM_GetCounter
 .text.TIM_Cmd  0x08008d60       0x12 E:/4project/stm32f407/f407-boot/app/Libraries/STM32F4xx_StdPeriph_Driver/src/stm32f4xx_tim.o
                0x08008d60                TIM_Cmd
 .text.TIM_ITConfig
                0x08008d72       0x12 E:/4project/stm32f407/f407-boot/app/Libraries/STM32F4xx_StdPeriph_Driver/src/stm32f4xx_tim.o
                0x08008d72                TIM_ITConfig
 .text.TIM_GetITStatus
                0x08008d84       0x18 E:/4project/stm32f407/f407-boot/app/Libraries/STM32F4xx_StdPeriph_Driver/src/stm32f4xx_tim.o
                0x08008d84                TIM_GetITStatus
 .text.TIM_ClearITPendingBit
                0x08008d9c        0x6 E:/4project/stm32f407/f407-boot/app/Libraries/STM32F4xx_StdPeriph_Driver/src/stm32f4xx_tim.o
                0x08008d9c                TIM_ClearITPendingBit
 *fill*         0x08008da2        0x2 
 .text.USART_Init
                0x08008da4       0xa0 E:/4project/stm32f407/f407-boot/app/Libraries/STM32F4xx_StdPeriph_Driver/src/stm32f4xx_usart.o
                0x08008da4                USART_Init
 .text.USART_Cmd
                0x08008e44       0x12 E:/4project/stm32f407/f407-boot/app/Libraries/STM32F4xx_StdPeriph_Driver/src/stm32f4xx_usart.o
                0x08008e44                USART_Cmd
 .text.USART_SendData
                0x08008e56        0x8 E:/4project/stm32f407/f407-boot/app/Libraries/STM32F4xx_StdPeriph_Driver/src/stm32f4xx_usart.o
                0x08008e56                USART_SendData
 .text.USART_ReceiveData
                0x08008e5e        0x8 E:/4project/stm32f407/f407-boot/app/Libraries/STM32F4xx_StdPeriph_Driver/src/stm32f4xx_usart.o
                0x08008e5e                USART_ReceiveData
 .text.USART_ITConfig
                0x08008e66       0x32 E:/4project/stm32f407/f407-boot/app/Libraries/STM32F4xx_StdPeriph_Driver/src/stm32f4xx_usart.o
                0x08008e66                USART_ITConfig
 .text.USART_GetFlagStatus
                0x08008e98        0xc E:/4project/stm32f407/f407-boot/app/Libraries/STM32F4xx_StdPeriph_Driver/src/stm32f4xx_usart.o
                0x08008e98                USART_GetFlagStatus
 .text.USART_GetITStatus
                0x08008ea4       0x3e E:/4project/stm32f407/f407-boot/app/Libraries/STM32F4xx_StdPeriph_Driver/src/stm32f4xx_usart.o
                0x08008ea4                USART_GetITStatus
 *fill*         0x08008ee2        0x2 
 .text.pvPortMalloc
                0x08008ee4       0xf4 E:/4project/stm32f407/f407-boot/app/freeRTOS/port/gcc/heap_4.o
                0x08008ee4                pvPortMalloc
 .text.vPortFree
                0x08008fd8       0x94 E:/4project/stm32f407/f407-boot/app/freeRTOS/port/gcc/heap_4.o
                0x08008fd8                vPortFree
 .text.xPortGetFreeHeapSize
                0x0800906c        0xc E:/4project/stm32f407/f407-boot/app/freeRTOS/port/gcc/heap_4.o
                0x0800906c                xPortGetFreeHeapSize
 .text.xPortGetMinimumEverFreeHeapSize
                0x08009078        0xc E:/4project/stm32f407/f407-boot/app/freeRTOS/port/gcc/heap_4.o
                0x08009078                xPortGetMinimumEverFreeHeapSize
 .text.prvTaskExitError
                0x08009084       0x20 E:/4project/stm32f407/f407-boot/app/freeRTOS/port/gcc/port.o
 .text.prvPortStartFirstTask
                0x080090a4       0x28 E:/4project/stm32f407/f407-boot/app/freeRTOS/port/gcc/port.o
 .text.vPortEnableVFP
                0x080090cc       0x14 E:/4project/stm32f407/f407-boot/app/freeRTOS/port/gcc/port.o
 .text.pxPortInitialiseStack
                0x080090e0       0x2c E:/4project/stm32f407/f407-boot/app/freeRTOS/port/gcc/port.o
                0x080090e0                pxPortInitialiseStack
 *fill*         0x0800910c        0x4 
 .text.SVC_Handler
                0x08009110       0x24 E:/4project/stm32f407/f407-boot/app/freeRTOS/port/gcc/port.o
                0x08009110                SVC_Handler
 .text.vPortEnterCritical
                0x08009134       0x20 E:/4project/stm32f407/f407-boot/app/freeRTOS/port/gcc/port.o
                0x08009134                vPortEnterCritical
 .text.vPortExitCritical
                0x08009154       0x14 E:/4project/stm32f407/f407-boot/app/freeRTOS/port/gcc/port.o
                0x08009154                vPortExitCritical
 *fill*         0x08009168        0x8 
 .text.PendSV_Handler
                0x08009170       0x64 E:/4project/stm32f407/f407-boot/app/freeRTOS/port/gcc/port.o
                0x08009170                PendSV_Handler
 .text.xPortSysTickHandler
                0x080091d4       0x2c E:/4project/stm32f407/f407-boot/app/freeRTOS/port/gcc/port.o
                0x080091d4                xPortSysTickHandler
 .text.vPortSetupTimerInterrupt
                0x08009200       0x18 E:/4project/stm32f407/f407-boot/app/freeRTOS/port/gcc/port.o
                0x08009200                vPortSetupTimerInterrupt
 .text.xPortStartScheduler
                0x08009218       0x50 E:/4project/stm32f407/f407-boot/app/freeRTOS/port/gcc/port.o
                0x08009218                xPortStartScheduler
 .text.vListInitialise
                0x08009268       0x1a E:/4project/stm32f407/f407-boot/app/freeRTOS/src/list.o
                0x08009268                vListInitialise
 .text.vListInitialiseItem
                0x08009282        0x6 E:/4project/stm32f407/f407-boot/app/freeRTOS/src/list.o
                0x08009282                vListInitialiseItem
 .text.vListInsertEnd
                0x08009288       0x16 E:/4project/stm32f407/f407-boot/app/freeRTOS/src/list.o
                0x08009288                vListInsertEnd
 .text.vListInsert
                0x0800929e       0x2e E:/4project/stm32f407/f407-boot/app/freeRTOS/src/list.o
                0x0800929e                vListInsert
 .text.uxListRemove
                0x080092cc       0x1e E:/4project/stm32f407/f407-boot/app/freeRTOS/src/list.o
                0x080092cc                uxListRemove
 .text.prvIsQueueEmpty
                0x080092ea       0x16 E:/4project/stm32f407/f407-boot/app/freeRTOS/src/queue.o
 .text.prvCopyDataToQueue
                0x08009300       0x64 E:/4project/stm32f407/f407-boot/app/freeRTOS/src/queue.o
 .text.prvCopyDataFromQueue
                0x08009364       0x24 E:/4project/stm32f407/f407-boot/app/freeRTOS/src/queue.o
 .text.prvNotifyQueueSetContainer
                0x08009388       0x50 E:/4project/stm32f407/f407-boot/app/freeRTOS/src/queue.o
 .text.prvUnlockQueue
                0x080093d8       0x70 E:/4project/stm32f407/f407-boot/app/freeRTOS/src/queue.o
 .text.xQueueGenericReset
                0x08009448       0x7a E:/4project/stm32f407/f407-boot/app/freeRTOS/src/queue.o
                0x08009448                xQueueGenericReset
 .text.xQueueGenericCreateStatic
                0x080094c2       0x40 E:/4project/stm32f407/f407-boot/app/freeRTOS/src/queue.o
                0x080094c2                xQueueGenericCreateStatic
 .text.xQueueGenericCreate
                0x08009502       0x56 E:/4project/stm32f407/f407-boot/app/freeRTOS/src/queue.o
                0x08009502                xQueueGenericCreate
 .text.xQueueCreateCountingSemaphore
                0x08009558       0x1c E:/4project/stm32f407/f407-boot/app/freeRTOS/src/queue.o
                0x08009558                xQueueCreateCountingSemaphore
 .text.xQueueGenericSend
                0x08009574      0x10e E:/4project/stm32f407/f407-boot/app/freeRTOS/src/queue.o
                0x08009574                xQueueGenericSend
 .text.xQueueCreateMutex
                0x08009682       0x24 E:/4project/stm32f407/f407-boot/app/freeRTOS/src/queue.o
                0x08009682                xQueueCreateMutex
 .text.xQueueReceive
                0x080096a6       0xee E:/4project/stm32f407/f407-boot/app/freeRTOS/src/queue.o
                0x080096a6                xQueueReceive
 .text.xQueueSemaphoreTake
                0x08009794      0x11c E:/4project/stm32f407/f407-boot/app/freeRTOS/src/queue.o
                0x08009794                xQueueSemaphoreTake
 .text.vQueueDelete
                0x080098b0        0xc E:/4project/stm32f407/f407-boot/app/freeRTOS/src/queue.o
                0x080098b0                vQueueDelete
 .text.vQueueWaitForMessageRestricted
                0x080098bc       0x46 E:/4project/stm32f407/f407-boot/app/freeRTOS/src/queue.o
                0x080098bc                vQueueWaitForMessageRestricted
 *fill*         0x08009902        0x2 
 .text.prvAddNewTaskToReadyList
                0x08009904      0x10c E:/4project/stm32f407/f407-boot/app/freeRTOS/src/tasks.o
 .text.prvAddCurrentTaskToDelayedList
                0x08009a10       0x9c E:/4project/stm32f407/f407-boot/app/freeRTOS/src/tasks.o
 .text.prvWriteNameToBuffer
                0x08009aac       0x30 E:/4project/stm32f407/f407-boot/app/freeRTOS/src/tasks.o
 .text.prvResetNextTaskUnblockTime
                0x08009adc       0x24 E:/4project/stm32f407/f407-boot/app/freeRTOS/src/tasks.o
 .text.prvDeleteTCB
                0x08009b00       0x20 E:/4project/stm32f407/f407-boot/app/freeRTOS/src/tasks.o
 .text.prvCheckTasksWaitingTermination
                0x08009b20       0x40 E:/4project/stm32f407/f407-boot/app/freeRTOS/src/tasks.o
 .text.prvIdleTask
                0x08009b60       0x28 E:/4project/stm32f407/f407-boot/app/freeRTOS/src/tasks.o
 .text.prvInitialiseNewTask.constprop.0
                0x08009b88       0x82 E:/4project/stm32f407/f407-boot/app/freeRTOS/src/tasks.o
 .text.xTaskCreateStatic
                0x08009c0a       0x4e E:/4project/stm32f407/f407-boot/app/freeRTOS/src/tasks.o
                0x08009c0a                xTaskCreateStatic
 .text.xTaskCreate
                0x08009c58       0x5c E:/4project/stm32f407/f407-boot/app/freeRTOS/src/tasks.o
                0x08009c58                xTaskCreate
 .text.vTaskDelete
                0x08009cb4       0x9c E:/4project/stm32f407/f407-boot/app/freeRTOS/src/tasks.o
                0x08009cb4                vTaskDelete
 .text.eTaskGetState
                0x08009d50       0x84 E:/4project/stm32f407/f407-boot/app/freeRTOS/src/tasks.o
                0x08009d50                eTaskGetState
 .text.vTaskStartScheduler
                0x08009dd4       0xa8 E:/4project/stm32f407/f407-boot/app/freeRTOS/src/tasks.o
                0x08009dd4                vTaskStartScheduler
 .text.vTaskSuspendAll
                0x08009e7c       0x10 E:/4project/stm32f407/f407-boot/app/freeRTOS/src/tasks.o
                0x08009e7c                vTaskSuspendAll
 .text.xTaskGetTickCount
                0x08009e8c        0xc E:/4project/stm32f407/f407-boot/app/freeRTOS/src/tasks.o
                0x08009e8c                xTaskGetTickCount
 .text.uxTaskGetNumberOfTasks
                0x08009e98        0xc E:/4project/stm32f407/f407-boot/app/freeRTOS/src/tasks.o
                0x08009e98                uxTaskGetNumberOfTasks
 .text.pcTaskGetName
                0x08009ea4       0x10 E:/4project/stm32f407/f407-boot/app/freeRTOS/src/tasks.o
                0x08009ea4                pcTaskGetName
 .text.xTaskIncrementTick
                0x08009eb4      0x16c E:/4project/stm32f407/f407-boot/app/freeRTOS/src/tasks.o
                0x08009eb4                xTaskIncrementTick
 .text.xTaskResumeAll
                0x0800a020      0x144 E:/4project/stm32f407/f407-boot/app/freeRTOS/src/tasks.o
                0x0800a020                xTaskResumeAll
 .text.vTaskDelay
                0x0800a164       0x2e E:/4project/stm32f407/f407-boot/app/freeRTOS/src/tasks.o
                0x0800a164                vTaskDelay
 *fill*         0x0800a192        0x2 
 .text.vTaskSwitchContext
                0x0800a194       0x8c E:/4project/stm32f407/f407-boot/app/freeRTOS/src/tasks.o
                0x0800a194                vTaskSwitchContext
 .text.vTaskPlaceOnEventList
                0x0800a220       0x20 E:/4project/stm32f407/f407-boot/app/freeRTOS/src/tasks.o
                0x0800a220                vTaskPlaceOnEventList
 .text.vTaskPlaceOnEventListRestricted
                0x0800a240       0x40 E:/4project/stm32f407/f407-boot/app/freeRTOS/src/tasks.o
                0x0800a240                vTaskPlaceOnEventListRestricted
 .text.xTaskRemoveFromEventList
                0x0800a280       0xc0 E:/4project/stm32f407/f407-boot/app/freeRTOS/src/tasks.o
                0x0800a280                xTaskRemoveFromEventList
 .text.vTaskInternalSetTimeOutState
                0x0800a340       0x18 E:/4project/stm32f407/f407-boot/app/freeRTOS/src/tasks.o
                0x0800a340                vTaskInternalSetTimeOutState
 .text.xTaskCheckForTimeOut
                0x0800a358       0x68 E:/4project/stm32f407/f407-boot/app/freeRTOS/src/tasks.o
                0x0800a358                xTaskCheckForTimeOut
 .text.vTaskMissedYield
                0x0800a3c0        0xc E:/4project/stm32f407/f407-boot/app/freeRTOS/src/tasks.o
                0x0800a3c0                vTaskMissedYield
 .text.vTaskGetInfo
                0x0800a3cc       0x98 E:/4project/stm32f407/f407-boot/app/freeRTOS/src/tasks.o
                0x0800a3cc                vTaskGetInfo
 .text.prvListTasksWithinSingleList
                0x0800a464       0x34 E:/4project/stm32f407/f407-boot/app/freeRTOS/src/tasks.o
 .text.uxTaskGetSystemState
                0x0800a498       0xac E:/4project/stm32f407/f407-boot/app/freeRTOS/src/tasks.o
                0x0800a498                uxTaskGetSystemState
 .text.uxTaskGetStackHighWaterMark
                0x0800a544       0x1c E:/4project/stm32f407/f407-boot/app/freeRTOS/src/tasks.o
                0x0800a544                uxTaskGetStackHighWaterMark
 .text.xTaskGetCurrentTaskHandle
                0x0800a560        0xc E:/4project/stm32f407/f407-boot/app/freeRTOS/src/tasks.o
                0x0800a560                xTaskGetCurrentTaskHandle
 .text.xTaskGetSchedulerState
                0x0800a56c       0x20 E:/4project/stm32f407/f407-boot/app/freeRTOS/src/tasks.o
                0x0800a56c                xTaskGetSchedulerState
 .text.xTaskPriorityInherit
                0x0800a58c       0x8c E:/4project/stm32f407/f407-boot/app/freeRTOS/src/tasks.o
                0x0800a58c                xTaskPriorityInherit
 .text.xTaskPriorityDisinherit
                0x0800a618       0x60 E:/4project/stm32f407/f407-boot/app/freeRTOS/src/tasks.o
                0x0800a618                xTaskPriorityDisinherit
 .text.vTaskPriorityDisinheritAfterTimeout
                0x0800a678       0x74 E:/4project/stm32f407/f407-boot/app/freeRTOS/src/tasks.o
                0x0800a678                vTaskPriorityDisinheritAfterTimeout
 .text.vTaskGetRunTimeStatistics
                0x0800a6ec       0xc4 E:/4project/stm32f407/f407-boot/app/freeRTOS/src/tasks.o
                0x0800a6ec                vTaskGetRunTimeStatistics
 .text.pvTaskIncrementMutexHeldCount
                0x0800a7b0       0x14 E:/4project/stm32f407/f407-boot/app/freeRTOS/src/tasks.o
                0x0800a7b0                pvTaskIncrementMutexHeldCount
 .text.vApplicationGetTimerTaskMemory
                0x0800a7c4       0x18 E:/4project/stm32f407/f407-boot/app/freeRTOS/src/tasks.o
                0x0800a7c4                vApplicationGetTimerTaskMemory
 .text.prvInsertTimerInActiveList
                0x0800a7dc       0x3c E:/4project/stm32f407/f407-boot/app/freeRTOS/src/timers.o
 .text.prvReloadTimer
                0x0800a818       0x26 E:/4project/stm32f407/f407-boot/app/freeRTOS/src/timers.o
 *fill*         0x0800a83e        0x2 
 .text.prvProcessExpiredTimer
                0x0800a840       0x40 E:/4project/stm32f407/f407-boot/app/freeRTOS/src/timers.o
 .text.prvSwitchTimerLists
                0x0800a880       0x2c E:/4project/stm32f407/f407-boot/app/freeRTOS/src/timers.o
 .text.prvCheckForValidListAndQueue
                0x0800a8ac       0x5c E:/4project/stm32f407/f407-boot/app/freeRTOS/src/timers.o
 .text.prvTimerTask
                0x0800a908      0x17c E:/4project/stm32f407/f407-boot/app/freeRTOS/src/timers.o
 .text.xTimerCreateTimerTask
                0x0800aa84       0x54 E:/4project/stm32f407/f407-boot/app/freeRTOS/src/timers.o
                0x0800aa84                xTimerCreateTimerTask
 .text.low_level_output
                0x0800aad8       0xa8 E:/4project/stm32f407/f407-boot/app/lwip-2.1.2/port/Standalone/ethernetif.o
 .text.ethernetif_input
                0x0800ab80      0x104 E:/4project/stm32f407/f407-boot/app/lwip-2.1.2/port/Standalone/ethernetif.o
                0x0800ab80                ethernetif_input
 .text.ethernetif_input_wrapper
                0x0800ac84        0x6 E:/4project/stm32f407/f407-boot/app/lwip-2.1.2/port/Standalone/ethernetif.o
 *fill*         0x0800ac8a        0x2 
 .text.ethernetif_init
                0x0800ac8c       0xac E:/4project/stm32f407/f407-boot/app/lwip-2.1.2/port/Standalone/ethernetif.o
                0x0800ac8c                ethernetif_init
 .text.sys_jiffies
                0x0800ad38       0x10 E:/4project/stm32f407/f407-boot/app/lwip-2.1.2/port/Standalone/sys_arch.o
                0x0800ad38                sys_jiffies
 .text.sys_now  0x0800ad48        0x4 E:/4project/stm32f407/f407-boot/app/lwip-2.1.2/port/Standalone/sys_arch.o
                0x0800ad48                sys_now
 .text.sys_init
                0x0800ad4c       0x20 E:/4project/stm32f407/f407-boot/app/lwip-2.1.2/port/Standalone/sys_arch.o
                0x0800ad4c                sys_init
 .text.sys_arch_protect
                0x0800ad6c        0xa E:/4project/stm32f407/f407-boot/app/lwip-2.1.2/port/Standalone/sys_arch.o
                0x0800ad6c                sys_arch_protect
 .text.sys_arch_unprotect
                0x0800ad76        0x4 E:/4project/stm32f407/f407-boot/app/lwip-2.1.2/port/Standalone/sys_arch.o
                0x0800ad76                sys_arch_unprotect
 *fill*         0x0800ad7a        0x2 
 .text.sys_mutex_new
                0x0800ad7c       0x24 E:/4project/stm32f407/f407-boot/app/lwip-2.1.2/port/Standalone/sys_arch.o
                0x0800ad7c                sys_mutex_new
 .text.sys_mutex_lock
                0x0800ada0        0xa E:/4project/stm32f407/f407-boot/app/lwip-2.1.2/port/Standalone/sys_arch.o
                0x0800ada0                sys_mutex_lock
 .text.sys_mutex_unlock
                0x0800adaa        0xc E:/4project/stm32f407/f407-boot/app/lwip-2.1.2/port/Standalone/sys_arch.o
                0x0800adaa                sys_mutex_unlock
 *fill*         0x0800adb6        0x2 
 .text.sys_thread_new
                0x0800adb8       0x54 E:/4project/stm32f407/f407-boot/app/lwip-2.1.2/port/Standalone/sys_arch.o
                0x0800adb8                sys_thread_new
 .text.sys_mbox_new
                0x0800ae0c       0x3c E:/4project/stm32f407/f407-boot/app/lwip-2.1.2/port/Standalone/sys_arch.o
                0x0800ae0c                sys_mbox_new
 .text.sys_mbox_valid
                0x0800ae48        0xa E:/4project/stm32f407/f407-boot/app/lwip-2.1.2/port/Standalone/sys_arch.o
                0x0800ae48                sys_mbox_valid
 .text.sys_mbox_trypost
                0x0800ae52       0x1c E:/4project/stm32f407/f407-boot/app/lwip-2.1.2/port/Standalone/sys_arch.o
                0x0800ae52                sys_mbox_trypost
 .text.sys_arch_mbox_fetch
                0x0800ae6e       0x3c E:/4project/stm32f407/f407-boot/app/lwip-2.1.2/port/Standalone/sys_arch.o
                0x0800ae6e                sys_arch_mbox_fetch
 *fill*         0x0800aeaa        0x2 
 .text.tcpip_thread
                0x0800aeac       0xc4 E:/4project/stm32f407/f407-boot/app/lwip-2.1.2/src/api/tcpip.o
 .text.tcpip_inpkt
                0x0800af70       0x40 E:/4project/stm32f407/f407-boot/app/lwip-2.1.2/src/api/tcpip.o
                0x0800af70                tcpip_inpkt
 .text.tcpip_input
                0x0800afb0       0x1c E:/4project/stm32f407/f407-boot/app/lwip-2.1.2/src/api/tcpip.o
                0x0800afb0                tcpip_input
 .text.tcpip_init
                0x0800afcc       0x50 E:/4project/stm32f407/f407-boot/app/lwip-2.1.2/src/api/tcpip.o
                0x0800afcc                tcpip_init
 .text.lwip_htons
                0x0800b01c        0x6 E:/4project/stm32f407/f407-boot/app/lwip-2.1.2/src/core/def.o
                0x0800b01c                lwip_htons
 .text.lwip_htonl
                0x0800b022        0x4 E:/4project/stm32f407/f407-boot/app/lwip-2.1.2/src/core/def.o
                0x0800b022                lwip_htonl
 .text.lwip_strnstr
                0x0800b026       0x40 E:/4project/stm32f407/f407-boot/app/lwip-2.1.2/src/core/def.o
                0x0800b026                lwip_strnstr
 .text.lwip_stricmp
                0x0800b066       0x30 E:/4project/stm32f407/f407-boot/app/lwip-2.1.2/src/core/def.o
                0x0800b066                lwip_stricmp
 .text.lwip_itoa
                0x0800b096       0x62 E:/4project/stm32f407/f407-boot/app/lwip-2.1.2/src/core/def.o
                0x0800b096                lwip_itoa
 .text.dns_call_found
                0x0800b0f8       0x9c E:/4project/stm32f407/f407-boot/app/lwip-2.1.2/src/core/dns.o
 .text.dns_send.isra.0
                0x0800b194      0x12c E:/4project/stm32f407/f407-boot/app/lwip-2.1.2/src/core/dns.o
 .text.dns_check_entry
                0x0800b2c0       0xb4 E:/4project/stm32f407/f407-boot/app/lwip-2.1.2/src/core/dns.o
 .text.dns_init
                0x0800b374        0x2 E:/4project/stm32f407/f407-boot/app/lwip-2.1.2/src/core/dns.o
                0x0800b374                dns_init
 *fill*         0x0800b376        0x2 
 .text.dns_setserver
                0x0800b378       0x20 E:/4project/stm32f407/f407-boot/app/lwip-2.1.2/src/core/dns.o
                0x0800b378                dns_setserver
 .text.dns_tmr  0x0800b398       0x12 E:/4project/stm32f407/f407-boot/app/lwip-2.1.2/src/core/dns.o
                0x0800b398                dns_tmr
 .text.lwip_standard_chksum
                0x0800b3aa       0x56 E:/4project/stm32f407/f407-boot/app/lwip-2.1.2/src/core/inet_chksum.o
                0x0800b3aa                lwip_standard_chksum
 .text.inet_chksum_pseudo
                0x0800b400       0x8c E:/4project/stm32f407/f407-boot/app/lwip-2.1.2/src/core/inet_chksum.o
                0x0800b400                inet_chksum_pseudo
 .text.ip_chksum_pseudo
                0x0800b48c        0x4 E:/4project/stm32f407/f407-boot/app/lwip-2.1.2/src/core/inet_chksum.o
                0x0800b48c                ip_chksum_pseudo
 .text.inet_chksum
                0x0800b490        0xc E:/4project/stm32f407/f407-boot/app/lwip-2.1.2/src/core/inet_chksum.o
                0x0800b490                inet_chksum
 .text.inet_chksum_pbuf
                0x0800b49c       0x42 E:/4project/stm32f407/f407-boot/app/lwip-2.1.2/src/core/inet_chksum.o
                0x0800b49c                inet_chksum_pbuf
 .text.lwip_init
                0x0800b4de       0x2a E:/4project/stm32f407/f407-boot/app/lwip-2.1.2/src/core/init.o
                0x0800b4de                lwip_init
 .text.dhcp_set_state
                0x0800b508       0x10 E:/4project/stm32f407/f407-boot/app/lwip-2.1.2/src/core/ipv4/dhcp.o
 .text.dhcp_option_short
                0x0800b518       0x10 E:/4project/stm32f407/f407-boot/app/lwip-2.1.2/src/core/ipv4/dhcp.o
 .text.dhcp_option_long
                0x0800b528       0x22 E:/4project/stm32f407/f407-boot/app/lwip-2.1.2/src/core/ipv4/dhcp.o
 *fill*         0x0800b54a        0x2 
 .text.dhcp_create_msg
                0x0800b54c       0xd8 E:/4project/stm32f407/f407-boot/app/lwip-2.1.2/src/core/ipv4/dhcp.o
 .text.dhcp_option_trailer
                0x0800b624       0x3a E:/4project/stm32f407/f407-boot/app/lwip-2.1.2/src/core/ipv4/dhcp.o
 .text.dhcp_check
                0x0800b65e       0x2a E:/4project/stm32f407/f407-boot/app/lwip-2.1.2/src/core/ipv4/dhcp.o
 .text.dhcp_bind
                0x0800b688       0xda E:/4project/stm32f407/f407-boot/app/lwip-2.1.2/src/core/ipv4/dhcp.o
 *fill*         0x0800b762        0x2 
 .text.dhcp_inc_pcb_refcount
                0x0800b764       0x58 E:/4project/stm32f407/f407-boot/app/lwip-2.1.2/src/core/ipv4/dhcp.o
 .text.dhcp_dec_pcb_refcount
                0x0800b7bc       0x24 E:/4project/stm32f407/f407-boot/app/lwip-2.1.2/src/core/ipv4/dhcp.o
 .text.dhcp_reboot.isra.0
                0x0800b7e0       0xfc E:/4project/stm32f407/f407-boot/app/lwip-2.1.2/src/core/ipv4/dhcp.o
 .text.dhcp_discover.isra.0
                0x0800b8dc       0xd8 E:/4project/stm32f407/f407-boot/app/lwip-2.1.2/src/core/ipv4/dhcp.o
 .text.dhcp_handle_ack.isra.0
                0x0800b9b4       0x9c E:/4project/stm32f407/f407-boot/app/lwip-2.1.2/src/core/ipv4/dhcp.o
 .text.dhcp_select.isra.0
                0x0800ba50      0x130 E:/4project/stm32f407/f407-boot/app/lwip-2.1.2/src/core/ipv4/dhcp.o
 .text.dhcp_recv
                0x0800bb80      0x364 E:/4project/stm32f407/f407-boot/app/lwip-2.1.2/src/core/ipv4/dhcp.o
 .text.dhcp_start
                0x0800bee4       0x76 E:/4project/stm32f407/f407-boot/app/lwip-2.1.2/src/core/ipv4/dhcp.o
                0x0800bee4                dhcp_start
 .text.dhcp_network_changed
                0x0800bf5a       0x26 E:/4project/stm32f407/f407-boot/app/lwip-2.1.2/src/core/ipv4/dhcp.o
                0x0800bf5a                dhcp_network_changed
 .text.dhcp_arp_reply
                0x0800bf80       0xa0 E:/4project/stm32f407/f407-boot/app/lwip-2.1.2/src/core/ipv4/dhcp.o
                0x0800bf80                dhcp_arp_reply
 .text.dhcp_renew
                0x0800c020       0xd0 E:/4project/stm32f407/f407-boot/app/lwip-2.1.2/src/core/ipv4/dhcp.o
                0x0800c020                dhcp_renew
 .text.dhcp_supplied_address
                0x0800c0f0       0x1e E:/4project/stm32f407/f407-boot/app/lwip-2.1.2/src/core/ipv4/dhcp.o
                0x0800c0f0                dhcp_supplied_address
 *fill*         0x0800c10e        0x2 
 .text.dhcp_release_and_stop
                0x0800c110       0xc8 E:/4project/stm32f407/f407-boot/app/lwip-2.1.2/src/core/ipv4/dhcp.o
                0x0800c110                dhcp_release_and_stop
 .text.dhcp_coarse_tmr
                0x0800c1d8      0x164 E:/4project/stm32f407/f407-boot/app/lwip-2.1.2/src/core/ipv4/dhcp.o
                0x0800c1d8                dhcp_coarse_tmr
 .text.dhcp_fine_tmr
                0x0800c33c       0xa8 E:/4project/stm32f407/f407-boot/app/lwip-2.1.2/src/core/ipv4/dhcp.o
                0x0800c33c                dhcp_fine_tmr
 .text.dhcp_stop
                0x0800c3e4        0x4 E:/4project/stm32f407/f407-boot/app/lwip-2.1.2/src/core/ipv4/dhcp.o
                0x0800c3e4                dhcp_stop
 .text.etharp_free_entry
                0x0800c3e8       0x50 E:/4project/stm32f407/f407-boot/app/lwip-2.1.2/src/core/ipv4/etharp.o
 .text.etharp_find_entry
                0x0800c438       0xdc E:/4project/stm32f407/f407-boot/app/lwip-2.1.2/src/core/ipv4/etharp.o
 .text.etharp_raw
                0x0800c514       0x9c E:/4project/stm32f407/f407-boot/app/lwip-2.1.2/src/core/ipv4/etharp.o
 .text.etharp_cleanup_netif
                0x0800c5b0       0x28 E:/4project/stm32f407/f407-boot/app/lwip-2.1.2/src/core/ipv4/etharp.o
                0x0800c5b0                etharp_cleanup_netif
 .text.etharp_input
                0x0800c5d8      0x144 E:/4project/stm32f407/f407-boot/app/lwip-2.1.2/src/core/ipv4/etharp.o
                0x0800c5d8                etharp_input
 .text.etharp_request
                0x0800c71c       0x28 E:/4project/stm32f407/f407-boot/app/lwip-2.1.2/src/core/ipv4/etharp.o
                0x0800c71c                etharp_request
 .text.etharp_tmr
                0x0800c744       0x54 E:/4project/stm32f407/f407-boot/app/lwip-2.1.2/src/core/ipv4/etharp.o
                0x0800c744                etharp_tmr
 .text.etharp_output_to_arp_index
                0x0800c798       0x7c E:/4project/stm32f407/f407-boot/app/lwip-2.1.2/src/core/ipv4/etharp.o
 .text.etharp_query
                0x0800c814      0x130 E:/4project/stm32f407/f407-boot/app/lwip-2.1.2/src/core/ipv4/etharp.o
                0x0800c814                etharp_query
 .text.etharp_output
                0x0800c944      0x100 E:/4project/stm32f407/f407-boot/app/lwip-2.1.2/src/core/ipv4/etharp.o
                0x0800c944                etharp_output
 .text.icmp_send_response
                0x0800ca44       0x90 E:/4project/stm32f407/f407-boot/app/lwip-2.1.2/src/core/ipv4/icmp.o
 .text.icmp_input
                0x0800cad4      0x1b4 E:/4project/stm32f407/f407-boot/app/lwip-2.1.2/src/core/ipv4/icmp.o
                0x0800cad4                icmp_input
 .text.icmp_dest_unreach
                0x0800cc88        0x8 E:/4project/stm32f407/f407-boot/app/lwip-2.1.2/src/core/ipv4/icmp.o
                0x0800cc88                icmp_dest_unreach
 .text.icmp_time_exceeded
                0x0800cc90        0x8 E:/4project/stm32f407/f407-boot/app/lwip-2.1.2/src/core/ipv4/icmp.o
                0x0800cc90                icmp_time_exceeded
 .text.ip4_input_accept
                0x0800cc98       0x34 E:/4project/stm32f407/f407-boot/app/lwip-2.1.2/src/core/ipv4/ip4.o
 .text.ip4_route
                0x0800cccc       0x6c E:/4project/stm32f407/f407-boot/app/lwip-2.1.2/src/core/ipv4/ip4.o
                0x0800cccc                ip4_route
 .text.ip4_input
                0x0800cd38      0x224 E:/4project/stm32f407/f407-boot/app/lwip-2.1.2/src/core/ipv4/ip4.o
                0x0800cd38                ip4_input
 .text.ip4_output_if_src
                0x0800cf5c      0x10c E:/4project/stm32f407/f407-boot/app/lwip-2.1.2/src/core/ipv4/ip4.o
                0x0800cf5c                ip4_output_if_src
 .text.ip4_output_if
                0x0800d068       0x22 E:/4project/stm32f407/f407-boot/app/lwip-2.1.2/src/core/ipv4/ip4.o
                0x0800d068                ip4_output_if
 .text.ip4_addr_isbroadcast_u32
                0x0800d08a       0x36 E:/4project/stm32f407/f407-boot/app/lwip-2.1.2/src/core/ipv4/ip4_addr.o
                0x0800d08a                ip4_addr_isbroadcast_u32
 .text.ip4addr_aton
                0x0800d0c0      0x110 E:/4project/stm32f407/f407-boot/app/lwip-2.1.2/src/core/ipv4/ip4_addr.o
                0x0800d0c0                ip4addr_aton
 .text.ip_reass_dequeue_datagram
                0x0800d1d0       0x24 E:/4project/stm32f407/f407-boot/app/lwip-2.1.2/src/core/ipv4/ip4_frag.o
 .text.ip_reass_free_complete_datagram
                0x0800d1f4       0x7c E:/4project/stm32f407/f407-boot/app/lwip-2.1.2/src/core/ipv4/ip4_frag.o
 .text.ip_reass_remove_oldest_datagram
                0x0800d270       0x80 E:/4project/stm32f407/f407-boot/app/lwip-2.1.2/src/core/ipv4/ip4_frag.o
 .text.ipfrag_free_pbuf_custom
                0x0800d2f0       0x18 E:/4project/stm32f407/f407-boot/app/lwip-2.1.2/src/core/ipv4/ip4_frag.o
 .text.ip_reass_tmr
                0x0800d308       0x2c E:/4project/stm32f407/f407-boot/app/lwip-2.1.2/src/core/ipv4/ip4_frag.o
                0x0800d308                ip_reass_tmr
 .text.ip4_reass
                0x0800d334      0x34c E:/4project/stm32f407/f407-boot/app/lwip-2.1.2/src/core/ipv4/ip4_frag.o
                0x0800d334                ip4_reass
 .text.ip4_frag
                0x0800d680      0x19c E:/4project/stm32f407/f407-boot/app/lwip-2.1.2/src/core/ipv4/ip4_frag.o
                0x0800d680                ip4_frag
 .text.mem_init
                0x0800d81c       0x4c E:/4project/stm32f407/f407-boot/app/lwip-2.1.2/src/core/mem.o
                0x0800d81c                mem_init
 .text.mem_free
                0x0800d868      0x120 E:/4project/stm32f407/f407-boot/app/lwip-2.1.2/src/core/mem.o
                0x0800d868                mem_free
 .text.mem_trim
                0x0800d988      0x138 E:/4project/stm32f407/f407-boot/app/lwip-2.1.2/src/core/mem.o
                0x0800d988                mem_trim
 .text.mem_malloc
                0x0800dac0      0x11c E:/4project/stm32f407/f407-boot/app/lwip-2.1.2/src/core/mem.o
                0x0800dac0                mem_malloc
 .text.do_memp_malloc_pool
                0x0800dbdc       0x34 E:/4project/stm32f407/f407-boot/app/lwip-2.1.2/src/core/memp.o
 .text.do_memp_free_pool
                0x0800dc10       0x22 E:/4project/stm32f407/f407-boot/app/lwip-2.1.2/src/core/memp.o
 .text.memp_init_pool
                0x0800dc32       0x2e E:/4project/stm32f407/f407-boot/app/lwip-2.1.2/src/core/memp.o
                0x0800dc32                memp_init_pool
 .text.memp_init
                0x0800dc60       0x28 E:/4project/stm32f407/f407-boot/app/lwip-2.1.2/src/core/memp.o
                0x0800dc60                memp_init
 .text.memp_malloc
                0x0800dc88       0x18 E:/4project/stm32f407/f407-boot/app/lwip-2.1.2/src/core/memp.o
                0x0800dc88                memp_malloc
 .text.memp_free
                0x0800dca0       0x18 E:/4project/stm32f407/f407-boot/app/lwip-2.1.2/src/core/memp.o
                0x0800dca0                memp_free
 .text.netif_null_output_ip4
                0x0800dcb8        0x6 E:/4project/stm32f407/f407-boot/app/lwip-2.1.2/src/core/netif.o
 .text.netif_issue_reports
                0x0800dcbe       0x1c E:/4project/stm32f407/f407-boot/app/lwip-2.1.2/src/core/netif.o
 .text.netif_do_set_ipaddr.isra.0
                0x0800dcda       0x3c E:/4project/stm32f407/f407-boot/app/lwip-2.1.2/src/core/netif.o
 .text.netif_init
                0x0800dd16        0x2 E:/4project/stm32f407/f407-boot/app/lwip-2.1.2/src/core/netif.o
                0x0800dd16                netif_init
 .text.netif_set_addr
                0x0800dd18       0x58 E:/4project/stm32f407/f407-boot/app/lwip-2.1.2/src/core/netif.o
                0x0800dd18                netif_set_addr
 .text.netif_add
                0x0800dd70       0xac E:/4project/stm32f407/f407-boot/app/lwip-2.1.2/src/core/netif.o
                0x0800dd70                netif_add
 .text.netif_set_default
                0x0800de1c        0xc E:/4project/stm32f407/f407-boot/app/lwip-2.1.2/src/core/netif.o
                0x0800de1c                netif_set_default
 .text.netif_set_up
                0x0800de28       0x1a E:/4project/stm32f407/f407-boot/app/lwip-2.1.2/src/core/netif.o
                0x0800de28                netif_set_up
 .text.netif_set_down
                0x0800de42       0x1c E:/4project/stm32f407/f407-boot/app/lwip-2.1.2/src/core/netif.o
                0x0800de42                netif_set_down
 .text.netif_set_link_up
                0x0800de5e       0x30 E:/4project/stm32f407/f407-boot/app/lwip-2.1.2/src/core/netif.o
                0x0800de5e                netif_set_link_up
 .text.netif_set_link_down
                0x0800de8e       0x1a E:/4project/stm32f407/f407-boot/app/lwip-2.1.2/src/core/netif.o
                0x0800de8e                netif_set_link_down
 .text.netif_set_link_callback
                0x0800dea8        0x6 E:/4project/stm32f407/f407-boot/app/lwip-2.1.2/src/core/netif.o
                0x0800dea8                netif_set_link_callback
 *fill*         0x0800deae        0x2 
 .text.netif_get_by_index
                0x0800deb0       0x20 E:/4project/stm32f407/f407-boot/app/lwip-2.1.2/src/core/netif.o
                0x0800deb0                netif_get_by_index
 .text.pbuf_add_header_impl
                0x0800ded0       0x4a E:/4project/stm32f407/f407-boot/app/lwip-2.1.2/src/core/pbuf.o
 .text.pbuf_alloc_reference
                0x0800df1a       0x24 E:/4project/stm32f407/f407-boot/app/lwip-2.1.2/src/core/pbuf.o
                0x0800df1a                pbuf_alloc_reference
 .text.pbuf_alloced_custom
                0x0800df3e       0x32 E:/4project/stm32f407/f407-boot/app/lwip-2.1.2/src/core/pbuf.o
                0x0800df3e                pbuf_alloced_custom
 .text.pbuf_add_header
                0x0800df70        0x6 E:/4project/stm32f407/f407-boot/app/lwip-2.1.2/src/core/pbuf.o
                0x0800df70                pbuf_add_header
 .text.pbuf_remove_header
                0x0800df76       0x2e E:/4project/stm32f407/f407-boot/app/lwip-2.1.2/src/core/pbuf.o
                0x0800df76                pbuf_remove_header
 .text.pbuf_header_force
                0x0800dfa4       0x10 E:/4project/stm32f407/f407-boot/app/lwip-2.1.2/src/core/pbuf.o
                0x0800dfa4                pbuf_header_force
 .text.pbuf_free
                0x0800dfb4       0x64 E:/4project/stm32f407/f407-boot/app/lwip-2.1.2/src/core/pbuf.o
                0x0800dfb4                pbuf_free
 .text.pbuf_alloc
                0x0800e018       0xd8 E:/4project/stm32f407/f407-boot/app/lwip-2.1.2/src/core/pbuf.o
                0x0800e018                pbuf_alloc
 .text.pbuf_realloc
                0x0800e0f0       0x54 E:/4project/stm32f407/f407-boot/app/lwip-2.1.2/src/core/pbuf.o
                0x0800e0f0                pbuf_realloc
 .text.pbuf_clen
                0x0800e144        0xe E:/4project/stm32f407/f407-boot/app/lwip-2.1.2/src/core/pbuf.o
                0x0800e144                pbuf_clen
 .text.pbuf_ref
                0x0800e152       0x1a E:/4project/stm32f407/f407-boot/app/lwip-2.1.2/src/core/pbuf.o
                0x0800e152                pbuf_ref
 .text.pbuf_cat
                0x0800e16c       0x1c E:/4project/stm32f407/f407-boot/app/lwip-2.1.2/src/core/pbuf.o
                0x0800e16c                pbuf_cat
 .text.pbuf_chain
                0x0800e188       0x10 E:/4project/stm32f407/f407-boot/app/lwip-2.1.2/src/core/pbuf.o
                0x0800e188                pbuf_chain
 .text.pbuf_copy
                0x0800e198       0x8c E:/4project/stm32f407/f407-boot/app/lwip-2.1.2/src/core/pbuf.o
                0x0800e198                pbuf_copy
 .text.pbuf_copy_partial
                0x0800e224       0x60 E:/4project/stm32f407/f407-boot/app/lwip-2.1.2/src/core/pbuf.o
                0x0800e224                pbuf_copy_partial
 .text.pbuf_take
                0x0800e284       0x46 E:/4project/stm32f407/f407-boot/app/lwip-2.1.2/src/core/pbuf.o
                0x0800e284                pbuf_take
 .text.pbuf_take_at
                0x0800e2ca       0x52 E:/4project/stm32f407/f407-boot/app/lwip-2.1.2/src/core/pbuf.o
                0x0800e2ca                pbuf_take_at
 .text.pbuf_clone
                0x0800e31c       0x1a E:/4project/stm32f407/f407-boot/app/lwip-2.1.2/src/core/pbuf.o
                0x0800e31c                pbuf_clone
 .text.pbuf_try_get_at
                0x0800e336       0x1c E:/4project/stm32f407/f407-boot/app/lwip-2.1.2/src/core/pbuf.o
                0x0800e336                pbuf_try_get_at
 .text.pbuf_get_at
                0x0800e352        0xe E:/4project/stm32f407/f407-boot/app/lwip-2.1.2/src/core/pbuf.o
                0x0800e352                pbuf_get_at
 .text.pbuf_put_at
                0x0800e360       0x16 E:/4project/stm32f407/f407-boot/app/lwip-2.1.2/src/core/pbuf.o
                0x0800e360                pbuf_put_at
 *fill*         0x0800e376        0x2 
 .text.raw_input
                0x0800e378       0x9c E:/4project/stm32f407/f407-boot/app/lwip-2.1.2/src/core/raw.o
                0x0800e378                raw_input
 .text.raw_bind
                0x0800e414       0x12 E:/4project/stm32f407/f407-boot/app/lwip-2.1.2/src/core/raw.o
                0x0800e414                raw_bind
 .text.raw_recv
                0x0800e426        0x6 E:/4project/stm32f407/f407-boot/app/lwip-2.1.2/src/core/raw.o
                0x0800e426                raw_recv
 .text.raw_sendto_if_src
                0x0800e42c       0xd8 E:/4project/stm32f407/f407-boot/app/lwip-2.1.2/src/core/raw.o
                0x0800e42c                raw_sendto_if_src
 .text.raw_sendto
                0x0800e504       0x80 E:/4project/stm32f407/f407-boot/app/lwip-2.1.2/src/core/raw.o
                0x0800e504                raw_sendto
 .text.raw_new  0x0800e584       0x38 E:/4project/stm32f407/f407-boot/app/lwip-2.1.2/src/core/raw.o
                0x0800e584                raw_new
 .text.raw_netif_ip_addr_changed
                0x0800e5bc       0x2c E:/4project/stm32f407/f407-boot/app/lwip-2.1.2/src/core/raw.o
                0x0800e5bc                raw_netif_ip_addr_changed
 .text.stats_init
                0x0800e5e8       0x14 E:/4project/stm32f407/f407-boot/app/lwip-2.1.2/src/core/stats.o
                0x0800e5e8                stats_init
 .text.tcp_new_port
                0x0800e5fc       0x54 E:/4project/stm32f407/f407-boot/app/lwip-2.1.2/src/core/tcp.o
 .text.tcp_init
                0x0800e650        0x2 E:/4project/stm32f407/f407-boot/app/lwip-2.1.2/src/core/tcp.o
                0x0800e650                tcp_init
 .text.tcp_free
                0x0800e652        0x8 E:/4project/stm32f407/f407-boot/app/lwip-2.1.2/src/core/tcp.o
                0x0800e652                tcp_free
 .text.tcp_backlog_accepted
                0x0800e65a       0x18 E:/4project/stm32f407/f407-boot/app/lwip-2.1.2/src/core/tcp.o
                0x0800e65a                tcp_backlog_accepted
 .text.tcp_close_shutdown_fin
                0x0800e672       0x4e E:/4project/stm32f407/f407-boot/app/lwip-2.1.2/src/core/tcp.o
 .text.tcp_bind
                0x0800e6c0       0x84 E:/4project/stm32f407/f407-boot/app/lwip-2.1.2/src/core/tcp.o
                0x0800e6c0                tcp_bind
 .text.tcp_listen_with_backlog_and_err
                0x0800e744       0xc0 E:/4project/stm32f407/f407-boot/app/lwip-2.1.2/src/core/tcp.o
                0x0800e744                tcp_listen_with_backlog_and_err
 .text.tcp_listen_with_backlog
                0x0800e804        0x6 E:/4project/stm32f407/f407-boot/app/lwip-2.1.2/src/core/tcp.o
                0x0800e804                tcp_listen_with_backlog
 .text.tcp_update_rcv_ann_wnd
                0x0800e80a       0x32 E:/4project/stm32f407/f407-boot/app/lwip-2.1.2/src/core/tcp.o
                0x0800e80a                tcp_update_rcv_ann_wnd
 .text.tcp_recved
                0x0800e83c       0x42 E:/4project/stm32f407/f407-boot/app/lwip-2.1.2/src/core/tcp.o
                0x0800e83c                tcp_recved
 .text.tcp_seg_free
                0x0800e87e       0x1c E:/4project/stm32f407/f407-boot/app/lwip-2.1.2/src/core/tcp.o
                0x0800e87e                tcp_seg_free
 .text.tcp_segs_free
                0x0800e89a       0x10 E:/4project/stm32f407/f407-boot/app/lwip-2.1.2/src/core/tcp.o
                0x0800e89a                tcp_segs_free
 .text.tcp_setprio
                0x0800e8aa        0x6 E:/4project/stm32f407/f407-boot/app/lwip-2.1.2/src/core/tcp.o
                0x0800e8aa                tcp_setprio
 .text.tcp_arg  0x0800e8b0        0x6 E:/4project/stm32f407/f407-boot/app/lwip-2.1.2/src/core/tcp.o
                0x0800e8b0                tcp_arg
 .text.tcp_recv
                0x0800e8b6        0x8 E:/4project/stm32f407/f407-boot/app/lwip-2.1.2/src/core/tcp.o
                0x0800e8b6                tcp_recv
 .text.tcp_sent
                0x0800e8be        0x6 E:/4project/stm32f407/f407-boot/app/lwip-2.1.2/src/core/tcp.o
                0x0800e8be                tcp_sent
 .text.tcp_err  0x0800e8c4        0x8 E:/4project/stm32f407/f407-boot/app/lwip-2.1.2/src/core/tcp.o
                0x0800e8c4                tcp_err
 .text.tcp_accept
                0x0800e8cc        0xc E:/4project/stm32f407/f407-boot/app/lwip-2.1.2/src/core/tcp.o
                0x0800e8cc                tcp_accept
 .text.tcp_poll
                0x0800e8d8        0xa E:/4project/stm32f407/f407-boot/app/lwip-2.1.2/src/core/tcp.o
                0x0800e8d8                tcp_poll
 .text.tcp_pcb_purge
                0x0800e8e2       0x3e E:/4project/stm32f407/f407-boot/app/lwip-2.1.2/src/core/tcp.o
                0x0800e8e2                tcp_pcb_purge
 .text.tcp_slowtmr
                0x0800e920      0x310 E:/4project/stm32f407/f407-boot/app/lwip-2.1.2/src/core/tcp.o
                0x0800e920                tcp_slowtmr
 .text.tcp_pcb_remove
                0x0800ec30       0x4e E:/4project/stm32f407/f407-boot/app/lwip-2.1.2/src/core/tcp.o
                0x0800ec30                tcp_pcb_remove
 *fill*         0x0800ec7e        0x2 
 .text.tcp_close_shutdown
                0x0800ec80      0x118 E:/4project/stm32f407/f407-boot/app/lwip-2.1.2/src/core/tcp.o
 .text.tcp_close
                0x0800ed98       0x1c E:/4project/stm32f407/f407-boot/app/lwip-2.1.2/src/core/tcp.o
                0x0800ed98                tcp_close
 .text.tcp_recv_null
                0x0800edb4       0x2c E:/4project/stm32f407/f407-boot/app/lwip-2.1.2/src/core/tcp.o
                0x0800edb4                tcp_recv_null
 .text.tcp_process_refused_data
                0x0800ede0       0x6e E:/4project/stm32f407/f407-boot/app/lwip-2.1.2/src/core/tcp.o
                0x0800ede0                tcp_process_refused_data
 *fill*         0x0800ee4e        0x2 
 .text.tcp_fasttmr
                0x0800ee50       0x80 E:/4project/stm32f407/f407-boot/app/lwip-2.1.2/src/core/tcp.o
                0x0800ee50                tcp_fasttmr
 .text.tcp_tmr  0x0800eed0       0x20 E:/4project/stm32f407/f407-boot/app/lwip-2.1.2/src/core/tcp.o
                0x0800eed0                tcp_tmr
 .text.tcp_abandon
                0x0800eef0       0xd0 E:/4project/stm32f407/f407-boot/app/lwip-2.1.2/src/core/tcp.o
                0x0800eef0                tcp_abandon
 .text.tcp_abort
                0x0800efc0        0x6 E:/4project/stm32f407/f407-boot/app/lwip-2.1.2/src/core/tcp.o
                0x0800efc0                tcp_abort
 .text.tcp_accept_null
                0x0800efc6        0xe E:/4project/stm32f407/f407-boot/app/lwip-2.1.2/src/core/tcp.o
 .text.tcp_netif_ip_addr_changed_pcblist
                0x0800efd4       0x1c E:/4project/stm32f407/f407-boot/app/lwip-2.1.2/src/core/tcp.o
 .text.tcp_kill_state
                0x0800eff0       0x3c E:/4project/stm32f407/f407-boot/app/lwip-2.1.2/src/core/tcp.o
 .text.tcp_alloc
                0x0800f02c      0x178 E:/4project/stm32f407/f407-boot/app/lwip-2.1.2/src/core/tcp.o
                0x0800f02c                tcp_alloc
 .text.tcp_new  0x0800f1a4        0x6 E:/4project/stm32f407/f407-boot/app/lwip-2.1.2/src/core/tcp.o
                0x0800f1a4                tcp_new
 .text.tcp_new_ip_type
                0x0800f1aa        0x6 E:/4project/stm32f407/f407-boot/app/lwip-2.1.2/src/core/tcp.o
                0x0800f1aa                tcp_new_ip_type
 .text.tcp_next_iss
                0x0800f1b0       0x18 E:/4project/stm32f407/f407-boot/app/lwip-2.1.2/src/core/tcp.o
                0x0800f1b0                tcp_next_iss
 .text.tcp_eff_send_mss_netif
                0x0800f1c8       0x1e E:/4project/stm32f407/f407-boot/app/lwip-2.1.2/src/core/tcp.o
                0x0800f1c8                tcp_eff_send_mss_netif
 *fill*         0x0800f1e6        0x2 
 .text.tcp_netif_ip_addr_changed
                0x0800f1e8       0x48 E:/4project/stm32f407/f407-boot/app/lwip-2.1.2/src/core/tcp.o
                0x0800f1e8                tcp_netif_ip_addr_changed
 .text.tcp_get_next_optbyte
                0x0800f230       0x38 E:/4project/stm32f407/f407-boot/app/lwip-2.1.2/src/core/tcp_in.o
 .text.tcp_parseopt.part.0
                0x0800f268       0x78 E:/4project/stm32f407/f407-boot/app/lwip-2.1.2/src/core/tcp_in.o
 .text.tcp_input_delayed_close
                0x0800f2e0       0x3c E:/4project/stm32f407/f407-boot/app/lwip-2.1.2/src/core/tcp_in.o
 .text.tcp_free_acked_segments.isra.0
                0x0800f31c       0x70 E:/4project/stm32f407/f407-boot/app/lwip-2.1.2/src/core/tcp_in.o
 .text.tcp_receive
                0x0800f38c      0x3fc E:/4project/stm32f407/f407-boot/app/lwip-2.1.2/src/core/tcp_in.o
 .text.tcp_input
                0x0800f788      0xa10 E:/4project/stm32f407/f407-boot/app/lwip-2.1.2/src/core/tcp_in.o
                0x0800f788                tcp_input
 .text.tcp_trigger_input_pcb_close
                0x08010198       0x10 E:/4project/stm32f407/f407-boot/app/lwip-2.1.2/src/core/tcp_in.o
                0x08010198                tcp_trigger_input_pcb_close
 .text.tcp_pbuf_prealloc
                0x080101a8       0x52 E:/4project/stm32f407/f407-boot/app/lwip-2.1.2/src/core/tcp_out.o
 *fill*         0x080101fa        0x2 
 .text.tcp_create_segment
                0x080101fc       0xb4 E:/4project/stm32f407/f407-boot/app/lwip-2.1.2/src/core/tcp_out.o
 .text.tcp_output_alloc_header_common.constprop.0
                0x080102b0       0x62 E:/4project/stm32f407/f407-boot/app/lwip-2.1.2/src/core/tcp_out.o
 .text.tcp_output_alloc_header.constprop.0
                0x08010312       0x26 E:/4project/stm32f407/f407-boot/app/lwip-2.1.2/src/core/tcp_out.o
 .text.tcp_output_control_segment
                0x08010338       0x7c E:/4project/stm32f407/f407-boot/app/lwip-2.1.2/src/core/tcp_out.o
 .text.tcp_write
                0x080103b4      0x3ac E:/4project/stm32f407/f407-boot/app/lwip-2.1.2/src/core/tcp_out.o
                0x080103b4                tcp_write
 .text.tcp_split_unsent_seg
                0x08010760      0x148 E:/4project/stm32f407/f407-boot/app/lwip-2.1.2/src/core/tcp_out.o
                0x08010760                tcp_split_unsent_seg
 .text.tcp_enqueue_flags
                0x080108a8       0x90 E:/4project/stm32f407/f407-boot/app/lwip-2.1.2/src/core/tcp_out.o
                0x080108a8                tcp_enqueue_flags
 .text.tcp_send_fin
                0x08010938       0x44 E:/4project/stm32f407/f407-boot/app/lwip-2.1.2/src/core/tcp_out.o
                0x08010938                tcp_send_fin
 .text.tcp_rexmit_rto_prepare
                0x0801097c       0x6a E:/4project/stm32f407/f407-boot/app/lwip-2.1.2/src/core/tcp_out.o
                0x0801097c                tcp_rexmit_rto_prepare
 .text.tcp_rexmit
                0x080109e6       0x64 E:/4project/stm32f407/f407-boot/app/lwip-2.1.2/src/core/tcp_out.o
                0x080109e6                tcp_rexmit
 .text.tcp_rexmit_fast
                0x08010a4a       0x50 E:/4project/stm32f407/f407-boot/app/lwip-2.1.2/src/core/tcp_out.o
                0x08010a4a                tcp_rexmit_fast
 .text.tcp_rst  0x08010a9a       0x50 E:/4project/stm32f407/f407-boot/app/lwip-2.1.2/src/core/tcp_out.o
                0x08010a9a                tcp_rst
 .text.tcp_send_empty_ack
                0x08010aea       0x40 E:/4project/stm32f407/f407-boot/app/lwip-2.1.2/src/core/tcp_out.o
                0x08010aea                tcp_send_empty_ack
 *fill*         0x08010b2a        0x2 
 .text.tcp_output
                0x08010b2c      0x2f8 E:/4project/stm32f407/f407-boot/app/lwip-2.1.2/src/core/tcp_out.o
                0x08010b2c                tcp_output
 .text.tcp_rexmit_rto_commit
                0x08010e24       0x12 E:/4project/stm32f407/f407-boot/app/lwip-2.1.2/src/core/tcp_out.o
                0x08010e24                tcp_rexmit_rto_commit
 .text.tcp_rexmit_rto
                0x08010e36       0x16 E:/4project/stm32f407/f407-boot/app/lwip-2.1.2/src/core/tcp_out.o
                0x08010e36                tcp_rexmit_rto
 .text.tcp_keepalive
                0x08010e4c       0x2e E:/4project/stm32f407/f407-boot/app/lwip-2.1.2/src/core/tcp_out.o
                0x08010e4c                tcp_keepalive
 .text.tcp_zero_window_probe
                0x08010e7a       0xa4 E:/4project/stm32f407/f407-boot/app/lwip-2.1.2/src/core/tcp_out.o
                0x08010e7a                tcp_zero_window_probe
 *fill*         0x08010f1e        0x2 
 .text.sys_timeout_abs
                0x08010f20       0x48 E:/4project/stm32f407/f407-boot/app/lwip-2.1.2/src/core/timeouts.o
 .text.lwip_cyclic_timer
                0x08010f68       0x34 E:/4project/stm32f407/f407-boot/app/lwip-2.1.2/src/core/timeouts.o
 .text.sys_timeout
                0x08010f9c       0x1a E:/4project/stm32f407/f407-boot/app/lwip-2.1.2/src/core/timeouts.o
                0x08010f9c                sys_timeout
 *fill*         0x08010fb6        0x2 
 .text.tcp_timer_needed
                0x08010fb8       0x34 E:/4project/stm32f407/f407-boot/app/lwip-2.1.2/src/core/timeouts.o
                0x08010fb8                tcp_timer_needed
 .text.tcpip_tcp_timer
                0x08010fec       0x38 E:/4project/stm32f407/f407-boot/app/lwip-2.1.2/src/core/timeouts.o
 .text.sys_timeouts_init
                0x08011024       0x24 E:/4project/stm32f407/f407-boot/app/lwip-2.1.2/src/core/timeouts.o
                0x08011024                sys_timeouts_init
 .text.sys_untimeout
                0x08011048       0x3c E:/4project/stm32f407/f407-boot/app/lwip-2.1.2/src/core/timeouts.o
                0x08011048                sys_untimeout
 .text.sys_check_timeouts
                0x08011084       0x44 E:/4project/stm32f407/f407-boot/app/lwip-2.1.2/src/core/timeouts.o
                0x08011084                sys_check_timeouts
 .text.sys_timeouts_sleeptime
                0x080110c8       0x24 E:/4project/stm32f407/f407-boot/app/lwip-2.1.2/src/core/timeouts.o
                0x080110c8                sys_timeouts_sleeptime
 .text.udp_init
                0x080110ec        0x2 E:/4project/stm32f407/f407-boot/app/lwip-2.1.2/src/core/udp.o
                0x080110ec                udp_init
 *fill*         0x080110ee        0x2 
 .text.udp_input
                0x080110f0      0x1c4 E:/4project/stm32f407/f407-boot/app/lwip-2.1.2/src/core/udp.o
                0x080110f0                udp_input
 .text.udp_bind
                0x080112b4       0xbc E:/4project/stm32f407/f407-boot/app/lwip-2.1.2/src/core/udp.o
                0x080112b4                udp_bind
 .text.udp_sendto_if_src
                0x08011370       0xfc E:/4project/stm32f407/f407-boot/app/lwip-2.1.2/src/core/udp.o
                0x08011370                udp_sendto_if_src
 .text.udp_sendto_if
                0x0801146c       0x3c E:/4project/stm32f407/f407-boot/app/lwip-2.1.2/src/core/udp.o
                0x0801146c                udp_sendto_if
 .text.udp_sendto
                0x080114a8       0x50 E:/4project/stm32f407/f407-boot/app/lwip-2.1.2/src/core/udp.o
                0x080114a8                udp_sendto
 .text.udp_connect
                0x080114f8       0x50 E:/4project/stm32f407/f407-boot/app/lwip-2.1.2/src/core/udp.o
                0x080114f8                udp_connect
 .text.udp_recv
                0x08011548        0x8 E:/4project/stm32f407/f407-boot/app/lwip-2.1.2/src/core/udp.o
                0x08011548                udp_recv
 .text.udp_remove
                0x08011550       0x34 E:/4project/stm32f407/f407-boot/app/lwip-2.1.2/src/core/udp.o
                0x08011550                udp_remove
 .text.udp_new  0x08011584       0x1c E:/4project/stm32f407/f407-boot/app/lwip-2.1.2/src/core/udp.o
                0x08011584                udp_new
 .text.udp_new_ip_type
                0x080115a0        0x4 E:/4project/stm32f407/f407-boot/app/lwip-2.1.2/src/core/udp.o
                0x080115a0                udp_new_ip_type
 .text.udp_netif_ip_addr_changed
                0x080115a4       0x2c E:/4project/stm32f407/f407-boot/app/lwip-2.1.2/src/core/udp.o
                0x080115a4                udp_netif_ip_addr_changed
 .text.ethernet_input
                0x080115d0       0xbc E:/4project/stm32f407/f407-boot/app/lwip-2.1.2/src/netif/ethernet.o
                0x080115d0                ethernet_input
 .text.ethernet_output
                0x0801168c       0x58 E:/4project/stm32f407/f407-boot/app/lwip-2.1.2/src/netif/ethernet.o
                0x0801168c                ethernet_output
 .text.ETH_DeInit
                0x080116e4       0x1a E:/4project/stm32f407/f407-boot/app/User/bsp/eth/stm32f4x7_eth.o
                0x080116e4                ETH_DeInit
 .text.ETH_StructInit
                0x080116fe       0x90 E:/4project/stm32f407/f407-boot/app/User/bsp/eth/stm32f4x7_eth.o
                0x080116fe                ETH_StructInit
 *fill*         0x0801178e        0x2 
 .text.ETH_MACTransmissionCmd
                0x08011790       0x30 E:/4project/stm32f407/f407-boot/app/User/bsp/eth/stm32f4x7_eth.o
                0x08011790                ETH_MACTransmissionCmd
 .text.ETH_MACReceptionCmd
                0x080117c0       0x30 E:/4project/stm32f407/f407-boot/app/User/bsp/eth/stm32f4x7_eth.o
                0x080117c0                ETH_MACReceptionCmd
 .text.ETH_MACAddressConfig
                0x080117f0       0x14 E:/4project/stm32f407/f407-boot/app/User/bsp/eth/stm32f4x7_eth.o
                0x080117f0                ETH_MACAddressConfig
 .text.ETH_Get_Received_Frame
                0x08011804       0x2c E:/4project/stm32f407/f407-boot/app/User/bsp/eth/stm32f4x7_eth.o
                0x08011804                ETH_Get_Received_Frame
 .text.ETH_Prepare_Transmit_Descriptors
                0x08011830       0xa8 E:/4project/stm32f407/f407-boot/app/User/bsp/eth/stm32f4x7_eth.o
                0x08011830                ETH_Prepare_Transmit_Descriptors
 .text.ETH_DMARxDescChainInit
                0x080118d8       0x60 E:/4project/stm32f407/f407-boot/app/User/bsp/eth/stm32f4x7_eth.o
                0x080118d8                ETH_DMARxDescChainInit
 .text.ETH_CheckFrameReceived
                0x08011938       0x94 E:/4project/stm32f407/f407-boot/app/User/bsp/eth/stm32f4x7_eth.o
                0x08011938                ETH_CheckFrameReceived
 .text.ETH_DMATxDescChainInit
                0x080119cc       0x48 E:/4project/stm32f407/f407-boot/app/User/bsp/eth/stm32f4x7_eth.o
                0x080119cc                ETH_DMATxDescChainInit
 .text.ETH_SoftwareReset
                0x08011a14       0x10 E:/4project/stm32f407/f407-boot/app/User/bsp/eth/stm32f4x7_eth.o
                0x08011a14                ETH_SoftwareReset
 .text.ETH_GetSoftwareResetStatus
                0x08011a24       0x10 E:/4project/stm32f407/f407-boot/app/User/bsp/eth/stm32f4x7_eth.o
                0x08011a24                ETH_GetSoftwareResetStatus
 .text.ETH_FlushTransmitFIFO
                0x08011a34       0x28 E:/4project/stm32f407/f407-boot/app/User/bsp/eth/stm32f4x7_eth.o
                0x08011a34                ETH_FlushTransmitFIFO
 .text.ETH_Start
                0x08011a5c       0x2c E:/4project/stm32f407/f407-boot/app/User/bsp/eth/stm32f4x7_eth.o
                0x08011a5c                ETH_Start
 .text.ETH_DMATransmissionCmd
                0x08011a88       0x18 E:/4project/stm32f407/f407-boot/app/User/bsp/eth/stm32f4x7_eth.o
                0x08011a88                ETH_DMATransmissionCmd
 .text.ETH_DMAReceptionCmd
                0x08011aa0       0x18 E:/4project/stm32f407/f407-boot/app/User/bsp/eth/stm32f4x7_eth.o
                0x08011aa0                ETH_DMAReceptionCmd
 .text.ETH_Stop
                0x08011ab8       0x1e E:/4project/stm32f407/f407-boot/app/User/bsp/eth/stm32f4x7_eth.o
                0x08011ab8                ETH_Stop
 *fill*         0x08011ad6        0x2 
 .text.ETH_ReadPHYRegister